Component: ARM Compiler 5.06 update 6 (build 750) Tool: armlink [4d35ed]

==============================================================================

Section Cross References

    stm32f1xx_it.o(i.ADC1_2_IRQHandler) refers to stm32f1xx_hal_adc.o(i.HAL_ADC_IRQHandler) for HAL_ADC_IRQHandler
    stm32f1xx_it.o(i.ADC1_2_IRQHandler) refers to adc.o(.bss) for hadc1
    stm32f1xx_it.o(i.CAN1_RX0_IRQHandler) refers to stm32f1xx_hal_can.o(i.HAL_CAN_IRQHandler) for HAL_CAN_IRQHandler
    stm32f1xx_it.o(i.CAN1_RX0_IRQHandler) refers to can.o(.bss) for hcan1
    stm32f1xx_it.o(i.CAN1_RX1_IRQHandler) refers to stm32f1xx_hal_can.o(i.HAL_CAN_IRQHandler) for HAL_CAN_IRQHandler
    stm32f1xx_it.o(i.CAN1_RX1_IRQHandler) refers to can.o(.bss) for hcan1
    stm32f1xx_it.o(i.CAN2_RX0_IRQHandler) refers to stm32f1xx_hal_can.o(i.HAL_CAN_IRQHandler) for HAL_CAN_IRQHandler
    stm32f1xx_it.o(i.CAN2_RX0_IRQHandler) refers to can.o(.bss) for hcan2
    stm32f1xx_it.o(i.CAN2_RX1_IRQHandler) refers to stm32f1xx_hal_can.o(i.HAL_CAN_IRQHandler) for HAL_CAN_IRQHandler
    stm32f1xx_it.o(i.CAN2_RX1_IRQHandler) refers to can.o(.bss) for hcan2
    stm32f1xx_it.o(i.DMA1_Channel1_IRQHandler) refers to stm32f1xx_hal_dma.o(i.HAL_DMA_IRQHandler) for HAL_DMA_IRQHandler
    stm32f1xx_it.o(i.DMA1_Channel1_IRQHandler) refers to adc.o(.bss) for hdma_adc1
    stm32f1xx_it.o(i.DMA1_Channel5_IRQHandler) refers to stm32f1xx_hal_dma.o(i.HAL_DMA_IRQHandler) for HAL_DMA_IRQHandler
    stm32f1xx_it.o(i.DMA1_Channel5_IRQHandler) refers to spi.o(.bss) for hdma_spi2_tx
    stm32f1xx_it.o(i.SPI1_IRQHandler) refers to stm32f1xx_hal_spi.o(i.HAL_SPI_IRQHandler) for HAL_SPI_IRQHandler
    stm32f1xx_it.o(i.SPI1_IRQHandler) refers to spi.o(.bss) for hspi1
    stm32f1xx_it.o(i.SysTick_Handler) refers to stm32f1xx_hal.o(i.HAL_IncTick) for HAL_IncTick
    stm32f1xx_it.o(i.SysTick_Handler) refers to stm32f1xx_hal_cortex.o(i.HAL_SYSTICK_IRQHandler) for HAL_SYSTICK_IRQHandler
    stm32f1xx_it.o(i.TIM1_CC_IRQHandler) refers to stm32f1xx_hal_tim.o(i.HAL_TIM_IRQHandler) for HAL_TIM_IRQHandler
    stm32f1xx_it.o(i.TIM1_CC_IRQHandler) refers to tim.o(.bss) for htim1
    stm32f1xx_it.o(i.TIM6_IRQHandler) refers to stm32f1xx_hal_tim.o(i.HAL_TIM_IRQHandler) for HAL_TIM_IRQHandler
    stm32f1xx_it.o(i.TIM6_IRQHandler) refers to tim.o(.bss) for htim6
    stm32f1xx_it.o(i.UART4_IRQHandler) refers to stm32f1xx_hal_uart.o(i.HAL_UART_IRQHandler) for HAL_UART_IRQHandler
    stm32f1xx_it.o(i.UART4_IRQHandler) refers to usart.o(.bss) for huart4
    stm32f1xx_it.o(i.UART5_IRQHandler) refers to stm32f1xx_hal_uart.o(i.HAL_UART_IRQHandler) for HAL_UART_IRQHandler
    stm32f1xx_it.o(i.UART5_IRQHandler) refers to usart.o(.bss) for huart5
    stm32f1xx_it.o(i.USART1_IRQHandler) refers to stm32f1xx_hal_uart.o(i.HAL_UART_IRQHandler) for HAL_UART_IRQHandler
    stm32f1xx_it.o(i.USART1_IRQHandler) refers to usart.o(.bss) for huart1
    stm32f1xx_it.o(i.USART2_IRQHandler) refers to stm32f1xx_hal_uart.o(i.HAL_UART_IRQHandler) for HAL_UART_IRQHandler
    stm32f1xx_it.o(i.USART2_IRQHandler) refers to usart.o(.bss) for huart2
    system_stm32f1xx.o(i.SystemCoreClockUpdate) refers to system_stm32f1xx.o(.data) for SystemCoreClock
    system_stm32f1xx.o(i.SystemCoreClockUpdate) refers to system_stm32f1xx.o(.constdata) for AHBPrescTable
    main.o(i.main) refers to os.o(i.OS_Start) for OS_Start
    std_authm.o(i.AUTHM_10msMainFunction) refers to std_sysm.o(i.SYSM_GetResetPrepareStatus) for SYSM_GetResetPrepareStatus
    std_authm.o(i.AUTHM_10msMainFunction) refers to std_authm.o(i.AUTHM_UnauthorizedModeHandle) for AUTHM_UnauthorizedModeHandle
    std_authm.o(i.AUTHM_10msMainFunction) refers to std_authm.o(i.AUTHM_AuthorizedModeHandle) for AUTHM_AuthorizedModeHandle
    std_authm.o(i.AUTHM_10msMainFunction) refers to std_authm.o(i.AUTHM_ReqChargeModeHandle) for AUTHM_ReqChargeModeHandle
    std_authm.o(i.AUTHM_10msMainFunction) refers to std_authm.o(i.AUTHM_ChargingModeHandle) for AUTHM_ChargingModeHandle
    std_authm.o(i.AUTHM_10msMainFunction) refers to std_authm.o(i.AUTHM_EvseStatusManage) for AUTHM_EvseStatusManage
    std_authm.o(i.AUTHM_10msMainFunction) refers to std_authm.o(.bss) for gv_stAuthM
    std_authm.o(i.AUTHM_AppResetReqChargeStatus) refers to std_authm.o(.bss) for gv_stAuthM
    std_authm.o(i.AUTHM_AppSetReqChargeStatus) refers to std_authm.o(.bss) for gv_stAuthM
    std_authm.o(i.AUTHM_AuthorizedModeHandle) refers to cpvolt.o(i.CPV_GetCpVoltStatus) for CPV_GetCpVoltStatus
    std_authm.o(i.AUTHM_AuthorizedModeHandle) refers to std_logservice.o(i.LogService_Get_Module_Name) for LogService_Get_Module_Name
    std_authm.o(i.AUTHM_AuthorizedModeHandle) refers to std_logservice.o(i.LogDebug_Ex) for LogDebug_Ex
    std_authm.o(i.AUTHM_AuthorizedModeHandle) refers to std_authm.o(i.AUTHM_ReqAuthStop) for AUTHM_ReqAuthStop
    std_authm.o(i.AUTHM_AuthorizedModeHandle) refers to std_authm.o(.bss) for gv_stAuthM
[...]
    CCP_Active_Page                          0x200001ed   Data           1  ccp.o(.data)
    CCP_CheckSumSize                         0x200001f0   Data           4  ccp.o(.data)
    CCP_Checksum_Flag                        0x200001f4   Data           1  ccp.o(.data)
    CCP_DAQ_PDU_Data_Buffer_Empty            0x200001f5   Data           1  ccp.o(.data)
    CCP_DAQ_PDU_Data_Buffer_Used             0x200001f6   Data           1  ccp.o(.data)
    CCP_DAQ_List_Ptr                         0x200001f7   Data           1  ccp.o(.data)
    CCP_DAQ_ODT_Ptr                          0x200001f8   Data           1  ccp.o(.data)
    CCP_DAQ_Element_Ptr                      0x200001f9   Data           1  ccp.o(.data)
    Ccp_DAQ_st                               0x200001fa   Data           1  ccp.o(.data)
    CCP_Tx_Busy                              0x200001fb   Data           1  ccp.o(.data)
    test_flag                                0x200001fc   Data           1  ccp.o(.data)
    dummy                                    0x200001fd   Data           1  ccp.o(.data)
    DAQ_PDU_Data                             0x200001fe   Data           8  ccp.o(.data)
    ccp_DAQ_queue_pop_enable                 0x2000020c   Data           1  ccp_daq_tx_queue.o(.data)
    fun                                      0x20000210   Data          56  ex_fun.o(.data)
    AdcHardWareTriggerBuffer                 0x20000290   Data          28  mcal_adc_cfg.o(.bss)
    hadc1                                    0x200002ac   Data          48  adc.o(.bss)
    hadc2                                    0x200002dc   Data          48  adc.o(.bss)
    hdma_adc1                                0x2000030c   Data          68  adc.o(.bss)
    htim1                                    0x20000350   Data          72  tim.o(.bss)
    htim6                                    0x20000398   Data          72  tim.o(.bss)
    McalUsart_Ctrl                           0x200023e0   Data        8288  mcal_usart_cfg.o(.bss)
    huart4                                   0x20004440   Data          72  usart.o(.bss)
    huart5                                   0x20004488   Data          72  usart.o(.bss)
    huart1                                   0x200044d0   Data          72  usart.o(.bss)
    huart2                                   0x20004518   Data          72  usart.o(.bss)
    SchedulerTaskData                        0x2000459c   Data          48  scheduletable.o(.bss)
    gv_stCycBufArry                          0x200045e4   Data         320  std_cycbuf.o(.bss)
    Mcal_CanCtrl                             0x20004ca0   Data         572  mcal_can_cfg.o(.bss)
    hcan1                                    0x20004edc   Data          40  can.o(.bss)
    hcan2                                    0x20004f04   Data          40  can.o(.bss)
    hspi1                                    0x20004f2c   Data          88  spi.o(.bss)
    hspi2                                    0x20004f84   Data          88  spi.o(.bss)
    hdma_spi2_tx                             0x20004fdc   Data          68  spi.o(.bss)
    ccp_can                                  0x20005030   Data          16  ccp.o(.bss)
    CCP_DAQ_Flag                             0x200050f8   Data          15  ccp.o(.bss)
    CCP_DAQ_ODT_Used                         0x20005107   Data         150  ccp.o(.bss)
    CCP_DAQ_Prescaler                        0x2000519e   Data          10  ccp.o(.bss)
    CCP_DAQ_PDU_Data_Buffer                  0x200051a8   Data        1200  ccp.o(.bss)
    CCP_ODT                                  0x20005658   Data        4200  ccp.o(.bss)
    ccp_DAQ_tx_queue                         0x200066c0   Data        1350  ccp_daq_tx_queue.o(.bss)
    ccp_DAQ_queue_idx                        0x20006c08   Data          12  ccp_daq_tx_queue.o(.bss)
    __libspace_start                         0x20006e58   Data          96  libspace.o(.bss)
    __temporary_stack_top$libspace           0x20006eb8   Data           0  libspace.o(.bss)



==============================================================================

Memory Map of the image

  Image Entry point : 0x080002d9

  Load Region LR_1 (Base: 0x08000000, Size: 0x0000f61c, Max: 0xffffffff, ABSOLUTE, COMPRESSED[0x0000f4b0])

    Execution Region ER_RO (Exec base: 0x08000000, Load base: 0x08000000, Size: 0x0000f3b0, Max: 0xffffffff, ABSOLUTE)

    Exec Addr    Load Addr    Size         Type   Attr      Idx    E Section Name        Object

    0x08000000   0x08000000   0x00000150   Data   RO         5167    RESET               startup_stm32f107xc.o
    0x08000150   0x08000150   0x00000008   Code   RO         8062  * !!!main             c_w.l(__main.o)
    0x08000158   0x08000158   0x00000034   Code   RO         8400    !!!scatter          c_w.l(__scatter.o)
    0x0800018c   0x0800018c   0x0000005a   Code   RO         8398    !!dczerorl2         c_w.l(__dczerorl2.o)
    0x080001e6   0x080001e6   0x00000002   PAD
    0x080001e8   0x080001e8   0x0000001c   Code   RO         8402    !!handler_zi        c_w.l(__scatter_zi.o)
    0x08000204   0x08000204   0x00000000   Code   RO         8055    .ARM.Collect$$_printf_percent$$00000000  c_w.l(_printf_percent.o)
    0x08000204   0x08000204   0x00000006   Code   RO         8140    .ARM.Collect$$_printf_percent$$00000001  c_w.l(_printf_n.o)
    0x0800020a   0x0800020a   0x00000006   Code   RO         8141    .ARM.Collect$$_printf_percent$$00000002  c_w.l(_printf_p.o)
    0x08000210   0x08000210   0x00000006   Code   RO         8146    .ARM.Collect$$_printf_percent$$00000003  c_w.l(_printf_f.o)
    0x08000216   0x08000216   0x00000006   Code   RO         8147    .ARM.Collect$$_printf_percent$$00000004  c_w.l(_printf_e.o)
    0x0800021c   0x0800021c   0x00000006   Code   RO         8148    .ARM.Collect$$_printf_percent$$00000005  c_w.l(_printf_g.o)
    0x08000222   0x08000222   0x00000006   Code   RO         8149    .ARM.Collect$$_printf_percent$$00000006  c_w.l(_printf_a.o)
    0x08000228   0x08000228   0x0000000a   Code   RO         8154    .ARM.Collect$$_printf_percent$$00000007  c_w.l(_printf_ll.o)
    0x08000232   0x08000232   0x00000006   Code   RO         8143    .ARM.Collect$$_printf_percent$$00000008  c_w.l(_printf_i.o)
    0x08000238   0x08000238   0x00000006   Code   RO         8144    .ARM.Collect$$_printf_percent$$00000009  c_w.l(_printf_d.o)
    0x0800023e   0x0800023e   0x00000006   Code   RO         8145    .ARM.Collect$$_printf_percent$$0000000A  c_w.l(_printf_u.o)
    0x08000244   0x08000244   0x00000006   Code   RO         8142    .ARM.Collect$$_printf_percent$$0000000B  c_w.l(_printf_o.o)
    0x0800024a   0x0800024a   0x00000006   Code   RO         8054    .ARM.Collect$$_printf_percent$$0000000C  c_w.l(_printf_x.o)
    0x08000250   0x08000250   0x00000006   Code   RO         8151    .ARM.Collect$$_printf_percent$$0000000D  c_w.l(_printf_lli.o)
    0x08000256   0x08000256   0x00000006   Code   RO         8152    .ARM.Collect$$_printf_percent$$0000000E  c_w.l(_printf_lld.o)
    0x0800025c   0x0800025c   0x00000006   Code   RO         8153    .ARM.Collect$$_printf_percent$$0000000F  c_w.l(_printf_llu.o)
    0x08000262   0x08000262   0x00000006   Code   RO         8158    .ARM.Collect$$_printf_percent$$00000010  c_w.l(_printf_llo.o)
    0x08000268   0x08000268   0x00000006   Code   RO         8159    .ARM.Collect$$_printf_percent$$00000011  c_w.l(_printf_llx.o)
    0x0800026e   0x0800026e   0x0000000a   Code   RO         8155    .ARM.Collect$$_printf_percent$$00000012  c_w.l(_printf_l.o)
    0x08000278   0x08000278   0x00000006   Code   RO         8138    .ARM.Collect$$_printf_percent$$00000013  c_w.l(_printf_c.o)
    0x0800027e   0x0800027e   0x00000006   Code   RO         8139    .ARM.Collect$$_printf_percent$$00000014  c_w.l(_printf_s.o)
    0x08000284   0x08000284   0x00000006   Code   RO         8156    .ARM.Collect$$_printf_percent$$00000015  c_w.l(_printf_lc.o)
    0x0800028a   0x0800028a   0x00000006   Code   RO         8157    .ARM.Collect$$_printf_percent$$00000016  c_w.l(_printf_ls.o)
    0x08000290   0x08000290   0x00000004   Code   RO         8150    .ARM.Collect$$_printf_percent$$00000017  c_w.l(_printf_percent_end.o)
    0x08000294   0x08000294   0x00000002   Code   RO         8259    .ARM.Collect$$libinit$$00000000  c_w.l(libinit.o)
    0x08000296   0x08000296   0x00000000   Code   RO         8281    .ARM.Collect$$libinit$$00000002  c_w.l(libinit2.o)
    0x08000296   0x08000296   0x00000000   Code   RO         8283    .ARM.Collect$$libinit$$00000004  c_w.l(libinit2.o)
    0x08000296   0x08000296   0x00000000   Code   RO         8286    .ARM.Collect$$libinit$$0000000A  c_w.l(libinit2.o)
    0x08000296   0x08000296   0x00000000   Code   RO         8288    .ARM.Collect$$libinit$$0000000C  c_w.l(libinit2.o)
    0x08000296   0x08000296   0x00000000   Code   RO         8290    .ARM.Collect$$libinit$$0000000E  c_w.l(libinit2.o)
    0x08000296   0x08000296   0x00000006   Code   RO         8291    .ARM.Collect$$libinit$$0000000F  c_w.l(libinit2.o)
    0x0800029c   0x0800029c   0x00000000   Code   RO         8293    .ARM.Collect$$libinit$$00000011  c_w.l(libinit2.o)
    0x0800029c   0x0800029c   0x0000000c   Code   RO         8294    .ARM.Collect$$libinit$$00000012  c_w.l(libinit2.o)
    0x080002a8   0x080002a8   0x00000000   Code   RO         8295    .ARM.Collect$$libinit$$00000013  c_w.l(libinit2.o)
    0x080002a8   0x080002a8   0x00000000   Code   RO         8297    .ARM.Collect$$libinit$$00000015  c_w.l(libinit2.o)
    0x080002a8   0x080002a8   0x0000000a   Code   RO         8298    .ARM.Collect$$libinit$$00000016  c_w.l(libinit2.o)
    0x080002b2   0x080002b2   0x00000000   Code   RO         8299    .ARM.Collect$$libinit$$00000017  c_w.l(libinit2.o)
    0x080002b2   0x080002b2   0x00000000   Code   RO         8301    .ARM.Collect$$libinit$$00000019  c_w.l(libinit2.o)
    0x080002b2   0x080002b2   0x00000000   Code   RO         8303    .ARM.Collect$$libinit$$0000001B  c_w.l(libinit2.o)
    0x080002b2   0x080002b2   0x00000000   Code   RO         8305    .ARM.Collect$$libinit$$0000001D  c_w.l(libinit2.o)
    0x080002b2   0x080002b2   0x00000000   Code   RO         8307    .ARM.Collect$$libinit$$0000001F  c_w.l(libinit2.o)
    0x080002b2   0x080002b2   0x00000000   Code   RO         8309    .ARM.Collect$$libinit$$00000021  c_w.l(libinit2.o)
    0x080002b2   0x080002b2   0x00000000   Code   RO         8311    .ARM.Collect$$libinit$$00000023  c_w.l(libinit2.o)
    0x080002b2   0x080002b2   0x00000000   Code   RO         8313    .ARM.Collect$$libinit$$00000025  c_w.l(libinit2.o)
    0x080002b2   0x080002b2   0x00000000   Code   RO         8317    .ARM.Collect$$libinit$$0000002C  c_w.l(libinit2.o)
    0x080002b2   0x080002b2   0x00000000   Code   RO         8319    .ARM.Collect$$libinit$$0000002E  c_w.l(libinit2.o)
    0x080002b2   0x080002b2   0x00000000   Code   RO         8321    .ARM.Collect$$libinit$$00000030  c_w.l(libinit2.o)
    0x080002b2   0x080002b2   0x00000000   Code   RO         8323    .ARM.Collect$$libinit$$00000032  c_w.l(libinit2.o)
    0x080002b2   0x080002b2   0x00000002   Code   RO         8324    .ARM.Collect$$libinit$$00000033  c_w.l(libinit2.o)
    0x080002b4   0x080002b4   0x00000002   Code   RO         8355    .ARM.Collect$$libshutdown$$00000000  c_w.l(libshutdown.o)
    0x080002b6   0x080002b6   0x00000000   Code   RO         8381    .ARM.Collect$$libshutdown$$00000002  c_w.l(libshutdown2.o)
    0x080002b6   0x080002b6   0x00000000   Code   RO         8383    .ARM.Collect$$libshutdown$$00000004  c_w.l(libshutdown2.o)
    0x080002b6   0x080002b6   0x00000000   Code   RO         8386    .ARM.Collect$$libshutdown$$00000007  c_w.l(libshutdown2.o)
    0x080002b6   0x080002b6   0x00000000   Code   RO         8389    .ARM.Collect$$libshutdown$$0000000A  c_w.l(libshutdown2.o)
    0x080002b6   0x080002b6   0x00000000   Code   RO         8391    .ARM.Collect$$libshutdown$$0000000C  c_w.l(libshutdown2.o)
    0x080002b6   0x080002b6   0x00000000   Code   RO         8394    .ARM.Collect$$libshutdown$$0000000F  c_w.l(libshutdown2.o)
    0x080002b6   0x080002b6   0x00000002   Code   RO         8395    .ARM.Collect$$libshutdown$$00000010  c_w.l(libshutdown2.o)
    0x080002b8   0x080002b8   0x00000000   Code   RO         8108    .ARM.Collect$$rtentry$$00000000  c_w.l(__rtentry.o)
    0x080002b8   0x080002b8   0x00000000   Code   RO         8178    .ARM.Collect$$rtentry$$00000002  c_w.l(__rtentry2.o)
    0x080002b8   0x080002b8   0x00000006   Code   RO         8190    .ARM.Collect$$rtentry$$00000004  c_w.l(__rtentry4.o)
    0x080002be   0x080002be   0x00000000   Code   RO         8180    .ARM.Collect$$rtentry$$00000009  c_w.l(__rtentry2.o)
    0x080002be   0x080002be   0x00000004   Code   RO         8181    .ARM.Collect$$rtentry$$0000000A  c_w.l(__rtentry2.o)
    0x080002c2   0x080002c2   0x00000000   Code   RO         8183    .ARM.Collect$$rtentry$$0000000C  c_w.l(__rtentry2.o)
    0x080002c2   0x080002c2   0x00000008   Code   RO         8184    .ARM.Collect$$rtentry$$0000000D  c_w.l(__rtentry2.o)
    0x080002ca   0x080002ca   0x00000002   Code   RO         8267    .ARM.Collect$$rtexit$$00000000  c_w.l(rtexit.o)
    0x080002cc   0x080002cc   0x00000000   Code   RO         8328    .ARM.Collect$$rtexit$$00000002  c_w.l(rtexit2.o)
    0x080002cc   0x080002cc   0x00000004   Code   RO         8329    .ARM.Collect$$rtexit$$00000003  c_w.l(rtexit2.o)
    0x080002d0   0x080002d0   0x00000006   Code   RO         8330    .ARM.Collect$$rtexit$$00000004  c_w.l(rtexit2.o)
    0x080002d6   0x080002d6   0x00000002   PAD
    0x080002d8   0x080002d8   0x00000040   Code   RO         5168  * .text               startup_stm32f107xc.o
    0x08000318   0x08000318   0x000000ee   Code   RO         7997    .text               c_w.l(lludivv7m.o)
    0x08000406   0x08000406   0x00000026   Code   RO         7999    .text               c_w.l(llshl.o)
    0x0800042c   0x0800042c   0x00000026   Code   RO         8001    .text               c_w.l(llushr.o)
    0x08000452   0x08000452   0x00000002   PAD
    0x08000454   0x08000454   0x00000024   Code   RO         8003    .text               c_w.l(vsprintf.o)
    0x08000478   0x08000478   0x0000002c   Code   RO         8005    .text               c_w.l(__2sprintf.o)
    0x080004a4   0x080004a4   0x0000004e   Code   RO         8011    .text               c_w.l(_printf_pad.o)
    0x080004f2   0x080004f2   0x00000002   PAD
    0x080004f4   0x080004f4   0x00000094   Code   RO         8031    .text               c_w.l(_printf_hex_int_ll_ptr.o)
    0x08000588   0x08000588   0x00000188   Code   RO         8051    .text               c_w.l(__printf_flags_ss_wp.o)
    0x08000710   0x08000710   0x00000044   Code   RO         8056    .text               c_w.l(rt_memclr.o)
    0x08000754   0x08000754   0x0000004e   Code   RO         8058    .text               c_w.l(rt_memclr_w.o)
    0x080007a2   0x080007a2   0x00000006   Code   RO         8060    .text               c_w.l(heapauxi.o)
    0x080007a8   0x080007a8   0x00000024   Code   RO         8113    .text               c_w.l(_printf_truncate.o)
    0x080007cc   0x080007cc   0x00000052   Code   RO         8115    .text               c_w.l(_printf_str.o)
    0x0800081e   0x0800081e   0x000000b2   Code   RO         8117    .text               c_w.l(_printf_intcommon.o)
    0x080008d0   0x080008d0   0x00000078   Code   RO         8119    .text               c_w.l(_printf_dec.o)
    0x08000948   0x08000948   0x00000028   Code   RO         8121    .text               c_w.l(_printf_charcount.o)
    0x08000970   0x08000970   0x00000030   Code   RO         8123    .text               c_w.l(_printf_char_common.o)
    0x080009a0   0x080009a0   0x0000000a   Code   RO         8125    .text               c_w.l(_sputc.o)
    0x080009aa   0x080009aa   0x00000002   PAD
    0x080009ac   0x080009ac   0x000000bc   Code   RO         8127    .text               c_w.l(_printf_wctomb.o)
    0x08000a68   0x08000a68   0x0000007c   Code   RO         8130    .text               c_w.l(_printf_longlong_dec.o)
    0x08000ae4   0x08000ae4   0x00000070   Code   RO         8136    .text               c_w.l(_printf_oct_int_ll.o)
    0x08000b54   0x08000b54   0x0000008a   Code   RO         8194    .text               c_w.l(lludiv10.o)
    0x08000bde   0x08000bde   0x0000041e   Code   RO         8196    .text               c_w.l(_printf_fp_dec.o)
    0x08000ffc   0x08000ffc   0x000002fc   Code   RO         8198    .text               c_w.l(_printf_fp_hex.o)
    0x080012f8   0x080012f8   0x0000002c   Code   RO         8203    .text               c_w.l(_printf_char.o)
    0x08001324   0x08001324   0x0000002c   Code   RO         8205    .text               c_w.l(_printf_wchar.o)
    0x08001350   0x08001350   0x00000040   Code   RO         8207    .text               c_w.l(_wcrtomb.o)
    0x08001390   0x08001390   0x0000004a   Code   RO         8209    .text               c_w.l(sys_stackheap_outer.o)
    0x080013da   0x080013da   0x00000002   PAD
    0x080013dc   0x080013dc   0x00000010   Code   RO         8211    .text               c_w.l(rt_ctype_table.o)
    0x080013ec   0x080013ec   0x00000008   Code   RO         8216    .text               c_w.l(rt_locale_intlibspace.o)
    0x080013f4   0x080013f4   0x00000080   Code   RO         8218    .text               c_w.l(_printf_fp_infnan.o)
    0x08001474   0x08001474   0x000000e4   Code   RO         8220    .text               c_w.l(bigflt0.o)
    0x08001558   0x08001558   0x00000012   Code   RO         8248    .text               c_w.l(exit.o)
    0x0800156a   0x0800156a   0x00000002   PAD
    0x0800156c   0x0800156c   0x00000008   Code   RO         8264    .text               c_w.l(libspace.o)
    0x08001574   0x08001574   0x00000080   Code   RO         8278    .text               c_w.l(strcmpv7m.o)
    0x080015f4   0x080015f4   0x0000000c   Code   RO         8325    .text               c_w.l(sys_exit.o)
    0x08001600   0x08001600   0x00000002   Code   RO         8344    .text               c_w.l(use_no_semi.o)
    0x08001602   0x08001602   0x00000000   Code   RO         8346    .text               c_w.l(indicate_semi.o)
    0x08001602   0x08001602   0x0000003e   Code   RO         8223    CL$$btod_d2e        c_w.l(btod.o)
    0x08001640   0x08001640   0x00000046   Code   RO         8225    CL$$btod_d2e_denorm_low  c_w.l(btod.o)
    0x08001686   0x08001686   0x00000060   Code   RO         8224    CL$$btod_d2e_norm_op1  c_w.l(btod.o)
    0x080016e6   0x080016e6   0x00000338   Code   RO         8233    CL$$btod_div_common  c_w.l(btod.o)
    0x08001a1e   0x08001a1e   0x000000dc   Code   RO         8230    CL$$btod_e2e        c_w.l(btod.o)
    0x08001afa   0x08001afa   0x0000002a   Code   RO         8227    CL$$btod_ediv       c_w.l(btod.o)
    0x08001b24   0x08001b24   0x0000002a   Code   RO         8226    CL$$btod_emul       c_w.l(btod.o)
    0x08001b4e   0x08001b4e   0x00000244   Code   RO         8232    CL$$btod_mult_common  c_w.l(btod.o)
    0x08001d92   0x08001d92   0x00000002   PAD
    0x08001d94   0x08001d94   0x00000018   Code   RO            4    i.ADC1_2_IRQHandler  stm32f1xx_it.o
    0x08001dac   0x08001dac   0x0000005c   Code   RO         3937    i.ADC_ConversionStop_Disable  stm32f1xx_hal_adc.o
    0x08001e08   0x08001e08   0x00000052   Code   RO         3938    i.ADC_DMAConvCplt   stm32f1xx_hal_adc.o
    0x08001e5a   0x08001e5a   0x0000001e   Code   RO         3939    i.ADC_DMAError      stm32f1xx_hal_adc.o
    0x08001e78   0x08001e78   0x0000000e   Code   RO         3940    i.ADC_DMAHalfConvCplt  stm32f1xx_hal_adc.o
    0x08001e86   0x08001e86   0x00000002   PAD
    0x08001e88   0x08001e88   0x00000090   Code   RO         3941    i.ADC_Enable        stm32f1xx_hal_adc.o
    0x08001f18   0x08001f18   0x0000006c   Code   RO          516    i.AUTHM_10msMainFunction  std_authm.o
    0x08001f84   0x08001f84   0x000000c0   Code   RO          519    i.AUTHM_AuthorizedModeHandle  std_authm.o
    0x08002044   0x08002044   0x00000038   Code   RO          520    i.AUTHM_ChargingModeHandle  std_authm.o
    0x0800207c   0x0800207c   0x00000060   Code   RO          521    i.AUTHM_EvseStatusManage  std_authm.o
    0x080020dc   0x080020dc   0x0000001e   Code   RO          522    i.AUTHM_GetAllowResAuthReqStatus  std_authm.o
    0x080020fa   0x080020fa   0x00000002   PAD
    0x080020fc   0x080020fc   0x0000002c   Code   RO          525    i.AUTHM_GetCurrAuthStatus  std_authm.o
    0x08002128   0x08002128   0x00000010   Code   RO          526    i.AUTHM_GetReqChargeStatus  std_authm.o
    0x08002138   0x08002138   0x00000014   Code   RO          527    i.AUTHM_InitMemory  std_authm.o
    0x0800214c   0x0800214c   0x00000068   Code   RO          528    i.AUTHM_ReqAuthStop  std_authm.o
    0x080021b4   0x080021b4   0x000000bc   Code   RO          529    i.AUTHM_ReqChargeModeHandle  std_authm.o
    0x08002270   0x08002270   0x0000008c   Code   RO          530    i.AUTHM_UnauthorizedModeHandle  std_authm.o
    0x080022fc   0x080022fc   0x00000004   Code   RO            5    i.BusFault_Handler  stm32f1xx_it.o
    0x08002300   0x08002300   0x00000010   Code   RO            6    i.CAN1_RX0_IRQHandler  stm32f1xx_it.o
    0x08002310   0x08002310   0x00000010   Code   RO            7    i.CAN1_RX1_IRQHandler  stm32f1xx_it.o
    0x08002320   0x08002320   0x00000010   Code   RO            8    i.CAN2_RX0_IRQHandler  stm32f1xx_it.o
    0x08002330   0x08002330   0x00000010   Code   RO            9    i.CAN2_RX1_IRQHandler  stm32f1xx_it.o
    0x08002340   0x08002340   0x00000034   Code   RO         6990    i.CPDRV_GetAdcValue  cpdrvif.o
    0x08002374   0x08002374   0x000000cc   Code   RO         6992    i.CPDRV_SetPwm      cpdrvif.o
    0x08002440   0x08002440   0x0000001c   Code   RO         6993    i.CPDRV_StartAdcCollection  cpdrvif.o
    0x0800245c   0x0800245c   0x0000004c   Code   RO         7048    i.CPD_AdjustCurrentValue  cpduty.o
    0x080024a8   0x080024a8   0x00000074   Code   RO         7050    i.CPD_ConfigCurrentValue  cpduty.o
    0x0800251c   0x0800251c   0x00000056   Code   RO         7051    i.CPD_CurrConvertToDuty  cpduty.o
    0x08002572   0x08002572   0x00000002   PAD
    0x08002574   0x08002574   0x00000050   Code   RO         7054    i.CPD_InitMemory    cpduty.o
    0x080025c4   0x080025c4   0x000001f0   Code   RO         7055    i.CPD_MainFunction  cpduty.o
    0x080027b4   0x080027b4   0x0000003c   Code   RO         7056    i.CPD_Open          cpduty.o
    0x080027f0   0x080027f0   0x00000014   Code   RO         7057    i.CPD_OutputDisable  cpduty.o
    0x08002804   0x08002804   0x00000014   Code   RO         7058    i.CPD_OutputEnable  cpduty.o
    0x08002818   0x08002818   0x00000014   Code   RO         7059    i.CPD_OutputNegative12VDisable  cpduty.o
    0x0800282c   0x0800282c   0x00000014   Code   RO         7060    i.CPD_OutputNegative12VEnable  cpduty.o
    0x08002840   0x08002840   0x00000002   Code   RO         7061    i.CPD_PwmDutyFreqErrCheck  cpduty.o
    0x08002842   0x08002842   0x00000024   Code   RO         7163    i.CPM_5msMainFunction  cpm.o
    0x08002866   0x08002866   0x0000000c   Code   RO         7165    i.CPM_Enable        cpm.o
    0x08002872   0x08002872   0x0000000c   Code   RO         7166    i.CPM_InitMemory    cpm.o
    0x0800287e   0x0800287e   0x00000002   PAD
    0x08002880   0x08002880   0x000004d4   Code   RO         7217    i.CPV_12VCpVoltageFilter  cpvolt.o
    0x08002d54   0x08002d54   0x0000047c   Code   RO         7218    i.CPV_4VCpVoltageFilter  cpvolt.o
    0x080031d0   0x080031d0   0x00000054   Code   RO         7219    i.CPV_AdcCvrtToVolt  cpvolt.o
    0x08003224   0x08003224   0x00000094   Code   RO         7220    i.CPV_AdcFillter    cpvolt.o
    0x080032b8   0x080032b8   0x00000030   Code   RO         7221    i.CPV_ClearVoltErr  cpvolt.o
    0x080032e8   0x080032e8   0x000000e4   Code   RO         7223    i.CPV_CpVoltErrHandle  cpvolt.o
    0x080033cc   0x080033cc   0x00000014   Code   RO         7224    i.CPV_GetCpVoltStatus  cpvolt.o
    0x080033e0   0x080033e0   0x00000038   Code   RO         7226    i.CPV_GetErrStatus  cpvolt.o
    0x08003418   0x08003418   0x00000014   Code   RO         7227    i.CPV_InitMemory    cpvolt.o
    0x0800342c   0x0800342c   0x000000a0   Code   RO         7228    i.CPV_MainFunction  cpvolt.o
    0x080034cc   0x080034cc   0x00000024   Code   RO         7229    i.CPV_Open          cpvolt.o
    0x080034f0   0x080034f0   0x00000214   Code   RO         7230    i.CPV_VoltErrTypeHandle  cpvolt.o
    0x08003704   0x08003704   0x00000058   Code   RO         7863    i.CURR_20msFunctionControl  std_curr.o
    0x0800375c   0x0800375c   0x000001bc   Code   RO         7864    i.CURR_AdjCpCurrHandle  std_curr.o
    0x08003918   0x08003918   0x00000114   Code   RO         7866    i.CURR_ChargingErrJudgy  std_curr.o
    0x08003a2c   0x08003a2c   0x00000020   Code   RO         7868    i.CURR_Enable       std_curr.o
    0x08003a4c   0x08003a4c   0x000000d0   Code   RO         7869    i.CURR_ErrCallBackHandle  std_curr.o
    0x08003b1c   0x08003b1c   0x00000044   Code   RO         7873    i.CURR_InitMemory   std_curr.o
    0x08003b60   0x08003b60   0x000000e8   Code   RO         7874    i.CURR_Lv1OverCurrHandle  std_curr.o
    0x08003c48   0x08003c48   0x000000ec   Code   RO         7875    i.CURR_Lv2OverCurrHandle  std_curr.o
    0x08003d34   0x08003d34   0x00000038   Code   RO         7876    i.CURR_ModeIdleHandle  std_curr.o
    0x08003d6c   0x08003d6c   0x0000004c   Code   RO         7877    i.CURR_ModeNormalHandle  std_curr.o
    0x08003db8   0x08003db8   0x00000028   Code   RO         7878    i.CURR_ModeWaitHandle  std_curr.o
    0x08003de0   0x08003de0   0x00000078   Code   RO         7879    i.CURR_RfrshCurrCaliVal  std_curr.o
    0x08003e58   0x08003e58   0x00000158   Code   RO         7880    i.CURR_RfrshDfltCurr  std_curr.o
    0x08003fb0   0x08003fb0   0x000000d4   Code   RO         7881    i.CURR_RfrshFltCurrThrsh  std_curr.o
    0x08004084   0x08004084   0x0000007c   Code   RO         7882    i.CURR_SetDfltCurrVal  std_curr.o
    0x08004100   0x08004100   0x00000006   Code   RO         6954    i.CanM_CarComEndStatus  canm.o
    0x08004106   0x08004106   0x00000002   PAD
    0x08004108   0x08004108   0x0000001c   Code   RO         6706    i.Ccp_CanDrv_Init   ccp_candrv.o
    0x08004124   0x08004124   0x00000084   Code   RO         6707    i.Ccp_CanDrv_ReceiveCallback  ccp_candrv.o
    0x080041a8   0x080041a8   0x0000008c   Code   RO         6708    i.Ccp_CanDrv_Transmit  ccp_candrv.o
    0x08004234   0x08004234   0x000000ac   Code   RO         6757    i.Comm_CcpCanMsgTx  comm.o
    0x080042e0   0x080042e0   0x00000008   Code   RO         6758    i.Comm_GetCcp       comm.o
    0x080042e8   0x080042e8   0x0000000c   Code   RO         6759    i.Comm_GetCcpPrd    comm.o
    0x080042f4   0x080042f4   0x0000000c   Code   RO         6760    i.Comm_Init         comm.o
    0x08004300   0x08004300   0x0000007c   Code   RO         6761    i.Comm_SetCcp       comm.o
    0x0800437c   0x0800437c   0x00000078   Code   RO         5596    i.CycBuf_CheckData  std_cycbuf.o
    0x080043f4   0x080043f4   0x00000048   Code   RO         5598    i.CycBuf_Init       std_cycbuf.o
    0x0800443c   0x0800443c   0x00000014   Code   RO         5599    i.CycBuf_InitMemory  std_cycbuf.o
    0x08004450   0x08004450   0x00000078   Code   RO         5602    i.CycBuf_OpenChan   std_cycbuf.o
    0x080044c8   0x080044c8   0x000000d0   Code   RO         5603    i.CycBuf_PreviewReadChan  std_cycbuf.o
    0x08004598   0x08004598   0x000000b0   Code   RO         5604    i.CycBuf_ReadChan   std_cycbuf.o
    0x08004648   0x08004648   0x000000a8   Code   RO         5607    i.CycBuf_WriteChan  std_cycbuf.o
    0x080046f0   0x080046f0   0x00000010   Code   RO           10    i.DMA1_Channel1_IRQHandler  stm32f1xx_it.o
    0x08004700   0x08004700   0x00000010   Code   RO           11    i.DMA1_Channel5_IRQHandler  stm32f1xx_it.o
    0x08004710   0x08004710   0x0000002c   Code   RO         2120    i.DMA_SetConfig     stm32f1xx_hal_dma.o
    0x0800473c   0x0800473c   0x00000002   Code   RO           12    i.DebugMon_Handler  stm32f1xx_it.o
    0x0800473e   0x0800473e   0x00000006   Code   RO          465    i.Dummy_GetCurrL1   dummy.o
    0x08004744   0x08004744   0x00000006   Code   RO          466    i.Dummy_GetCurrL2   dummy.o
    0x0800474a   0x0800474a   0x00000006   Code   RO          467    i.Dummy_GetCurrL3   dummy.o
    0x08004750   0x08004750   0x00000006   Code   RO          468    i.Dummy_GetMeterReadyStatus  dummy.o
    0x08004756   0x08004756   0x00000004   Code   RO          469    i.Dummy_RemoteSuspendStatus  dummy.o
    0x0800475a   0x0800475a   0x00000002   PAD
    0x0800475c   0x0800475c   0x00000050   Code   RO         7316    i.ERRHDL_ClearAuthInfor  std_errorhandler.o
    0x080047ac   0x080047ac   0x0000000c   Code   RO         7318    i.ERRHDL_Enable     std_errorhandler.o
    0x080047b8   0x080047b8   0x00000050   Code   RO         7319    i.ERRHDL_FaultStatusUpdata_CallBack  std_errorhandler.o
    0x08004808   0x08004808   0x0000000c   Code   RO         7321    i.ERRHDL_GetChargeConditions  std_errorhandler.o
    0x08004814   0x08004814   0x00000014   Code   RO         7323    i.ERRHDL_InitMemory  std_errorhandler.o
    0x08004828   0x08004828   0x0000009c   Code   RO         6805    i.EVSEM_10msMainFunction  std_evsem.o
    0x080048c4   0x080048c4   0x000001e4   Code   RO         6806    i.EVSEM_ChargingModeJudgy  std_evsem.o
    0x08004aa8   0x08004aa8   0x00000080   Code   RO         6807    i.EVSEM_EnterStateFourHandle  std_evsem.o
    0x08004b28   0x08004b28   0x00000068   Code   RO         6808    i.EVSEM_EnterStateZero  std_evsem.o
    0x08004b90   0x08004b90   0x00000014   Code   RO         6809    i.EVSEM_GetChargeStatus  std_evsem.o
    0x08004ba4   0x08004ba4   0x00000014   Code   RO         6810    i.EVSEM_GetChargeStopReason  std_evsem.o
    0x08004bb8   0x08004bb8   0x00000014   Code   RO         6811    i.EVSEM_InitMemory  std_evsem.o
    0x08004bcc   0x08004bcc   0x00000014   Code   RO         6812    i.EVSEM_ReqChargeOff  std_evsem.o
    0x08004be0   0x08004be0   0x00000014   Code   RO         6813    i.EVSEM_ReqChargeOn  std_evsem.o
    0x08004bf4   0x08004bf4   0x00000014   Code   RO         6814    i.EVSEM_ResetStartSelfCheckStatus  std_evsem.o
    0x08004c08   0x08004c08   0x00000014   Code   RO         6815    i.EVSEM_SetChargeStopReason  std_evsem.o
    0x08004c1c   0x08004c1c   0x00000058   Code   RO         6816    i.EVSEM_StateCanModelHandle  std_evsem.o
    0x08004c74   0x08004c74   0x00000080   Code   RO         6817    i.EVSEM_StateOneDotHandle  std_evsem.o
    0x08004cf4   0x08004cf4   0x000000a0   Code   RO         6818    i.EVSEM_StateOneHandle  std_evsem.o
    0x08004d94   0x08004d94   0x00000150   Code   RO         6819    i.EVSEM_StateThreeDotHandle  std_evsem.o
    0x08004ee4   0x08004ee4   0x00000188   Code   RO         6820    i.EVSEM_StateThreeHandle  std_evsem.o
    0x0800506c   0x0800506c   0x000001d4   Code   RO         6821    i.EVSEM_StateTwoDotHandle  std_evsem.o
    0x08005240   0x08005240   0x000001f4   Code   RO         6822    i.EVSEM_StateTwoHandle  std_evsem.o
    0x08005434   0x08005434   0x00000024   Code   RO         6823    i.EVSEM_StateZeroHandle  std_evsem.o
    0x08005458   0x08005458   0x00000002   Code   RO         5175    i.Error_Handler     mcal_app.o
    0x0800545a   0x0800545a   0x00000002   PAD
    0x0800545c   0x0800545c   0x00000044   Code   RO         5705    i.FIFO_GetData      std_fifo.o
    0x080054a0   0x080054a0   0x00000054   Code   RO         5706    i.FIFO_InitMemory   std_fifo.o
    0x080054f4   0x080054f4   0x00000040   Code   RO         5707    i.FIFO_InsertData   std_fifo.o
    0x08005534   0x08005534   0x0000004a   Code   RO         5800    i.FILTER_StatusFiltT1  std_filter.o
    0x0800557e   0x0800557e   0x00000002   PAD
    0x08005580   0x08005580   0x0000011c   Code   RO         4117    i.HAL_ADCEx_Calibration_Start  stm32f1xx_hal_adc_ex.o
    0x0800569c   0x0800569c   0x00000254   Code   RO         4118    i.HAL_ADCEx_InjectedConfigChannel  stm32f1xx_hal_adc_ex.o
    0x080058f0   0x080058f0   0x00000070   Code   RO         4240    i.HAL_ADCEx_InjectedConvCpltCallback  mcal_adc_cfg.o
    0x08005960   0x08005960   0x00000032   Code   RO         4120    i.HAL_ADCEx_InjectedGetValue  stm32f1xx_hal_adc_ex.o
    0x08005992   0x08005992   0x00000002   PAD
    0x08005994   0x08005994   0x000000f8   Code   RO         4123    i.HAL_ADCEx_InjectedStart_IT  stm32f1xx_hal_adc_ex.o
    0x08005a8c   0x08005a8c   0x00000160   Code   RO         3943    i.HAL_ADC_ConfigChannel  stm32f1xx_hal_adc.o
    0x08005bec   0x08005bec   0x000000b0   Code   RO         4241    i.HAL_ADC_ConvCpltCallback  mcal_adc_cfg.o
    0x08005c9c   0x08005c9c   0x00000002   Code   RO         3945    i.HAL_ADC_ConvHalfCpltCallback  stm32f1xx_hal_adc.o
    0x08005c9e   0x08005c9e   0x00000002   Code   RO         3947    i.HAL_ADC_ErrorCallback  stm32f1xx_hal_adc.o
    0x08005ca0   0x08005ca0   0x00000008   Code   RO         3950    i.HAL_ADC_GetValue  stm32f1xx_hal_adc.o
    0x08005ca8   0x08005ca8   0x00000112   Code   RO         3951    i.HAL_ADC_IRQHandler  stm32f1xx_hal_adc.o
    0x08005dba   0x08005dba   0x00000002   PAD
    0x08005dbc   0x08005dbc   0x00000144   Code   RO         3952    i.HAL_ADC_Init      stm32f1xx_hal_adc.o
    0x08005f00   0x08005f00   0x00000002   Code   RO         3953    i.HAL_ADC_LevelOutOfWindowCallback  stm32f1xx_hal_adc.o
    0x08005f02   0x08005f02   0x00000002   PAD
    0x08005f04   0x08005f04   0x00000124   Code   RO         4382    i.HAL_ADC_MspInit   adc.o
    0x08006028   0x08006028   0x00000130   Code   RO         3958    i.HAL_ADC_Start     stm32f1xx_hal_adc.o
    0x08006158   0x08006158   0x00000180   Code   RO         3959    i.HAL_ADC_Start_DMA  stm32f1xx_hal_adc.o
    0x080062d8   0x080062d8   0x0000002a   Code   RO         3352    i.HAL_CAN_ActivateNotification  stm32f1xx_hal_can.o
    0x08006302   0x08006302   0x0000014a   Code   RO         3353    i.HAL_CAN_AddTxMessage  stm32f1xx_hal_can.o
    0x0800644c   0x0800644c   0x00000124   Code   RO         3354    i.HAL_CAN_ConfigFilter  stm32f1xx_hal_can.o
    0x08006570   0x08006570   0x00000002   Code   RO         3357    i.HAL_CAN_ErrorCallback  stm32f1xx_hal_can.o
    0x08006572   0x08006572   0x00000194   Code   RO         3360    i.HAL_CAN_GetRxMessage  stm32f1xx_hal_can.o
    0x08006706   0x08006706   0x00000036   Code   RO         3362    i.HAL_CAN_GetTxMailboxesFreeLevel  stm32f1xx_hal_can.o
    0x0800673c   0x0800673c   0x0000024e   Code   RO         3364    i.HAL_CAN_IRQHandler  stm32f1xx_hal_can.o
    0x0800698a   0x0800698a   0x00000174   Code   RO         3365    i.HAL_CAN_Init      stm32f1xx_hal_can.o
    0x08006afe   0x08006afe   0x00000024   Code   RO         3367    i.HAL_CAN_IsTxMessagePending  stm32f1xx_hal_can.o
    0x08006b22   0x08006b22   0x00000002   PAD
    0x08006b24   0x08006b24   0x000001a4   Code   RO         6153    i.HAL_CAN_MspInit   can.o
    0x08006cc8   0x08006cc8   0x00000002   Code   RO         3372    i.HAL_CAN_RxFifo0FullCallback  stm32f1xx_hal_can.o
    0x08006cca   0x08006cca   0x00000002   PAD
    0x08006ccc   0x08006ccc   0x000000a0   Code   RO         6052    i.HAL_CAN_RxFifo0MsgPendingCallback  mcal_can_cfg.o
    0x08006d6c   0x08006d6c   0x00000002   Code   RO         3374    i.HAL_CAN_RxFifo1FullCallback  stm32f1xx_hal_can.o
    0x08006d6e   0x08006d6e   0x00000002   PAD
    0x08006d70   0x08006d70   0x00000080   Code   RO         6053    i.HAL_CAN_RxFifo1MsgPendingCallback  mcal_can_cfg.o
    0x08006df0   0x08006df0   0x00000002   Code   RO         3376    i.HAL_CAN_SleepCallback  stm32f1xx_hal_can.o
    0x08006df2   0x08006df2   0x0000005e   Code   RO         3377    i.HAL_CAN_Start     stm32f1xx_hal_can.o
    0x08006e50   0x08006e50   0x00000002   Code   RO         3379    i.HAL_CAN_TxMailbox0AbortCallback  stm32f1xx_hal_can.o
    0x08006e52   0x08006e52   0x00000002   Code   RO         3380    i.HAL_CAN_TxMailbox0CompleteCallback  stm32f1xx_hal_can.o
    0x08006e54   0x08006e54   0x00000002   Code   RO         3381    i.HAL_CAN_TxMailbox1AbortCallback  stm32f1xx_hal_can.o
    0x08006e56   0x08006e56   0x00000002   Code   RO         3382    i.HAL_CAN_TxMailbox1CompleteCallback  stm32f1xx_hal_can.o
    0x08006e58   0x08006e58   0x00000002   Code   RO         3383    i.HAL_CAN_TxMailbox2AbortCallback  stm32f1xx_hal_can.o
    0x08006e5a   0x08006e5a   0x00000002   Code   RO         3384    i.HAL_CAN_TxMailbox2CompleteCallback  stm32f1xx_hal_can.o
    0x08006e5c   0x08006e5c   0x00000002   Code   RO         3386    i.HAL_CAN_WakeUpFromRxMsgCallback  stm32f1xx_hal_can.o
    0x08006e5e   0x08006e5e   0x00000056   Code   RO         2121    i.HAL_DMA_Abort     stm32f1xx_hal_dma.o
    0x08006eb4   0x08006eb4   0x000001a8   Code   RO         2122    i.HAL_DMA_Abort_IT  stm32f1xx_hal_dma.o
    0x0800705c   0x0800705c   0x00000398   Code   RO         2126    i.HAL_DMA_IRQHandler  stm32f1xx_hal_dma.o
    0x080073f4   0x080073f4   0x0000008c   Code   RO         2127    i.HAL_DMA_Init      stm32f1xx_hal_dma.o
    0x08007480   0x08007480   0x0000009c   Code   RO         2131    i.HAL_DMA_Start_IT  stm32f1xx_hal_dma.o
    0x0800751c   0x0800751c   0x00000320   Code   RO         3119    i.HAL_GPIO_Init     stm32f1xx_hal_gpio.o
    0x0800783c   0x0800783c   0x00000010   Code   RO         3121    i.HAL_GPIO_ReadPin  stm32f1xx_hal_gpio.o
    0x0800784c   0x0800784c   0x0000000c   Code   RO         3123    i.HAL_GPIO_WritePin  stm32f1xx_hal_gpio.o
    0x08007858   0x08007858   0x0000000c   Code   RO         1957    i.HAL_GetTick       stm32f1xx_hal.o
    0x08007864   0x08007864   0x00000018   Code   RO         1963    i.HAL_IncTick       stm32f1xx_hal.o
    0x0800787c   0x0800787c   0x00000028   Code   RO         1964    i.HAL_Init          stm32f1xx_hal.o
    0x080078a4   0x080078a4   0x0000004c   Code   RO         1965    i.HAL_InitTick      stm32f1xx_hal.o
    0x080078f0   0x080078f0   0x00000058   Code   RO         4213    i.HAL_MspInit       stm32f1xx_hal_msp.o
    0x08007948   0x08007948   0x00000020   Code   RO         2217    i.HAL_NVIC_EnableIRQ  stm32f1xx_hal_cortex.o
    0x08007968   0x08007968   0x0000007c   Code   RO         2223    i.HAL_NVIC_SetPriority  stm32f1xx_hal_cortex.o
    0x080079e4   0x080079e4   0x00000028   Code   RO         2224    i.HAL_NVIC_SetPriorityGrouping  stm32f1xx_hal_cortex.o
    0x08007a0c   0x08007a0c   0x000001e8   Code   RO         3295    i.HAL_RCCEx_GetPeriphCLKFreq  stm32f1xx_hal_rcc_ex.o
    0x08007bf4   0x08007bf4   0x00000210   Code   RO         3296    i.HAL_RCCEx_PeriphCLKConfig  stm32f1xx_hal_rcc_ex.o
    0x08007e04   0x08007e04   0x0000018c   Code   RO         3183    i.HAL_RCC_ClockConfig  stm32f1xx_hal_rcc.o
    0x08007f90   0x08007f90   0x0000000c   Code   RO         3188    i.HAL_RCC_GetHCLKFreq  stm32f1xx_hal_rcc.o
    0x08007f9c   0x08007f9c   0x00000020   Code   RO         3190    i.HAL_RCC_GetPCLK1Freq  stm32f1xx_hal_rcc.o
    0x08007fbc   0x08007fbc   0x00000020   Code   RO         3191    i.HAL_RCC_GetPCLK2Freq  stm32f1xx_hal_rcc.o
    0x08007fdc   0x08007fdc   0x000000e8   Code   RO         3192    i.HAL_RCC_GetSysClockFreq  stm32f1xx_hal_rcc.o
    0x080080c4   0x080080c4   0x0000056c   Code   RO         3195    i.HAL_RCC_OscConfig  stm32f1xx_hal_rcc.o
    0x08008630   0x08008630   0x00000002   Code   RO         3622    i.HAL_SPI_ErrorCallback  stm32f1xx_hal_spi.o
    0x08008632   0x08008632   0x00000002   PAD
    0x08008634   0x08008634   0x00000134   Code   RO         3625    i.HAL_SPI_IRQHandler  stm32f1xx_hal_spi.o
    0x08008768   0x08008768   0x000000be   Code   RO         3626    i.HAL_SPI_Init      stm32f1xx_hal_spi.o
    0x08008826   0x08008826   0x00000002   PAD
    0x08008828   0x08008828   0x00000130   Code   RO         6306    i.HAL_SPI_MspInit   spi.o
    0x08008958   0x08008958   0x0000000c   Code   RO         4789    i.HAL_SYSTICK_Callback  mcal_systick.o
    0x08008964   0x08008964   0x00000034   Code   RO         2228    i.HAL_SYSTICK_Config  stm32f1xx_hal_cortex.o
    0x08008998   0x08008998   0x00000008   Code   RO         2229    i.HAL_SYSTICK_IRQHandler  stm32f1xx_hal_cortex.o
    0x080089a0   0x080089a0   0x00000002   Code   RO         1679    i.HAL_TIMEx_BreakCallback  stm32f1xx_hal_tim_ex.o
    0x080089a2   0x080089a2   0x00000002   Code   RO         1680    i.HAL_TIMEx_CommutCallback  stm32f1xx_hal_tim_ex.o
    0x080089a4   0x080089a4   0x00000074   Code   RO         1682    i.HAL_TIMEx_ConfigBreakDeadTime  stm32f1xx_hal_tim_ex.o
    0x08008a18   0x08008a18   0x00000090   Code   RO         1698    i.HAL_TIMEx_MasterConfigSynchronization  stm32f1xx_hal_tim_ex.o
    0x08008aa8   0x08008aa8   0x00000066   Code   RO          964    i.HAL_TIM_Base_Init  stm32f1xx_hal_tim.o
    0x08008b0e   0x08008b0e   0x00000002   PAD
    0x08008b10   0x08008b10   0x0000007c   Code   RO         4670    i.HAL_TIM_Base_MspInit  tim.o
    0x08008b8c   0x08008b8c   0x00000084   Code   RO          969    i.HAL_TIM_Base_Start_IT  stm32f1xx_hal_tim.o
    0x08008c10   0x08008c10   0x0000010c   Code   RO          973    i.HAL_TIM_ConfigClockSource  stm32f1xx_hal_tim.o
    0x08008d1c   0x08008d1c   0x00000002   Code   RO          998    i.HAL_TIM_IC_CaptureCallback  stm32f1xx_hal_tim.o
    0x08008d1e   0x08008d1e   0x0000016c   Code   RO         1012    i.HAL_TIM_IRQHandler  stm32f1xx_hal_tim.o
    0x08008e8a   0x08008e8a   0x00000002   PAD
    0x08008e8c   0x08008e8c   0x00000074   Code   RO         4671    i.HAL_TIM_MspPostInit  tim.o
    0x08008f00   0x08008f00   0x00000002   Code   RO         1015    i.HAL_TIM_OC_DelayElapsedCallback  stm32f1xx_hal_tim.o
    0x08008f02   0x08008f02   0x00000104   Code   RO         1036    i.HAL_TIM_PWM_ConfigChannel  stm32f1xx_hal_tim.o
    0x08009006   0x08009006   0x00000066   Code   RO         1039    i.HAL_TIM_PWM_Init  stm32f1xx_hal_tim.o
    0x0800906c   0x0800906c   0x00000002   Code   RO         1041    i.HAL_TIM_PWM_MspInit  stm32f1xx_hal_tim.o
    0x0800906e   0x0800906e   0x00000002   PAD
    0x08009070   0x08009070   0x00000034   Code   RO         4596    i.HAL_TIM_PWM_PulseFinishedCallback  mcal_gptime_cfg.o
    0x080090a4   0x080090a4   0x00000130   Code   RO         1046    i.HAL_TIM_PWM_Start_IT  stm32f1xx_hal_tim.o
    0x080091d4   0x080091d4   0x00000014   Code   RO         4597    i.HAL_TIM_PeriodElapsedCallback  mcal_gptime_cfg.o
    0x080091e8   0x080091e8   0x00000002   Code   RO         1055    i.HAL_TIM_TriggerCallback  stm32f1xx_hal_tim.o
    0x080091ea   0x080091ea   0x00000072   Code   RO         2754    i.HAL_UARTEx_ReceiveToIdle_IT  stm32f1xx_hal_uart.o
    0x0800925c   0x0800925c   0x000000d4   Code   RO         5012    i.HAL_UARTEx_RxEventCallback  mcal_usart_cfg.o
    0x08009330   0x08009330   0x00000002   Code   RO         2769    i.HAL_UART_ErrorCallback  stm32f1xx_hal_uart.o
    0x08009332   0x08009332   0x00000002   PAD
    0x08009334   0x08009334   0x000002e4   Code   RO         2772    i.HAL_UART_IRQHandler  stm32f1xx_hal_uart.o
    0x08009618   0x08009618   0x00000076   Code   RO         2773    i.HAL_UART_Init     stm32f1xx_hal_uart.o
    0x0800968e   0x0800968e   0x00000002   PAD
    0x08009690   0x08009690   0x00000240   Code   RO         5109    i.HAL_UART_MspInit  usart.o
    0x080098d0   0x080098d0   0x00000002   Code   RO         2779    i.HAL_UART_RxCpltCallback  stm32f1xx_hal_uart.o
    0x080098d2   0x080098d2   0x00000038   Code   RO         2783    i.HAL_UART_Transmit_IT  stm32f1xx_hal_uart.o
    0x0800990a   0x0800990a   0x00000002   PAD
    0x0800990c   0x0800990c   0x000000b0   Code   RO         5014    i.HAL_UART_TxCpltCallback  mcal_usart_cfg.o
    0x080099bc   0x080099bc   0x00000004   Code   RO           13    i.HardFault_Handler  stm32f1xx_it.o
    0x080099c0   0x080099c0   0x0000001c   Code   RO         5835    i.LIB_SetMemory     std_lib.o
    0x080099dc   0x080099dc   0x0000004a   Code   RO         5836    i.LIB_StatusFilter  std_lib.o
    0x08009a26   0x08009a26   0x00000080   Code   RO         5837    i.LIB_StatusFilterType2  std_lib.o
    0x08009aa6   0x08009aa6   0x00000020   Code   RO         5908    i.LogDebug_Ex       std_logservice.o
    0x08009ac6   0x08009ac6   0x00000020   Code   RO         5909    i.LogError_Ex       std_logservice.o
    0x08009ae6   0x08009ae6   0x00000002   PAD
    0x08009ae8   0x08009ae8   0x00000018   Code   RO         5912    i.LogService_Get_Module_Name  std_logservice.o
    0x08009b00   0x08009b00   0x00000080   Code   RO         5915    i.LogService_Print_Hex_Array  std_logservice.o
    0x08009b80   0x08009b80   0x0000000c   Code   RO         5918    i.LogService_SetLogEnable  std_logservice.o
    0x08009b8c   0x08009b8c   0x0000006c   Code   RO         5923    i.LogSevice_Args    std_logservice.o
    0x08009bf8   0x08009bf8   0x00000020   Code   RO         5924    i.LogTrace_Ex       std_logservice.o
    0x08009c18   0x08009c18   0x00000024   Code   RO         5177    i.MCALAPP_PeripheralInit  mcal_app.o
    0x08009c3c   0x08009c3c   0x0000003c   Code   RO         7485    i.MOSDRV_ReadAuxiliaryGpioValue  std_mosdrv_cfg.o
    0x08009c78   0x08009c78   0x00000060   Code   RO         7430    i.MOSDRV_ReadContactorAuxiliaryStatus  std_mosdrv.o
    0x08009cd8   0x08009cd8   0x00000048   Code   RO         7431    i.MOSDRV_ReqMosOff  std_mosdrv.o
    0x08009d20   0x08009d20   0x00000044   Code   RO         7432    i.MOSDRV_ReqMosOn   std_mosdrv.o
    0x08009d64   0x08009d64   0x0000002e   Code   RO         7433    i.MOSDRV_SetConnectorOff  std_mosdrv.o
    0x08009d92   0x08009d92   0x0000002e   Code   RO         7434    i.MOSDRV_SetConnectorOn  std_mosdrv.o
    0x08009dc0   0x08009dc0   0x00000044   Code   RO         7487    i.MOSDRV_WriteGpioValue  std_mosdrv_cfg.o
    0x08009e04   0x08009e04   0x00000094   Code   RO         4383    i.MX_ADC1_Init      adc.o
    0x08009e98   0x08009e98   0x0000005c   Code   RO         4384    i.MX_ADC2_Init      adc.o
    0x08009ef4   0x08009ef4   0x00000044   Code   RO         6154    i.MX_CAN1_Init      can.o
    0x08009f38   0x08009f38   0x00000044   Code   RO         6155    i.MX_CAN2_Init      can.o
    0x08009f7c   0x08009f7c   0x00000044   Code   RO         4462    i.MX_DMA_Init       dma.o
    0x08009fc0   0x08009fc0   0x00000138   Code   RO         4524    i.MX_GPIO_Init      gpio.o
    0x0800a0f8   0x0800a0f8   0x00000044   Code   RO         6307    i.MX_SPI1_Init      spi.o
    0x0800a13c   0x0800a13c   0x0000004c   Code   RO         6308    i.MX_SPI2_Init      spi.o
    0x0800a188   0x0800a188   0x000000ec   Code   RO         4672    i.MX_TIM1_Init      tim.o
    0x0800a274   0x0800a274   0x00000048   Code   RO         4673    i.MX_TIM6_Init      tim.o
    0x0800a2bc   0x0800a2bc   0x0000003c   Code   RO         5110    i.MX_UART4_Init     usart.o
    0x0800a2f8   0x0800a2f8   0x00000038   Code   RO         5111    i.MX_UART5_Init     usart.o
    0x0800a330   0x0800a330   0x00000038   Code   RO         5112    i.MX_USART1_UART_Init  usart.o
    0x0800a368   0x0800a368   0x00000038   Code   RO         5113    i.MX_USART2_UART_Init  usart.o
    0x0800a3a0   0x0800a3a0   0x000000b4   Code   RO         5015    i.McalUsart_CycBuffCfgInit  mcal_usart_cfg.o
    0x0800a454   0x0800a454   0x00000054   Code   RO         4242    i.Mcal_Adc1_ConvCollection_Start  mcal_adc_cfg.o
    0x0800a4a8   0x0800a4a8   0x00000068   Code   RO         4243    i.Mcal_Adc2_ConvCollection_Start  mcal_adc_cfg.o
    0x0800a510   0x0800a510   0x00000010   Code   RO         4244    i.Mcal_AdcDrv_GetAdcValue  mcal_adc_cfg.o
    0x0800a520   0x0800a520   0x0000000c   Code   RO         4245    i.Mcal_Adc_ConvCollection_Disable  mcal_adc_cfg.o
    0x0800a52c   0x0800a52c   0x0000000c   Code   RO         4246    i.Mcal_Adc_ConvCollection_Enable  mcal_adc_cfg.o
    0x0800a538   0x0800a538   0x00000028   Code   RO         4247    i.Mcal_Adc_Disable  mcal_adc_cfg.o
    0x0800a560   0x0800a560   0x00000028   Code   RO         4249    i.Mcal_Adc_Enable   mcal_adc_cfg.o
    0x0800a588   0x0800a588   0x0000003c   Code   RO         4250    i.Mcal_Adc_EnableInjected  mcal_adc_cfg.o
    0x0800a5c4   0x0800a5c4   0x00000010   Code   RO         4251    i.Mcal_Adc_Init     mcal_adc_cfg.o
    0x0800a5d4   0x0800a5d4   0x00000016   Code   RO         4252    i.Mcal_Adc_SelfCalibration_Init  mcal_adc_cfg.o
    0x0800a5ea   0x0800a5ea   0x00000002   PAD
    0x0800a5ec   0x0800a5ec   0x00000068   Code   RO         4253    i.Mcal_Adc_SelfCalibration_Start  mcal_adc_cfg.o
    0x0800a654   0x0800a654   0x0000002c   Code   RO         4254    i.Mcal_Adc_SoftTimer_Enable  mcal_adc_cfg.o
    0x0800a680   0x0800a680   0x000000a4   Code   RO         4255    i.Mcal_Adc_Start_Collection  mcal_adc_cfg.o
    0x0800a724   0x0800a724   0x000000a0   Code   RO         6055    i.Mcal_Can_Enable   mcal_can_cfg.o
    0x0800a7c4   0x0800a7c4   0x00000060   Code   RO         6056    i.Mcal_Can_Filter_Init  mcal_can_cfg.o
    0x0800a824   0x0800a824   0x00000010   Code   RO         6057    i.Mcal_Can_Init     mcal_can_cfg.o
    0x0800a834   0x0800a834   0x00000064   Code   RO         6059    i.Mcal_Can_RxCycBufCfg_Init  mcal_can_cfg.o
    0x0800a898   0x0800a898   0x00000114   Code   RO         6060    i.Mcal_Can_Send_Msg  mcal_can_cfg.o
    0x0800a9ac   0x0800a9ac   0x00000008   Code   RO         4490    i.Mcal_Dma_Init     mcal_dma_cfg.o
    0x0800a9b4   0x0800a9b4   0x00000008   Code   RO         4491    i.Mcal_Dma_InternalInit  mcal_dma_cfg.o
    0x0800a9bc   0x0800a9bc   0x00000010   Code   RO         4598    i.Mcal_GpTime_AdcCollection_Start  mcal_gptime_cfg.o
    0x0800a9cc   0x0800a9cc   0x00000008   Code   RO         4554    i.Mcal_Gpio_Init    mcal_gpio_cfg.o
    0x0800a9d4   0x0800a9d4   0x00000018   Code   RO         4555    i.Mcal_Gpio_ReadPinStatus  mcal_gpio_cfg.o
    0x0800a9ec   0x0800a9ec   0x00000012   Code   RO         4556    i.Mcal_Gpio_ResetPin  mcal_gpio_cfg.o
    0x0800a9fe   0x0800a9fe   0x00000012   Code   RO         4557    i.Mcal_Gpio_SetPin  mcal_gpio_cfg.o
    0x0800aa10   0x0800aa10   0x00000018   Code   RO         4599    i.Mcal_GptDrv_Init  mcal_gptime_cfg.o
    0x0800aa28   0x0800aa28   0x00000040   Code   RO         4600    i.Mcal_GptDrv_Pwm_Start  mcal_gptime_cfg.o
    0x0800aa68   0x0800aa68   0x00000002   Code   RO         6231    i.Mcal_Iwdg_Init    mcal_iwdg_cfg.o
    0x0800aa6a   0x0800aa6a   0x00000002   PAD
    0x0800aa6c   0x0800aa6c   0x00000190   Code   RO         4726    i.Mcal_McuCheck_Rst  mcal_mcucore.o
    0x0800abfc   0x0800abfc   0x00000018   Code   RO         4790    i.Mcal_SYSTICK_Counter_Increase  mcal_systick.o
    0x0800ac14   0x0800ac14   0x000001e4   Code   RO         4602    i.Mcal_Set_Pwm_Param  mcal_gptime_cfg.o
    0x0800adf8   0x0800adf8   0x0000000c   Code   RO         6261    i.Mcal_Spi_Init     mcal_spi_cfg.o
    0x0800ae04   0x0800ae04   0x00000002   Code   RO         4855    i.Mcal_Test_Run     mcal_test.o
    0x0800ae06   0x0800ae06   0x00000002   PAD
    0x0800ae08   0x0800ae08   0x00000164   Code   RO         5016    i.Mcal_USARTIf_Send_MainFunction  mcal_usart_cfg.o
    0x0800af6c   0x0800af6c   0x00000088   Code   RO         5018    i.Mcal_Usart_AppSentData  mcal_usart_cfg.o
    0x0800aff4   0x0800aff4   0x00000038   Code   RO         5021    i.Mcal_Usart_Enable  mcal_usart_cfg.o
    0x0800b02c   0x0800b02c   0x0000007c   Code   RO         5022    i.Mcal_Usart_Enable_IT  mcal_usart_cfg.o
    0x0800b0a8   0x0800b0a8   0x00000014   Code   RO         5023    i.Mcal_Usart_Init   mcal_usart_cfg.o
    0x0800b0bc   0x0800b0bc   0x00000004   Code   RO           14    i.MemManage_Handler  stm32f1xx_it.o
    0x0800b0c0   0x0800b0c0   0x00000004   Code   RO           15    i.NMI_Handler       stm32f1xx_it.o
    0x0800b0c4   0x0800b0c4   0x00000108   Code   RO          838    i.NOAUTHEN_100msFunction  std_noauthen.o
    0x0800b1cc   0x0800b1cc   0x00000014   Code   RO          841    i.NOAUTHEN_GetAuthStatus  std_noauthen.o
    0x0800b1e0   0x0800b1e0   0x0000002c   Code   RO          843    i.NOAUTHEN_InitMemory  std_noauthen.o
    0x0800b20c   0x0800b20c   0x00000178   Code   RO          844    i.NOAUTHEN_NoAuthenModeHandle  std_noauthen.o
    0x0800b384   0x0800b384   0x00000014   Code   RO          845    i.NOAUTHEN_ResetAuthStatus  std_noauthen.o
    0x0800b398   0x0800b398   0x00000018   Code   RO         5232    i.OS_Init           os.o
    0x0800b3b0   0x0800b3b0   0x00000008   Code   RO         5233    i.OS_Schedule       os.o
    0x0800b3b8   0x0800b3b8   0x0000004c   Code   RO         5273    i.OS_SoftTimerSoftTimerINT_CB  std_os_timer.o
    0x0800b404   0x0800b404   0x000000ec   Code   RO         5274    i.OS_SoftTimerStart  std_os_timer.o
    0x0800b4f0   0x0800b4f0   0x00000010   Code   RO         5234    i.OS_Start          os.o
    0x0800b500   0x0800b500   0x00000068   Code   RO         5276    i.OS_TimerTask      std_os_timer.o
    0x0800b568   0x0800b568   0x00000002   Code   RO           16    i.PendSV_Handler    stm32f1xx_it.o
    0x0800b56a   0x0800b56a   0x00000002   PAD
    0x0800b56c   0x0800b56c   0x00000028   Code   RO         3196    i.RCC_Delay         stm32f1xx_hal_rcc.o
    0x0800b594   0x0800b594   0x00000008   Code   RO         7636    i.RELAYM_5msMainFunction  std_rlym.o
    0x0800b59c   0x0800b59c   0x0000000c   Code   RO         7638    i.RELAYM_GetRelayStatus  std_rlym.o
    0x0800b5a8   0x0800b5a8   0x00000008   Code   RO         7639    i.RELAYM_InitMemory  std_rlym.o
    0x0800b5b0   0x0800b5b0   0x0000000c   Code   RO         7640    i.RELAYM_ReqRelaySwitchOff  std_rlym.o
    0x0800b5bc   0x0800b5bc   0x0000000c   Code   RO         7641    i.RELAYM_ReqRelaySwitchOn  std_rlym.o
    0x0800b5c8   0x0800b5c8   0x00000158   Code   RO         7523    i.RLYCTRL_AuxlDetect  std_rlyctrl.o
    0x0800b720   0x0800b720   0x0000002c   Code   RO         7525    i.RLYCTRL_GetRelayStatus  std_rlyctrl.o
    0x0800b74c   0x0800b74c   0x00000028   Code   RO         7526    i.RLYCTRL_InitMemory  std_rlyctrl.o
    0x0800b774   0x0800b774   0x00000050   Code   RO         7527    i.RLYCTRL_MainFunction  std_rlyctrl.o
    0x0800b7c4   0x0800b7c4   0x000000ec   Code   RO         7528    i.RLYCTRL_ModeIdleHandle  std_rlyctrl.o
    0x0800b8b0   0x0800b8b0   0x00000024   Code   RO         7529    i.RLYCTRL_ModeSwitchHandle  std_rlyctrl.o
    0x0800b8d4   0x0800b8d4   0x00000054   Code   RO         7530    i.RLYCTRL_ReqRelaySwitchOff  std_rlyctrl.o
    0x0800b928   0x0800b928   0x00000054   Code   RO         7531    i.RLYCTRL_ReqRelaySwitchOn  std_rlyctrl.o
    0x0800b97c   0x0800b97c   0x00000194   Code   RO         7532    i.RLYCTRL_SwitchControl  std_rlyctrl.o
    0x0800bb10   0x0800bb10   0x00000010   Code   RO           17    i.SPI1_IRQHandler   stm32f1xx_it.o
    0x0800bb20   0x0800bb20   0x00000014   Code   RO         3653    i.SPI_DMAAbortOnError  stm32f1xx_hal_spi.o
    0x0800bb34   0x0800bb34   0x00000002   Code   RO           18    i.SVC_Handler       stm32f1xx_it.o
    0x0800bb36   0x0800bb36   0x00000002   PAD
    0x0800bb38   0x0800bb38   0x00000038   Code   RO         7807    i.SWITCHM_SetCp12V  switchm_cfg.o
    0x0800bb70   0x0800bb70   0x00000038   Code   RO         7808    i.SWITCHM_SetCp4V   switchm_cfg.o
    0x0800bba8   0x0800bba8   0x00000024   Code   RO         5441    i.SYSM_10msMainFunction  std_sysm.o
    0x0800bbcc   0x0800bbcc   0x0000000c   Code   RO         5443    i.SYSM_GetCpVolMode  std_sysm.o
    0x0800bbd8   0x0800bbd8   0x00000014   Code   RO         5444    i.SYSM_GetResetPrepareStatus  std_sysm.o
    0x0800bbec   0x0800bbec   0x00000018   Code   RO         5446    i.SYSM_GetSysStatusBit  std_sysm.o
    0x0800bc04   0x0800bc04   0x00000014   Code   RO         5447    i.SYSM_InitMemory   std_sysm.o
    0x0800bc18   0x0800bc18   0x00000014   Code   RO         5448    i.SYSM_InitOne      std_sysm.o
    0x0800bc2c   0x0800bc2c   0x00000024   Code   RO         5449    i.SYSM_InitThree    std_sysm.o
    0x0800bc50   0x0800bc50   0x00000040   Code   RO         5450    i.SYSM_InitTwo      std_sysm.o
    0x0800bc90   0x0800bc90   0x00000028   Code   RO         5451    i.SYSM_InitZero     std_sysm.o
    0x0800bcb8   0x0800bcb8   0x000000f4   Code   RO         5452    i.SYSM_OutPutDefaultCurrManage  std_sysm.o
    0x0800bdac   0x0800bdac   0x00000002   Code   RO         5453    i.SYSM_RemoteResetManage  std_sysm.o
    0x0800bdae   0x0800bdae   0x00000002   PAD
    0x0800bdb0   0x0800bdb0   0x0000000c   Code   RO         5454    i.SYSM_SetCpVolMode  std_sysm.o
    0x0800bdbc   0x0800bdbc   0x00000158   Code   RO         5456    i.SYSM_ShowBasicInfo  std_sysm.o
    0x0800bf14   0x0800bf14   0x00000048   Code   RO         5457    i.SYSM_ShowUserInfo  std_sysm.o
    0x0800bf5c   0x0800bf5c   0x00000002   Code   RO         5460    i.SYSM_StandbyStatusCtrl  std_sysm.o
    0x0800bf5e   0x0800bf5e   0x00000002   PAD
    0x0800bf60   0x0800bf60   0x00000044   Code   RO         5325    i.Scheduler_ISRCb   scheduletable.o
    0x0800bfa4   0x0800bfa4   0x00000030   Code   RO         5326    i.Scheduler_Init    scheduletable.o
    0x0800bfd4   0x0800bfd4   0x00000044   Code   RO         5327    i.Scheduler_run     scheduletable.o
    0x0800c018   0x0800c018   0x0000009c   Code   RO         7705    i.SwitchM_74hct4851dControlCallBack  switchm.o
    0x0800c0b4   0x0800c0b4   0x0000000c   Code   RO         7706    i.SwitchM_Get74hct4851dOutputStatusCallBack  switchm.o
    0x0800c0c0   0x0800c0c0   0x00000028   Code   RO         7707    i.SwitchM_Init      switchm.o
    0x0800c0e8   0x0800c0e8   0x0000002c   Code   RO         7710    i.SwitchM_Set74hct4851dOutputA0  switchm.o
    0x0800c114   0x0800c114   0x0000002c   Code   RO         7711    i.SwitchM_Set74hct4851dOutputA1  switchm.o
    0x0800c140   0x0800c140   0x0000002c   Code   RO         7712    i.SwitchM_Set74hct4851dOutputA2  switchm.o
    0x0800c16c   0x0800c16c   0x0000002c   Code   RO         7713    i.SwitchM_Set74hct4851dOutputA3  switchm.o
    0x0800c198   0x0800c198   0x0000002c   Code   RO         7714    i.SwitchM_Set74hct4851dOutputA4  switchm.o
    0x0800c1c4   0x0800c1c4   0x0000002c   Code   RO         7715    i.SwitchM_Set74hct4851dOutputA5  switchm.o
    0x0800c1f0   0x0800c1f0   0x0000002c   Code   RO         7716    i.SwitchM_Set74hct4851dOutputA6  switchm.o
    0x0800c21c   0x0800c21c   0x0000002c   Code   RO         7717    i.SwitchM_Set74hct4851dOutputA7  switchm.o
    0x0800c248   0x0800c248   0x00000050   Code   RO         7809    i.SwitchM_SetCpMosStatus  switchm_cfg.o
    0x0800c298   0x0800c298   0x00000044   Code   RO         7810    i.SwitchM_SetCpVol12vMode  switchm_cfg.o
    0x0800c2dc   0x0800c2dc   0x00000044   Code   RO         7811    i.SwitchM_SetCpVol4vMode  switchm_cfg.o
    0x0800c320   0x0800c320   0x00000054   Code   RO         7812    i.SwitchM_SetInToCanMode  switchm_cfg.o
    0x0800c374   0x0800c374   0x00000058   Code   RO         7813    i.SwitchM_SetInToCcCpMode  switchm_cfg.o
    0x0800c3cc   0x0800c3cc   0x00000018   Code   RO         7718    i.SwitchM_SoftTimerStart74hct4851d_Enable  switchm.o
    0x0800c3e4   0x0800c3e4   0x0000000c   Code   RO           19    i.SysTick_Handler   stm32f1xx_it.o
    0x0800c3f0   0x0800c3f0   0x000000a0   Code   RO         4793    i.SystemClock_Config  mcal_systick.o
    0x0800c490   0x0800c490   0x00000002   Code   RO          316    i.SystemInit        system_stm32f1xx.o
    0x0800c492   0x0800c492   0x00000002   PAD
    0x0800c494   0x0800c494   0x00000010   Code   RO           20    i.TIM1_CC_IRQHandler  stm32f1xx_it.o
    0x0800c4a4   0x0800c4a4   0x00000010   Code   RO           21    i.TIM6_IRQHandler   stm32f1xx_it.o
    0x0800c4b4   0x0800c4b4   0x00000094   Code   RO         1057    i.TIM_Base_SetConfig  stm32f1xx_hal_tim.o
    0x0800c548   0x0800c548   0x00000022   Code   RO         1058    i.TIM_CCxChannelCmd  stm32f1xx_hal_tim.o
    0x0800c56a   0x0800c56a   0x00000016   Code   RO         1068    i.TIM_ETR_SetConfig  stm32f1xx_hal_tim.o
    0x0800c580   0x0800c580   0x00000012   Code   RO         1069    i.TIM_ITRx_SetConfig  stm32f1xx_hal_tim.o
    0x0800c592   0x0800c592   0x00000002   PAD
    0x0800c594   0x0800c594   0x00000060   Code   RO         1070    i.TIM_OC1_SetConfig  stm32f1xx_hal_tim.o
    0x0800c5f4   0x0800c5f4   0x00000068   Code   RO         1071    i.TIM_OC2_SetConfig  stm32f1xx_hal_tim.o
    0x0800c65c   0x0800c65c   0x00000068   Code   RO         1072    i.TIM_OC3_SetConfig  stm32f1xx_hal_tim.o
    0x0800c6c4   0x0800c6c4   0x00000048   Code   RO         1073    i.TIM_OC4_SetConfig  stm32f1xx_hal_tim.o
    0x0800c70c   0x0800c70c   0x00000026   Code   RO         1075    i.TIM_TI1_ConfigInputStage  stm32f1xx_hal_tim.o
    0x0800c732   0x0800c732   0x00000028   Code   RO         1077    i.TIM_TI2_ConfigInputStage  stm32f1xx_hal_tim.o
    0x0800c75a   0x0800c75a   0x00000008   Code   RO         5328    i.Task1000ms        scheduletable.o
    0x0800c762   0x0800c762   0x00000008   Code   RO         5329    i.Task100ms         scheduletable.o
    0x0800c76a   0x0800c76a   0x00000010   Code   RO         5330    i.Task10ms          scheduletable.o
    0x0800c77a   0x0800c77a   0x00000008   Code   RO         5331    i.Task1ms           scheduletable.o
    0x0800c782   0x0800c782   0x00000008   Code   RO         5332    i.Task20ms          scheduletable.o
    0x0800c78a   0x0800c78a   0x00000010   Code   RO         5333    i.Task5ms           scheduletable.o
    0x0800c79a   0x0800c79a   0x00000002   PAD
    0x0800c79c   0x0800c79c   0x00000010   Code   RO           22    i.UART4_IRQHandler  stm32f1xx_it.o
    0x0800c7ac   0x0800c7ac   0x00000010   Code   RO           23    i.UART5_IRQHandler  stm32f1xx_it.o
    0x0800c7bc   0x0800c7bc   0x00000014   Code   RO         2786    i.UART_DMAAbortOnError  stm32f1xx_hal_uart.o
    0x0800c7d0   0x0800c7d0   0x0000006c   Code   RO         2796    i.UART_EndRxTransfer  stm32f1xx_hal_uart.o
    0x0800c83c   0x0800c83c   0x00000020   Code   RO         2797    i.UART_EndTransmit_IT  stm32f1xx_hal_uart.o
    0x0800c85c   0x0800c85c   0x000000fc   Code   RO         2799    i.UART_Receive_IT   stm32f1xx_hal_uart.o
    0x0800c958   0x0800c958   0x000000fc   Code   RO         2800    i.UART_SetConfig    stm32f1xx_hal_uart.o
    0x0800ca54   0x0800ca54   0x00000040   Code   RO         2802    i.UART_Start_Receive_IT  stm32f1xx_hal_uart.o
    0x0800ca94   0x0800ca94   0x00000060   Code   RO         2803    i.UART_Transmit_IT  stm32f1xx_hal_uart.o
    0x0800caf4   0x0800caf4   0x00000010   Code   RO           24    i.USART1_IRQHandler  stm32f1xx_it.o
    0x0800cb04   0x0800cb04   0x00000010   Code   RO           25    i.USART2_IRQHandler  stm32f1xx_it.o
    0x0800cb14   0x0800cb14   0x0000003c   Code   RO         6602    i.Uint64_ToIntel    ex_fun.o
    0x0800cb50   0x0800cb50   0x00000004   Code   RO           26    i.UsageFault_Handler  stm32f1xx_it.o
    0x0800cb54   0x0800cb54   0x00000018   Code   RO         6603    i._IQnToIQm         ex_fun.o
    0x0800cb6c   0x0800cb6c   0x00000028   Code   RO         8262    i.__ARM_fpclassify  m_ws.l(fpclassify.o)
    0x0800cb94   0x0800cb94   0x00000010   Code   RO         2230    i.__NVIC_GetPriorityGrouping  stm32f1xx_hal_cortex.o
    0x0800cba4   0x0800cba4   0x00000028   Code   RO         2231    i.__NVIC_SetPriority  stm32f1xx_hal_cortex.o
    0x0800cbcc   0x0800cbcc   0x0000000e   Code   RO         8044    i._is_digit         c_w.l(__printf_wp.o)
    0x0800cbda   0x0800cbda   0x0000002a   Code   RO         6604    i.array_ToUint64    ex_fun.o
    0x0800cc04   0x0800cc04   0x00000036   Code   RO         6605    i.bytes_float       ex_fun.o
    0x0800cc3a   0x0800cc3a   0x00000036   Code   RO         6606    i.bytes_uint32      ex_fun.o
    0x0800cc70   0x0800cc70   0x0000005c   Code   RO         6354    i.ccp_Build_Checksum  ccp.o
    0x0800cccc   0x0800cccc   0x00000002   Code   RO         6355    i.ccp_Clear_Memory  ccp.o
    0x0800ccce   0x0800ccce   0x00000002   PAD
    0x0800ccd0   0x0800ccd0   0x000000a4   Code   RO         6356    i.ccp_DAQ_Task_1ms  ccp.o
    0x0800cd74   0x0800cd74   0x0000002c   Code   RO         6556    i.ccp_DAQ_tx_queue_init  ccp_daq_tx_queue.o
    0x0800cda0   0x0800cda0   0x00000158   Code   RO         6557    i.ccp_DAQ_tx_queue_pop  ccp_daq_tx_queue.o
    0x0800cef8   0x0800cef8   0x00000084   Code   RO         6558    i.ccp_DAQ_tx_queue_push  ccp_daq_tx_queue.o
    0x0800cf7c   0x0800cf7c   0x00000018   Code   RO         6357    i.ccp_DAQ_write_callback  ccp.o
    0x0800cf94   0x0800cf94   0x00000078   Code   RO         6358    i.ccp_DTO_Transmit  ccp.o
    0x0800d00c   0x0800d00c   0x0000009c   Code   RO         6359    i.ccp_DisConnect    ccp.o
    0x0800d0a8   0x0800d0a8   0x00000178   Code   RO         6360    i.ccp_Download      ccp.o
    0x0800d220   0x0800d220   0x000000ec   Code   RO         6361    i.ccp_Event_DAQ_Transmit  ccp.o
    0x0800d30c   0x0800d30c   0x00000060   Code   RO         6362    i.ccp_Exchange_ID   ccp.o
    0x0800d36c   0x0800d36c   0x00000060   Code   RO         6363    i.ccp_Get_Cal_Page  ccp.o
    0x0800d3cc   0x0800d3cc   0x0000009c   Code   RO         6364    i.ccp_Get_DAQ_Size  ccp.o
    0x0800d468   0x0800d468   0x0000003e   Code   RO         6365    i.ccp_Get_ECU_Addr  ccp.o
    0x0800d4a6   0x0800d4a6   0x00000002   PAD
    0x0800d4a8   0x0800d4a8   0x00000020   Code   RO         6366    i.ccp_Get_S_Status  ccp.o
    0x0800d4c8   0x0800d4c8   0x00000020   Code   RO         6367    i.ccp_Get_Version   ccp.o
    0x0800d4e8   0x0800d4e8   0x00000014   Code   RO         6368    i.ccp_Make_32Bits   ccp.o
    0x0800d4fc   0x0800d4fc   0x0000004c   Code   RO         6369    i.ccp_Move          ccp.o
    0x0800d548   0x0800d548   0x00000124   Code   RO         6370    i.ccp_Program       ccp.o
    0x0800d66c   0x0800d66c   0x00000148   Code   RO         6371    i.ccp_Read_CRO_Proc  ccp.o
    0x0800d7b4   0x0800d7b4   0x00000044   Code   RO         6372    i.ccp_Set_Cal_Page  ccp.o
    0x0800d7f8   0x0800d7f8   0x00000050   Code   RO         6373    i.ccp_Set_DAQ_Ptr   ccp.o
    0x0800d848   0x0800d848   0x00000050   Code   RO         6374    i.ccp_Set_MTA       ccp.o
    0x0800d898   0x0800d898   0x00000010   Code   RO         6375    i.ccp_Set_S_Status  ccp.o
    0x0800d8a8   0x0800d8a8   0x00000184   Code   RO         6376    i.ccp_Start_Stop    ccp.o
    0x0800da2c   0x0800da2c   0x000000b4   Code   RO         6377    i.ccp_Start_Stop_All  ccp.o
    0x0800dae0   0x0800dae0   0x00000048   Code   RO         6378    i.ccp_Test_Connect  ccp.o
    0x0800db28   0x0800db28   0x00000118   Code   RO         6379    i.ccp_Upload        ccp.o
    0x0800dc40   0x0800dc40   0x000000b0   Code   RO         6380    i.ccp_Write_DAQ     ccp.o
    0x0800dcf0   0x0800dcf0   0x00000030   Code   RO         6381    i.ccp_init          ccp.o
    0x0800dd20   0x0800dd20   0x00000014   Code   RO         6607    i.exfn_pow          ex_fun.o
    0x0800dd34   0x0800dd34   0x0000000a   Code   RO          352    i.main              main.o
    0x0800dd3e   0x0800dd3e   0x0000004e   Code   RO         6608    i.motorola_GetValueByPos  ex_fun.o
    0x0800dd8c   0x0800dd8c   0x00000038   Code   RO         6609    i.motorola_GetValueByPos_signed  ex_fun.o
    0x0800ddc4   0x0800ddc4   0x0000004e   Code   RO         6610    i.motorola_SetValueByPos  ex_fun.o
    0x0800de12   0x0800de12   0x00000018   Code   RO         6611    i.motorola_ToUint16  ex_fun.o
    0x0800de2a   0x0800de2a   0x00000014   Code   RO         6612    i.sum_of_average    ex_fun.o
    0x0800de3e   0x0800de3e   0x0000001a   Code   RO         6613    i.uint16_ToMotorola  ex_fun.o
    0x0800de58   0x0800de58   0x00000022   Code   RO         6614    i.uint32_bytes      ex_fun.o
    0x0800de7a   0x0800de7a   0x00000036   Code   RO         6615    i.uint64_ToArray    ex_fun.o
    0x0800deb0   0x0800deb0   0x0000002c   Code   RO         8246    locale$$code        c_w.l(lc_numeric_c.o)
    0x0800dedc   0x0800dedc   0x0000002c   Code   RO         8272    locale$$code        c_w.l(lc_ctype_c.o)
    0x0800df08   0x0800df08   0x00000062   Code   RO         8064    x$fpl$d2f           fz_ws.l(d2f.o)
    0x0800df6a   0x0800df6a   0x00000002   PAD
    0x0800df6c   0x0800df6c   0x00000150   Code   RO         8066    x$fpl$dadd          fz_ws.l(daddsub_clz.o)
    0x0800e0bc   0x0800e0bc   0x000002b0   Code   RO         8073    x$fpl$ddiv          fz_ws.l(ddiv.o)
    0x0800e36c   0x0800e36c   0x0000002e   Code   RO         8077    x$fpl$dflt          fz_ws.l(dflt_clz.o)
    0x0800e39a   0x0800e39a   0x00000026   Code   RO         8076    x$fpl$dfltu         fz_ws.l(dflt_clz.o)
    0x0800e3c0   0x0800e3c0   0x0000008a   Code   RO         8083    x$fpl$dfltull       fz_ws.l(dfltll_clz.o)
    0x0800e44a   0x0800e44a   0x00000002   PAD
    0x0800e44c   0x0800e44c   0x00000154   Code   RO         8086    x$fpl$dmul          fz_ws.l(dmul.o)
    0x0800e5a0   0x0800e5a0   0x0000009c   Code   RO         8160    x$fpl$dnaninf       fz_ws.l(dnaninf.o)
    0x0800e63c   0x0800e63c   0x0000000c   Code   RO         8162    x$fpl$dretinf       fz_ws.l(dretinf.o)
    0x0800e648   0x0800e648   0x000001d4   Code   RO         8068    x$fpl$dsub          fz_ws.l(daddsub_clz.o)
    0x0800e81c   0x0800e81c   0x00000056   Code   RO         8088    x$fpl$f2d           fz_ws.l(f2d.o)
    0x0800e872   0x0800e872   0x00000002   PAD
    0x0800e874   0x0800e874   0x000000c4   Code   RO         8090    x$fpl$fadd          fz_ws.l(faddsub_clz.o)
    0x0800e938   0x0800e938   0x0000003e   Code   RO         8096    x$fpl$ffixu         fz_ws.l(ffixu.o)
    0x0800e976   0x0800e976   0x00000002   PAD
    0x0800e978   0x0800e978   0x00000026   Code   RO         8100    x$fpl$ffltu         fz_ws.l(fflt_clz.o)
    0x0800e99e   0x0800e99e   0x00000002   PAD
    0x0800e9a0   0x0800e9a0   0x00000102   Code   RO         8106    x$fpl$fmul          fz_ws.l(fmul.o)
    0x0800eaa2   0x0800eaa2   0x0000008c   Code   RO         8164    x$fpl$fnaninf       fz_ws.l(fnaninf.o)
    0x0800eb2e   0x0800eb2e   0x0000000a   Code   RO         8166    x$fpl$fretinf       fz_ws.l(fretinf.o)
    0x0800eb38   0x0800eb38   0x000000ea   Code   RO         8092    x$fpl$fsub          fz_ws.l(faddsub_clz.o)
    0x0800ec22   0x0800ec22   0x00000004   Code   RO         8168    x$fpl$printf1       fz_ws.l(printf1.o)
    0x0800ec26   0x0800ec26   0x00000004   Code   RO         8170    x$fpl$printf2       fz_ws.l(printf2.o)
    0x0800ec2a   0x0800ec2a   0x00000000   Code   RO         8176    x$fpl$usenofp       fz_ws.l(usenofp.o)
    0x0800ec2a   0x0800ec2a   0x00000018   Data   RO          317    .constdata          system_stm32f1xx.o
    0x0800ec42   0x0800ec42   0x0000001e   Data   RO         3197    .constdata          stm32f1xx_hal_rcc.o
    0x0800ec60   0x0800ec60   0x0000001e   Data   RO         3297    .constdata          stm32f1xx_hal_rcc_ex.o
    0x0800ec7e   0x0800ec7e   0x00000039   Data   RO         4257    .constdata          mcal_adc_cfg.o
    0x0800ecb7   0x0800ecb7   0x00000001   PAD
    0x0800ecb8   0x0800ecb8   0x00000090   Data   RO         5025    .constdata          mcal_usart_cfg.o
    0x0800ed48   0x0800ed48   0x00000009   Data   RO         5775    .constdata          std_fifo_cfg.o
    0x0800ed51   0x0800ed51   0x00000003   PAD
    0x0800ed54   0x0800ed54   0x0000004c   Data   RO         5927    .constdata          std_logservice.o
    0x0800eda0   0x0800eda0   0x00000084   Data   RO         6062    .constdata          mcal_can_cfg.o
    0x0800ee24   0x0800ee24   0x00000016   Data   RO         6383    .constdata          ccp.o
    0x0800ee3a   0x0800ee3a   0x00000014   Data   RO         6710    .constdata          ccp_candrv.o
    0x0800ee4e   0x0800ee4e   0x00000018   Data   RO         6825    .constdata          std_evsem.o
    0x0800ee66   0x0800ee66   0x00000002   PAD
    0x0800ee68   0x0800ee68   0x00000010   Data   RO         6995    .constdata          cpdrvif.o
    0x0800ee78   0x0800ee78   0x00000180   Data   RO         7406    .constdata          std_errorhandler_cfg.o
    0x0800eff8   0x0800eff8   0x00000048   Data   RO         7488    .constdata          std_mosdrv_cfg.o
    0x0800f040   0x0800f040   0x00000028   Data   RO         8032    .constdata          c_w.l(_printf_hex_int_ll_ptr.o)
    0x0800f068   0x0800f068   0x00000011   Data   RO         8052    .constdata          c_w.l(__printf_flags_ss_wp.o)
    0x0800f079   0x0800f079   0x00000003   PAD
    0x0800f07c   0x0800f07c   0x00000008   Data   RO         8128    .constdata          c_w.l(_printf_wctomb.o)
    0x0800f084   0x0800f084   0x00000026   Data   RO         8199    .constdata          c_w.l(_printf_fp_hex.o)
    0x0800f0aa   0x0800f0aa   0x00000002   PAD
    0x0800f0ac   0x0800f0ac   0x00000094   Data   RO         8221    .constdata          c_w.l(bigflt0.o)
    0x0800f140   0x0800f140   0x0000007c   Data   RO         5928    .conststring        std_logservice.o
    0x0800f1bc   0x0800f1bc   0x000000a7   Data   RO         7232    .conststring        cpvolt.o
    0x0800f263   0x0800f263   0x00000001   PAD
    0x0800f264   0x0800f264   0x00000020   Data   RO         8396    Region$$Table       anon$$obj.o
    0x0800f284   0x0800f284   0x0000001c   Data   RO         8245    locale$$data        c_w.l(lc_numeric_c.o)
    0x0800f2a0   0x0800f2a0   0x00000110   Data   RO         8271    locale$$data        c_w.l(lc_ctype_c.o)


    Execution Region ER_RW (Exec base: 0x20000000, Load base: 0x0800f3b0, Size: 0x0000026c, Max: 0xffffffff, ABSOLUTE, COMPRESSED[0x00000100])

    Exec Addr    Load Addr    Size         Type   Attr      Idx    E Section Name        Object

    0x20000000   COMPRESSED   0x00000004   Data   RW          318    .data               system_stm32f1xx.o
    0x20000004   COMPRESSED   0x00000009   Data   RW         1971    .data               stm32f1xx_hal.o
    0x2000000d   COMPRESSED   0x00000003   PAD
    0x20000010   COMPRESSED   0x000000bc   Data   RW         4258    .data               mcal_adc_cfg.o
    0x200000cc   COMPRESSED   0x00000030   Data   RW         4603    .data               mcal_gptime_cfg.o
    0x200000fc   COMPRESSED   0x00000004   PAD
    0x20000100   COMPRESSED   0x00000008   Data   RW         4794    .data               mcal_systick.o
    0x20000108   COMPRESSED   0x00000030   Data   RW         5335    .data               scheduletable.o
    0x20000138   COMPRESSED   0x00000002   Data   RW         5463    .data               std_sysm.o
    0x2000013a   COMPRESSED   0x00000002   PAD
    0x2000013c   COMPRESSED   0x0000002c   Data   RW         5929    .data               std_logservice.o
    0x20000168   COMPRESSED   0x00000070   Data   RW         6063    .data               mcal_can_cfg.o
    0x200001d8   COMPRESSED   0x00000004   Data   RW         6157    .data               can.o
    0x200001dc   COMPRESSED   0x00000030   Data   RW         6384    .data               ccp.o
    0x2000020c   COMPRESSED   0x00000001   Data   RW         6560    .data               ccp_daq_tx_queue.o
    0x2000020d   COMPRESSED   0x00000003   PAD
    0x20000210   COMPRESSED   0x00000038   Data   RW         6616    .data               ex_fun.o
    0x20000248   COMPRESSED   0x00000003   Data   RW         6826    .data               std_evsem.o
    0x2000024b   COMPRESSED   0x00000001   PAD
    0x2000024c   COMPRESSED   0x00000014   Data   RW         6996    .data               cpdrvif.o
    0x20000260   COMPRESSED   0x00000006   Data   RW         7233    .data               cpvolt.o
    0x20000266   COMPRESSED   0x00000004   Data   RW         7719    .data               switchm.o


    Execution Region ER_ZI (Exec base: 0x2000026c, Load base: 0x0800f4b0, Size: 0x00007f4c, Max: 0xffffffff, ABSOLUTE)

    Exec Addr    Load Addr    Size         Type   Attr      Idx    E Section Name        Object

    0x2000026c        -       0x00000010   Zero   RW          531    .bss                std_authm.o
    0x2000027c        -       0x00000014   Zero   RW          846    .bss                std_noauthen.o
    0x20000290        -       0x0000001c   Zero   RW         4256    .bss                mcal_adc_cfg.o
    0x200002ac        -       0x000000a4   Zero   RW         4385    .bss                adc.o
    0x20000350        -       0x00000090   Zero   RW         4674    .bss                tim.o
    0x200003e0        -       0x00004060   Zero   RW         5024    .bss                mcal_usart_cfg.o
    0x20004440        -       0x00000120   Zero   RW         5114    .bss                usart.o
    0x20004560        -       0x0000003c   Zero   RW         5277    .bss                std_os_timer.o
    0x2000459c        -       0x00000030   Zero   RW         5334    .bss                scheduletable.o
    0x200045cc        -       0x00000018   Zero   RW         5462    .bss                std_sysm.o
    0x200045e4        -       0x00000140   Zero   RW         5608    .bss                std_cycbuf.o
    0x20004724        -       0x0000017a   Zero   RW         5708    .bss                std_fifo.o
    0x2000489e        -       0x00000400   Zero   RW         5926    .bss                std_logservice.o
    0x20004c9e   0x0800f4b0   0x00000002   PAD
    0x20004ca0        -       0x0000023c   Zero   RW         6061    .bss                mcal_can_cfg.o
    0x20004edc        -       0x00000050   Zero   RW         6156    .bss                can.o
    0x20004f2c        -       0x000000f4   Zero   RW         6309    .bss                spi.o
    0x20005020        -       0x000016a0   Zero   RW         6382    .bss                ccp.o
    0x200066c0        -       0x00000554   Zero   RW         6559    .bss                ccp_daq_tx_queue.o
    0x20006c14        -       0x00000018   Zero   RW         6709    .bss                ccp_candrv.o
    0x20006c2c        -       0x0000001c   Zero   RW         6824    .bss                std_evsem.o
    0x20006c48        -       0x00000048   Zero   RW         7062    .bss                cpduty.o
    0x20006c90        -       0x00000074   Zero   RW         7231    .bss                cpvolt.o
    0x20006d04        -       0x000000ac   Zero   RW         7326    .bss                std_errorhandler.o
    0x20006db0        -       0x00000020   Zero   RW         7533    .bss                std_rlyctrl.o
    0x20006dd0        -       0x00000088   Zero   RW         7883    .bss                std_curr.o
    0x20006e58        -       0x00000060   Zero   RW         8265    .bss                c_w.l(libspace.o)
    0x20006eb8        -       0x00000800   Zero   RW         5166    HEAP                startup_stm32f107xc.o
    0x200076b8        -       0x00000b00   Zero   RW         5165    STACK               startup_stm32f107xc.o


==============================================================================

Image component sizes


      Code (inc. data)   RO Data    RW Data    ZI Data      Debug   Object Name

       532         44          0          0        164       2820   adc.o
       556         48          0          4         80       2826   can.o
         6          0          0          0          0        527   canm.o
      3748        366         22         48       5792      22921   ccp.o
       300        132         20          0         24       3661   ccp_candrv.o
       520         34          0          1       1364       4885   ccp_daq_tx_queue.o
       328          8          0          0          0       2948   comm.o
       284         36         16         20          0       2964   cpdrvif.o
       996         46          0          0         72       8069   cpduty.o
        60          0          0          0          0       1544   cpm.o
      3716        614        167          6        116       9941   cpvolt.o
        68          4          0          0          0        946   dma.o
        28          0          0          0          0       2490   dummy.o
       624          0          0         56          0      12371   ex_fun.o
       312         22          0          0          0       2991   gpio.o
        10          0          0          0          0     594139   main.o
      1006        172         57        188         28      12348   mcal_adc_cfg.o
        38          0          0          0          0        969   mcal_app.o
       936        240        132        112        572       8596   mcal_can_cfg.o
        16          0          0          0          0        972   mcal_dma_cfg.o
        68          0          0          0          0       2875   mcal_gpio_cfg.o
       660         38          0         48          0       7237   mcal_gptime_cfg.o
         2          0          0          0          0        473   mcal_iwdg_cfg.o
       400        200          0          0          0        584   mcal_mcucore.o
        12          0          0          0          0        504   mcal_spi_cfg.o
       196         10          0          8          0       2067   mcal_systick.o
         2          0          0          0          0        472   mcal_test.o
      1260         88        144          0      16480       6321   mcal_usart_cfg.o
        48          0          0          0          0       2083   os.o
       248         24          0         48         48       5907   scheduletable.o
       448         46          0          0        244       2667   spi.o
        64         26        336          0       4864        816   startup_stm32f107xc.o
       994        240          0          0         16      11206   std_authm.o
      2556        270          0          0        136      10069   std_curr.o
       884         32          0          0        320       7251   std_cycbuf.o
       204         34          0          0        172       6462   std_errorhandler.o
         0          0        384          0          0       3653   std_errorhandler_cfg.o
      3120        852         24          3         28      12134   std_evsem.o
       216         18          0          0        378       4835   std_fifo.o
         0          0          9          0          0       4077   std_fifo_cfg.o
        74          0          0          0          0       2118   std_filter.o
       230          0          0          0          0       5487   std_lib.o
       368         44        200         44       1024       8486   std_logservice.o
       328         92          0          0          0       4427   std_mosdrv.o
       128         12         72          0          0       2112   std_mosdrv_cfg.o
       724        166          0          0         20       4847   std_noauthen.o
       416         12          0          0         60       3341   std_os_timer.o
      1352        454          0          0         32       6932   std_rlyctrl.o
        52          0          0          0          0       2838   std_rlym.o
       948        300          0          2         24      11373   std_sysm.o
       152         32          0          9          0       6761   stm32f1xx_hal.o
      2014         66          0          0          0      11302   stm32f1xx_hal_adc.o
      1178         28          0          0          0       4374   stm32f1xx_hal_adc_ex.o
      2236          6          0          0          0      15526   stm32f1xx_hal_can.o
       312         22          0          0          0      30308   stm32f1xx_hal_cortex.o
      1770         28          0          0          0       5694   stm32f1xx_hal_dma.o
       828         34          0          0          0       3603   stm32f1xx_hal_gpio.o
        88          8          0          0          0       1058   stm32f1xx_hal_msp.o
      2132        100         30          0          0       6696   stm32f1xx_hal_rcc.o
      1016         38         30          0          0       2973   stm32f1xx_hal_rcc_ex.o
       520          4          0          0          0       3548   stm32f1xx_hal_spi.o
      2216         70          0          0          0      16287   stm32f1xx_hal_tim.o
       264         18          0          0          0       3545   stm32f1xx_hal_tim_ex.o
      1856          8          0          0          0      11042   stm32f1xx_hal_uart.o
       270         86          0          0          0     688963   stm32f1xx_it.o
       584         92          0          4          0       9129   switchm.o
       500        170          0          0          0       4004   switchm_cfg.o
         2          0         24          4          0       1335   system_stm32f1xx.o
       548         46          0          0        144       3465   tim.o
       804         78          0          0        288       4081   usart.o

    ----------------------------------------------------------------------
     49446       5658       1706        620      32492    1676276   Object Totals
         0          0         32          0          0          0   (incl. Generated)
        70          0          7         15          2          0   (incl. Padding)

    ----------------------------------------------------------------------

      Code (inc. data)   RO Data    RW Data    ZI Data      Debug   Library Member Name

        44          6          0          0          0         84   __2sprintf.o
        90          0          0          0          0          0   __dczerorl2.o
         8          0          0          0          0         68   __main.o
       392          4         17          0          0         92   __printf_flags_ss_wp.o
        14          0          0          0          0         68   __printf_wp.o
         0          0          0          0          0          0   __rtentry.o
        12          0          0          0          0          0   __rtentry2.o
         6          0          0          0          0          0   __rtentry4.o
        52          8          0          0          0          0   __scatter.o
        28          0          0          0          0          0   __scatter_zi.o
         6          0          0          0          0          0   _printf_a.o
         6          0          0          0          0          0   _printf_c.o
        44          0          0          0          0        108   _printf_char.o
        48          6          0          0          0         96   _printf_char_common.o
        40          0          0          0          0         68   _printf_charcount.o
         6          0          0          0          0          0   _printf_d.o
       120         16          0          0          0         92   _printf_dec.o
         6          0          0          0          0          0   _printf_e.o
         6          0          0          0          0          0   _printf_f.o
      1054          0          0          0          0        216   _printf_fp_dec.o
       764          8         38          0          0        100   _printf_fp_hex.o
       128         16          0          0          0         84   _printf_fp_infnan.o
         6          0          0          0          0          0   _printf_g.o
       148          4         40          0          0        160   _printf_hex_int_ll_ptr.o
         6          0          0          0          0          0   _printf_i.o
       178          0          0          0          0         88   _printf_intcommon.o
        10          0          0          0          0          0   _printf_l.o
         6          0          0          0          0          0   _printf_lc.o
        10          0          0          0          0          0   _printf_ll.o
         6          0          0          0          0          0   _printf_lld.o
         6          0          0          0          0          0   _printf_lli.o
         6          0          0          0          0          0   _printf_llo.o
         6          0          0          0          0          0   _printf_llu.o
         6          0          0          0          0          0   _printf_llx.o
       124         16          0          0          0         92   _printf_longlong_dec.o
         6          0          0          0          0          0   _printf_ls.o
         6          0          0          0          0          0   _printf_n.o
         6          0          0          0          0          0   _printf_o.o
       112         10          0          0          0        124   _printf_oct_int_ll.o
         6          0          0          0          0          0   _printf_p.o
        78          0          0          0          0        108   _printf_pad.o
         0          0          0          0          0          0   _printf_percent.o
         4          0          0          0          0          0   _printf_percent_end.o
         6          0          0          0          0          0   _printf_s.o
        82          0          0          0          0         80   _printf_str.o
        36          0          0          0          0         84   _printf_truncate.o
         6          0          0          0          0          0   _printf_u.o
        44          0          0          0          0        108   _printf_wchar.o
       188          6          8          0          0         92   _printf_wctomb.o
         6          0          0          0          0          0   _printf_x.o
        10          0          0          0          0         68   _sputc.o
        64          0          0          0          0         92   _wcrtomb.o
       228          4        148          0          0         96   bigflt0.o
      1936        128          0          0          0        672   btod.o
        18          0          0          0          0         80   exit.o
         6          0          0          0          0        152   heapauxi.o
         0          0          0          0          0          0   indicate_semi.o
        44         10        272          0          0         76   lc_ctype_c.o
        44         10         28          0          0         76   lc_numeric_c.o
         2          0          0          0          0          0   libinit.o
        30          0          0          0          0          0   libinit2.o
         2          0          0          0          0          0   libshutdown.o
         2          0          0          0          0          0   libshutdown2.o
         8          4          0          0         96         68   libspace.o
        38          0          0          0          0         68   llshl.o
       138          0          0          0          0         80   lludiv10.o
       238          0          0          0          0        100   lludivv7m.o
        38          0          0          0          0         68   llushr.o
        16          4          0          0          0         76   rt_ctype_table.o
         8          4          0          0          0         68   rt_locale_intlibspace.o
        68          0          0          0          0         68   rt_memclr.o
        78          0          0          0          0         80   rt_memclr_w.o
         2          0          0          0          0          0   rtexit.o
        10          0          0          0          0          0   rtexit2.o
       128          0          0          0          0         68   strcmpv7m.o
        12          4          0          0          0         68   sys_exit.o
        74          0          0          0          0         80   sys_stackheap_outer.o
         2          0          0          0          0         68   use_no_semi.o
        36          4          0          0          0         76   vsprintf.o
        98          4          0          0          0         92   d2f.o
       804         16          0          0          0        272   daddsub_clz.o
       688        140          0          0          0        208   ddiv.o
        84          0          0          0          0        136   dflt_clz.o
       138          0          0          0          0         84   dfltll_clz.o
       340         12          0          0          0        104   dmul.o
       156          4          0          0          0         92   dnaninf.o
        12          0          0          0          0         68   dretinf.o
        86          4          0          0          0         84   f2d.o
       430          8          0          0          0        168   faddsub_clz.o
        62          4          0          0          0         84   ffixu.o
        38          0          0          0          0         68   fflt_clz.o
       258          4          0          0          0         84   fmul.o
       140          4          0          0          0         84   fnaninf.o
        10          0          0          0          0         68   fretinf.o
         4          0          0          0          0         68   printf1.o
         4          0          0          0          0         68   printf2.o
         0          0          0          0          0          0   usenofp.o
        40          0          0          0          0         68   fpclassify.o

    ----------------------------------------------------------------------
     10676        472        556          0         96       6260   Library Totals
        26          0          5          0          0          0   (incl. Padding)

    ----------------------------------------------------------------------

      Code (inc. data)   RO Data    RW Data    ZI Data      Debug   Library Name

      7258        272        551          0         96       4360   c_w.l
      3352        200          0          0          0       1832   fz_ws.l
        40          0          0          0          0         68   m_ws.l

    ----------------------------------------------------------------------
     10676        472        556          0         96       6260   Library Totals

    ----------------------------------------------------------------------

==============================================================================


      Code (inc. data)   RO Data    RW Data    ZI Data      Debug   

     60122       6130       2262        620      32588    1656428   Grand Totals
     60122       6130       2262        256      32588    1656428   ELF Image Totals (compressed)
     60122       6130       2262        256          0          0   ROM Totals

==============================================================================

    Total RO  Size (Code + RO Data)                62384 (  60.92kB)
    Total RW  Size (RW Data + ZI Data)             33208 (  32.43kB)
    Total ROM Size (Code + RO Data + RW Data)      62640 (  61.17kB)

==============================================================================

