Component: ARM Compiler 5.06 update 6 (build 750) Tool: armlink [4d35ed]

==============================================================================

Section Cross References

    stm32f1xx_it.o(i.ADC1_2_IRQHandler) refers to stm32f1xx_hal_adc.o(i.HAL_ADC_IRQHandler) for HAL_ADC_IRQHandler
    stm32f1xx_it.o(i.ADC1_2_IRQHandler) refers to adc.o(.bss) for hadc1
    stm32f1xx_it.o(i.CAN1_RX0_IRQHandler) refers to stm32f1xx_hal_can.o(i.HAL_CAN_IRQHandler) for HAL_CAN_IRQHandler
    stm32f1xx_it.o(i.CAN1_RX0_IRQHandler) refers to can.o(.bss) for hcan1
    stm32f1xx_it.o(i.CAN1_RX1_IRQHandler) refers to stm32f1xx_hal_can.o(i.HAL_CAN_IRQHandler) for HAL_CAN_IRQHandler
    stm32f1xx_it.o(i.CAN1_RX1_IRQHandler) refers to can.o(.bss) for hcan1
    stm32f1xx_it.o(i.CAN2_RX0_IRQHandler) refers to stm32f1xx_hal_can.o(i.HAL_CAN_IRQHandler) for HAL_CAN_IRQHandler
    stm32f1xx_it.o(i.CAN2_RX0_IRQHandler) refers to can.o(.bss) for hcan2
    stm32f1xx_it.o(i.CAN2_RX1_IRQHandler) refers to stm32f1xx_hal_can.o(i.HAL_CAN_IRQHandler) for HAL_CAN_IRQHandler
    stm32f1xx_it.o(i.CAN2_RX1_IRQHandler) refers to can.o(.bss) for hcan2
    stm32f1xx_it.o(i.DMA1_Channel1_IRQHandler) refers to stm32f1xx_hal_dma.o(i.HAL_DMA_IRQHandler) for HAL_DMA_IRQHandler
    stm32f1xx_it.o(i.DMA1_Channel1_IRQHandler) refers to adc.o(.bss) for hdma_adc1
    stm32f1xx_it.o(i.DMA1_Channel4_IRQHandler) refers to stm32f1xx_hal_dma.o(i.HAL_DMA_IRQHandler) for HAL_DMA_IRQHandler
    stm32f1xx_it.o(i.DMA1_Channel4_IRQHandler) refers to usart.o(.bss) for hdma_usart1_tx
    stm32f1xx_it.o(i.DMA1_Channel5_IRQHandler) refers to stm32f1xx_hal_dma.o(i.HAL_DMA_IRQHandler) for HAL_DMA_IRQHandler
    stm32f1xx_it.o(i.DMA1_Channel5_IRQHandler) refers to usart.o(.bss) for hdma_usart1_rx
    stm32f1xx_it.o(i.DMA1_Channel6_IRQHandler) refers to stm32f1xx_hal_dma.o(i.HAL_DMA_IRQHandler) for HAL_DMA_IRQHandler
    stm32f1xx_it.o(i.DMA1_Channel6_IRQHandler) refers to usart.o(.bss) for hdma_usart2_rx
    stm32f1xx_it.o(i.DMA1_Channel7_IRQHandler) refers to stm32f1xx_hal_dma.o(i.HAL_DMA_IRQHandler) for HAL_DMA_IRQHandler
    stm32f1xx_it.o(i.DMA1_Channel7_IRQHandler) refers to usart.o(.bss) for hdma_usart2_tx
    stm32f1xx_it.o(i.SPI1_IRQHandler) refers to stm32f1xx_hal_spi.o(i.HAL_SPI_IRQHandler) for HAL_SPI_IRQHandler
    stm32f1xx_it.o(i.SPI1_IRQHandler) refers to spi.o(.bss) for hspi1
    stm32f1xx_it.o(i.SPI2_IRQHandler) refers to stm32f1xx_hal_spi.o(i.HAL_SPI_IRQHandler) for HAL_SPI_IRQHandler
    stm32f1xx_it.o(i.SPI2_IRQHandler) refers to spi.o(.bss) for hspi2
    stm32f1xx_it.o(i.SysTick_Handler) refers to tasks.o(i.xTaskGetSchedulerState) for xTaskGetSchedulerState
    stm32f1xx_it.o(i.SysTick_Handler) refers to port.o(i.xPortSysTickHandler) for xPortSysTickHandler
    stm32f1xx_it.o(i.TIM1_CC_IRQHandler) refers to stm32f1xx_hal_tim.o(i.HAL_TIM_IRQHandler) for HAL_TIM_IRQHandler
    stm32f1xx_it.o(i.TIM1_CC_IRQHandler) refers to tim.o(.bss) for htim1
    stm32f1xx_it.o(i.TIM6_IRQHandler) refers to stm32f1xx_hal_tim.o(i.HAL_TIM_IRQHandler) for HAL_TIM_IRQHandler
    stm32f1xx_it.o(i.TIM6_IRQHandler) refers to tim.o(.bss) for htim6
    stm32f1xx_it.o(i.TIM7_IRQHandler) refers to stm32f1xx_hal_tim.o(i.HAL_TIM_IRQHandler) for HAL_TIM_IRQHandler
    stm32f1xx_it.o(i.TIM7_IRQHandler) refers to stm32f1xx_hal_timebase_tim.o(.bss) for htim7
    stm32f1xx_it.o(i.UART4_IRQHandler) refers to stm32f1xx_hal_uart.o(i.HAL_UART_IRQHandler) for HAL_UART_IRQHandler
    stm32f1xx_it.o(i.UART4_IRQHandler) refers to usart.o(.bss) for huart4
    stm32f1xx_it.o(i.UART5_IRQHandler) refers to stm32f1xx_hal_uart.o(i.HAL_UART_IRQHandler) for HAL_UART_IRQHandler
    stm32f1xx_it.o(i.UART5_IRQHandler) refers to usart.o(.bss) for huart5
    stm32f1xx_it.o(i.USART1_IRQHandler) refers to stm32f1xx_hal_uart.o(i.HAL_UART_IRQHandler) for HAL_UART_IRQHandler
    stm32f1xx_it.o(i.USART1_IRQHandler) refers to usart.o(.bss) for huart1
    stm32f1xx_it.o(i.USART2_IRQHandler) refers to stm32f1xx_hal_uart.o(i.HAL_UART_IRQHandler) for HAL_UART_IRQHandler
    stm32f1xx_it.o(i.USART2_IRQHandler) refers to usart.o(.bss) for huart2
    system_stm32f1xx.o(i.SystemCoreClockUpdate) refers to system_stm32f1xx.o(.data) for .data
    system_stm32f1xx.o(i.SystemCoreClockUpdate) refers to system_stm32f1xx.o(.constdata) for .constdata
    main.o(i.init_task) refers to apptask_coreprinttask.o(i.Core_printf) for Core_printf
    main.o(i.init_task) refers to std_logservice.o(i.LogService_SetLogEnable) for LogService_SetLogEnable
    main.o(i.init_task) refers to os.o(i.OS_Init) for OS_Init
    main.o(i.init_task) refers to flashdb_appm.o(i.FlashDB_AppM_Init) for FlashDB_AppM_Init
    main.o(i.init_task) refers to streambuffer.o(i.StreamBuff_StackInit) for StreamBuff_StackInit
    main.o(i.init_task) refers to at_parser.o(i.at_parser_init) for at_parser_init
    main.o(i.init_task) refers to yeecomxxx_device.o(i.YeeCom_Init) for YeeCom_Init
    main.o(i.init_task) refers to tasks.o(i.vTaskDelay) for vTaskDelay
[...]
    0x0800b450   0x0800b450   0x00000008   Code   RO         4815    i.Mcal_Gpio_ResetPin  mcal_gpio_cfg.o
    0x0800b458   0x0800b458   0x00000008   Code   RO         4816    i.Mcal_Gpio_SetPin  mcal_gpio_cfg.o
    0x0800b460   0x0800b460   0x00000018   Code   RO         4858    i.Mcal_GptDrv_Init  mcal_gptime_cfg.o
    0x0800b478   0x0800b478   0x00000028   Code   RO         4859    i.Mcal_GptDrv_Pwm_Start  mcal_gptime_cfg.o
    0x0800b4a0   0x0800b4a0   0x00000002   Code   RO         6491    i.Mcal_Iwdg_Init    mcal_iwdg_cfg.o
    0x0800b4a2   0x0800b4a2   0x0000000a   Code   RO         4985    i.Mcal_MCU_SysRestart  mcal_mcucore.o
    0x0800b4ac   0x0800b4ac   0x0000016c   Code   RO         4986    i.Mcal_McuCheck_Rst  mcal_mcucore.o
    0x0800b618   0x0800b618   0x00000018   Code   RO         5046    i.Mcal_SYSTICK_Counter_Increase  mcal_systick.o
    0x0800b630   0x0800b630   0x00000114   Code   RO         4861    i.Mcal_Set_Pwm_Param  mcal_gptime_cfg.o
    0x0800b744   0x0800b744   0x0000000e   Code   RO         6524    i.Mcal_Spi_Init     mcal_spi_cfg.o
    0x0800b752   0x0800b752   0x00000002   Code   RO         5112    i.Mcal_Test_Run     mcal_test.o
    0x0800b754   0x0800b754   0x0000001c   Code   RO         5276    i.Mcal_Usart_AppCheckData  mcal_usart_cfg.o
    0x0800b770   0x0800b770   0x00000038   Code   RO         5277    i.Mcal_Usart_AppReceiveData  mcal_usart_cfg.o
    0x0800b7a8   0x0800b7a8   0x00000078   Code   RO         5278    i.Mcal_Usart_AppSendData  mcal_usart_cfg.o
    0x0800b820   0x0800b820   0x0000007c   Code   RO         5280    i.Mcal_Usart_IT_Enable  mcal_usart_cfg.o
    0x0800b89c   0x0800b89c   0x00000034   Code   RO         5281    i.Mcal_Usart_Init   mcal_usart_cfg.o
    0x0800b8d0   0x0800b8d0   0x00000002   Code   RO           17    i.MemManage_Handler  stm32f1xx_it.o
    0x0800b8d2   0x0800b8d2   0x00000014   Code   RO        10617    i.ModbusM_10msMainFunction  modbusm.o
    0x0800b8e6   0x0800b8e6   0x0000008e   Code   RO        10618    i.ModbusM_ExecuteHandle  modbusm.o
    0x0800b974   0x0800b974   0x0000001c   Code   RO        10619    i.ModbusM_GetReadyStatus  modbusm.o
    0x0800b990   0x0800b990   0x00000044   Code   RO        10620    i.ModbusM_Init      modbusm.o
    0x0800b9d4   0x0800b9d4   0x00000138   Code   RO        10621    i.ModbusM_MainCtrl  modbusm.o
    0x0800bb0c   0x0800bb0c   0x00000080   Code   RO        10623    i.ModbusM_Send      modbusm.o
    0x0800bb8c   0x0800bb8c   0x0000002c   Code   RO        10624    i.ModbusM_SendCallFunc  modbusm.o
    0x0800bbb8   0x0800bbb8   0x00000002   Code   RO        10539    i.Modbus_Hook_ErrHandle  modbus_hook.o
    0x0800bbba   0x0800bbba   0x00000002   Code   RO        10540    i.Modbus_Hook_Rec01  modbus_hook.o
    0x0800bbbc   0x0800bbbc   0x00000002   Code   RO        10541    i.Modbus_Hook_Rec02  modbus_hook.o
    0x0800bbbe   0x0800bbbe   0x00000026   Code   RO        10542    i.Modbus_Hook_Rec03  modbus_hook.o
    0x0800bbe4   0x0800bbe4   0x00000002   Code   RO        10543    i.Modbus_Hook_Rec04  modbus_hook.o
    0x0800bbe6   0x0800bbe6   0x00000002   Code   RO        10544    i.Modbus_Hook_Rec05  modbus_hook.o
    0x0800bbe8   0x0800bbe8   0x00000002   Code   RO        10545    i.Modbus_Hook_Rec06  modbus_hook.o
    0x0800bbea   0x0800bbea   0x00000002   Code   RO        10546    i.Modbus_Hook_Rec0f  modbus_hook.o
    0x0800bbec   0x0800bbec   0x00000002   Code   RO        10547    i.Modbus_Hook_Rec10  modbus_hook.o
    0x0800bbee   0x0800bbee   0x00000002   Code   RO           18    i.NMI_Handler       stm32f1xx_it.o
    0x0800bbf0   0x0800bbf0   0x000000d0   Code   RO         1164    i.NOAUTHEN_100msFunction  std_noauthen.o
    0x0800bcc0   0x0800bcc0   0x00000010   Code   RO         1167    i.NOAUTHEN_GetAuthStatus  std_noauthen.o
    0x0800bcd0   0x0800bcd0   0x0000002c   Code   RO         1169    i.NOAUTHEN_InitMemory  std_noauthen.o
    0x0800bcfc   0x0800bcfc   0x00000100   Code   RO         1170    i.NOAUTHEN_NoAuthenModeHandle  std_noauthen.o
    0x0800bdfc   0x0800bdfc   0x00000014   Code   RO         1171    i.NOAUTHEN_ResetAuthStatus  std_noauthen.o
    0x0800be10   0x0800be10   0x0000001c   Code   RO        10294    i.OSTimerTask_MainTask  apptask_maintask.o
    0x0800be2c   0x0800be2c   0x00000016   Code   RO         5498    i.OS_Init           os.o
    0x0800be42   0x0800be42   0x00000004   Code   RO         5499    i.OS_Schedule       os.o
    0x0800be46   0x0800be46   0x00000002   PAD
    0x0800be48   0x0800be48   0x00000038   Code   RO         5672    i.OS_SoftTimerSoftTimerINT_CB  std_os_timer.o
    0x0800be80   0x0800be80   0x00000078   Code   RO         5673    i.OS_SoftTimerStart  std_os_timer.o
    0x0800bef8   0x0800bef8   0x00000054   Code   RO         5675    i.OS_TimerTask      std_os_timer.o
    0x0800bf4c   0x0800bf4c   0x00000004   Code   RO         8321    i.RELAYM_5msMainFunction  std_rlym.o
    0x0800bf50   0x0800bf50   0x00000004   Code   RO         8323    i.RELAYM_GetRelayStatus  std_rlym.o
    0x0800bf54   0x0800bf54   0x00000004   Code   RO         8324    i.RELAYM_InitMemory  std_rlym.o
    0x0800bf58   0x0800bf58   0x00000004   Code   RO         8325    i.RELAYM_ReqRelaySwitchOff  std_rlym.o
    0x0800bf5c   0x0800bf5c   0x00000004   Code   RO         8326    i.RELAYM_ReqRelaySwitchOn  std_rlym.o
    0x0800bf60   0x0800bf60   0x00000064   Code   RO         8220    i.RLYCTRL_AuxlDetect  std_rlyctrl.o
    0x0800bfc4   0x0800bfc4   0x00000020   Code   RO         8222    i.RLYCTRL_GetRelayStatus  std_rlyctrl.o
    0x0800bfe4   0x0800bfe4   0x00000028   Code   RO         8223    i.RLYCTRL_InitMemory  std_rlyctrl.o
    0x0800c00c   0x0800c00c   0x00000048   Code   RO         8224    i.RLYCTRL_MainFunction  std_rlyctrl.o
    0x0800c054   0x0800c054   0x000000c4   Code   RO         8225    i.RLYCTRL_ModeIdleHandle  std_rlyctrl.o
    0x0800c118   0x0800c118   0x00000054   Code   RO         8226    i.RLYCTRL_ReqRelaySwitchOff  std_rlyctrl.o
    0x0800c16c   0x0800c16c   0x00000054   Code   RO         8227    i.RLYCTRL_ReqRelaySwitchOn  std_rlyctrl.o
    0x0800c1c0   0x0800c1c0   0x00000124   Code   RO         8228    i.RLYCTRL_SwitchControl  std_rlyctrl.o
    0x0800c2e4   0x0800c2e4   0x00000014   Code   RO        10887    i.SENSOR_5msMainFunction  sensor.o
    0x0800c2f8   0x0800c2f8   0x00000062   Code   RO        10888    i.SENSOR_AdcTrimmeMeanFilter  sensor.o
    0x0800c35a   0x0800c35a   0x00000002   PAD
    0x0800c35c   0x0800c35c   0x00000074   Code   RO        10889    i.SENSOR_AverageTempValueHandleFunc  sensor.o
    0x0800c3d0   0x0800c3d0   0x0000001c   Code   RO        10890    i.SENSOR_GetSensorAdcTempValue  sensor.o
    0x0800c3ec   0x0800c3ec   0x00000010   Code   RO        10891    i.SENSOR_InitMemory  sensor.o
    0x0800c3fc   0x0800c3fc   0x0000000c   Code   RO           19    i.SPI1_IRQHandler   stm32f1xx_it.o
    0x0800c408   0x0800c408   0x0000000c   Code   RO           20    i.SPI2_IRQHandler   stm32f1xx_it.o
    0x0800c414   0x0800c414   0x00000010   Code   RO         3936    i.SPI_DMAAbortOnError  stm32f1xx_hal_spi.o
    0x0800c424   0x0800c424   0x0000005c   Code   RO         3946    i.SPI_EndRxTransaction  stm32f1xx_hal_spi.o
    0x0800c480   0x0800c480   0x00000034   Code   RO         3947    i.SPI_EndRxTxTransaction  stm32f1xx_hal_spi.o
    0x0800c4b4   0x0800c4b4   0x000000b8   Code   RO         3952    i.SPI_WaitFlagStateUntilTimeout  stm32f1xx_hal_spi.o
    0x0800c56c   0x0800c56c   0x00000010   Code   RO         5724    i.SYSM_10msMainFunction  std_sysm.o
    0x0800c57c   0x0800c57c   0x0000000c   Code   RO         5726    i.SYSM_GetCpVolMode  std_sysm.o
    0x0800c588   0x0800c588   0x00000014   Code   RO         5727    i.SYSM_GetResetPrepareStatus  std_sysm.o
    0x0800c59c   0x0800c59c   0x00000018   Code   RO         5729    i.SYSM_GetSysStatusBit  std_sysm.o
    0x0800c5b4   0x0800c5b4   0x00000004   Code   RO         5730    i.SYSM_ImmediatelyResetManage  std_sysm.o
    0x0800c5b8   0x0800c5b8   0x00000010   Code   RO         5731    i.SYSM_InitMemory   std_sysm.o
    0x0800c5c8   0x0800c5c8   0x00000016   Code   RO         5732    i.SYSM_InitOne      std_sysm.o
    0x0800c5de   0x0800c5de   0x0000002a   Code   RO         5733    i.SYSM_InitThree    std_sysm.o
    0x0800c608   0x0800c608   0x00000090   Code   RO         5734    i.SYSM_InitTwo      std_sysm.o
    0x0800c698   0x0800c698   0x00000016   Code   RO         5735    i.SYSM_InitZero     std_sysm.o
    0x0800c6ae   0x0800c6ae   0x00000002   PAD
    0x0800c6b0   0x0800c6b0   0x000000e0   Code   RO         5736    i.SYSM_OutPutDefaultCurrManage  std_sysm.o
    0x0800c790   0x0800c790   0x00000010   Code   RO         5737    i.SYSM_RunningLedHandle  std_sysm.o
    0x0800c7a0   0x0800c7a0   0x0000000c   Code   RO         5738    i.SYSM_SetCpVolMode  std_sysm.o
    0x0800c7ac   0x0800c7ac   0x00000020   Code   RO         5739    i.SYSM_SetSysStatusBit  std_sysm.o
    0x0800c7cc   0x0800c7cc   0x00000028   Code   RO         5534    i.Scheduler_ISRCb   scheduletable.o
    0x0800c7f4   0x0800c7f4   0x0000002c   Code   RO         5535    i.Scheduler_Init    scheduletable.o
    0x0800c820   0x0800c820   0x00000040   Code   RO         5536    i.Scheduler_run     scheduletable.o
    0x0800c860   0x0800c860   0x0000003c   Code   RO        10948    i.Sensor_CalculateTempHigher  sensor_cfg.o
    0x0800c89c   0x0800c89c   0x0000003c   Code   RO        10949    i.Sensor_CalculateTempLower  sensor_cfg.o
    0x0800c8d8   0x0800c8d8   0x00000006   Code   RO        10687    i.StreamBuff_CheckMessage  streambuffer.o
    0x0800c8de   0x0800c8de   0x00000002   PAD
    0x0800c8e0   0x0800c8e0   0x000000a0   Code   RO        10688    i.StreamBuff_ReceiveMessage  streambuffer.o
    0x0800c980   0x0800c980   0x00000088   Code   RO        10689    i.StreamBuff_SendMessage  streambuffer.o
    0x0800ca08   0x0800ca08   0x00000060   Code   RO        10690    i.StreamBuff_StackInit  streambuffer.o
    0x0800ca68   0x0800ca68   0x00000160   Code   RO         8390    i.SwitchM_74hct4851dControlCallBack  switchm.o
    0x0800cbc8   0x0800cbc8   0x0000000c   Code   RO         8391    i.SwitchM_Get74hct4851dOutputStatusCallBack  switchm.o
    0x0800cbd4   0x0800cbd4   0x00000028   Code   RO         8392    i.SwitchM_Init      switchm.o
    0x0800cbfc   0x0800cbfc   0x000000e4   Code   RO         8452    i.SwitchM_SetCpMosStatus  switchm_cfg.o
    0x0800cce0   0x0800cce0   0x00000074   Code   RO         8453    i.SwitchM_SetCpVol12vMode  switchm_cfg.o
    0x0800cd54   0x0800cd54   0x00000074   Code   RO         8454    i.SwitchM_SetCpVol4vMode  switchm_cfg.o
    0x0800cdc8   0x0800cdc8   0x00000014   Code   RO         8395    i.SwitchM_SoftTimerStart74hct4851d_Enable  switchm.o
    0x0800cddc   0x0800cddc   0x00000014   Code   RO           21    i.SysTick_Handler   stm32f1xx_it.o
    0x0800cdf0   0x0800cdf0   0x00000090   Code   RO         5049    i.SystemClock_Config  mcal_systick.o
    0x0800ce80   0x0800ce80   0x00000002   Code   RO          402    i.SystemInit        system_stm32f1xx.o
    0x0800ce82   0x0800ce82   0x00000002   PAD
    0x0800ce84   0x0800ce84   0x0000000c   Code   RO           22    i.TIM1_CC_IRQHandler  stm32f1xx_it.o
    0x0800ce90   0x0800ce90   0x0000000c   Code   RO           23    i.TIM6_IRQHandler   stm32f1xx_it.o
    0x0800ce9c   0x0800ce9c   0x0000000c   Code   RO           24    i.TIM7_IRQHandler   stm32f1xx_it.o
    0x0800cea8   0x0800cea8   0x00000088   Code   RO         1392    i.TIM_Base_SetConfig  stm32f1xx_hal_tim.o
    0x0800cf30   0x0800cf30   0x0000001a   Code   RO         1393    i.TIM_CCxChannelCmd  stm32f1xx_hal_tim.o
    0x0800cf4a   0x0800cf4a   0x00000014   Code   RO         1403    i.TIM_ETR_SetConfig  stm32f1xx_hal_tim.o
    0x0800cf5e   0x0800cf5e   0x00000010   Code   RO         1404    i.TIM_ITRx_SetConfig  stm32f1xx_hal_tim.o
    0x0800cf6e   0x0800cf6e   0x00000002   PAD
    0x0800cf70   0x0800cf70   0x00000058   Code   RO         1405    i.TIM_OC1_SetConfig  stm32f1xx_hal_tim.o
    0x0800cfc8   0x0800cfc8   0x0000005c   Code   RO         1406    i.TIM_OC2_SetConfig  stm32f1xx_hal_tim.o
    0x0800d024   0x0800d024   0x00000058   Code   RO         1407    i.TIM_OC3_SetConfig  stm32f1xx_hal_tim.o
    0x0800d07c   0x0800d07c   0x00000044   Code   RO         1408    i.TIM_OC4_SetConfig  stm32f1xx_hal_tim.o
    0x0800d0c0   0x0800d0c0   0x00000022   Code   RO         1410    i.TIM_TI1_ConfigInputStage  stm32f1xx_hal_tim.o
    0x0800d0e2   0x0800d0e2   0x00000024   Code   RO         1412    i.TIM_TI2_ConfigInputStage  stm32f1xx_hal_tim.o
    0x0800d106   0x0800d106   0x00000004   Code   RO         5537    i.Task1000ms        scheduletable.o
    0x0800d10a   0x0800d10a   0x00000012   Code   RO         5538    i.Task100ms         scheduletable.o
    0x0800d11c   0x0800d11c   0x00000022   Code   RO         5539    i.Task10ms          scheduletable.o
    0x0800d13e   0x0800d13e   0x00000004   Code   RO         5540    i.Task1ms           scheduletable.o
    0x0800d142   0x0800d142   0x0000000e   Code   RO         5541    i.Task20ms          scheduletable.o
    0x0800d150   0x0800d150   0x00000012   Code   RO         5542    i.Task5ms           scheduletable.o
    0x0800d162   0x0800d162   0x00000002   PAD
    0x0800d164   0x0800d164   0x0000000c   Code   RO           25    i.UART4_IRQHandler  stm32f1xx_it.o
    0x0800d170   0x0800d170   0x0000000c   Code   RO           26    i.UART5_IRQHandler  stm32f1xx_it.o
    0x0800d17c   0x0800d17c   0x00000010   Code   RO         3084    i.UART_DMAAbortOnError  stm32f1xx_hal_uart.o
    0x0800d18c   0x0800d18c   0x0000004a   Code   RO         3085    i.UART_DMAError     stm32f1xx_hal_uart.o
    0x0800d1d6   0x0800d1d6   0x00000086   Code   RO         3086    i.UART_DMAReceiveCplt  stm32f1xx_hal_uart.o
    0x0800d25c   0x0800d25c   0x0000001e   Code   RO         3088    i.UART_DMARxHalfCplt  stm32f1xx_hal_uart.o
    0x0800d27a   0x0800d27a   0x00000042   Code   RO         3090    i.UART_DMATransmitCplt  stm32f1xx_hal_uart.o
    0x0800d2bc   0x0800d2bc   0x0000000a   Code   RO         3092    i.UART_DMATxHalfCplt  stm32f1xx_hal_uart.o
    0x0800d2c6   0x0800d2c6   0x0000004e   Code   RO         3094    i.UART_EndRxTransfer  stm32f1xx_hal_uart.o
    0x0800d314   0x0800d314   0x0000001c   Code   RO         3095    i.UART_EndTxTransfer  stm32f1xx_hal_uart.o
    0x0800d330   0x0800d330   0x000000c2   Code   RO         3096    i.UART_Receive_IT   stm32f1xx_hal_uart.o
    0x0800d3f2   0x0800d3f2   0x00000002   PAD
    0x0800d3f4   0x0800d3f4   0x000000b8   Code   RO         3097    i.UART_SetConfig    stm32f1xx_hal_uart.o
    0x0800d4ac   0x0800d4ac   0x00000094   Code   RO         3098    i.UART_Start_Receive_DMA  stm32f1xx_hal_uart.o
    0x0800d540   0x0800d540   0x00000036   Code   RO         3099    i.UART_Start_Receive_IT  stm32f1xx_hal_uart.o
    0x0800d576   0x0800d576   0x00000002   PAD
    0x0800d578   0x0800d578   0x0000000c   Code   RO           27    i.USART1_IRQHandler  stm32f1xx_it.o
    0x0800d584   0x0800d584   0x0000000c   Code   RO           28    i.USART2_IRQHandler  stm32f1xx_it.o
    0x0800d590   0x0800d590   0x00000030   Code   RO         6841    i.Uint64_ToIntel    ex_fun.o
    0x0800d5c0   0x0800d5c0   0x00000002   Code   RO           29    i.UsageFault_Handler  stm32f1xx_it.o
    0x0800d5c2   0x0800d5c2   0x00000002   PAD
    0x0800d5c4   0x0800d5c4   0x0000008c   Code   RO         8781    i.VOLT_20msFunctionControl  std_volt.o
    0x0800d650   0x0800d650   0x00000024   Code   RO         8783    i.VOLT_Enable       std_volt.o
    0x0800d674   0x0800d674   0x00000014   Code   RO         8784    i.VOLT_GetL1VoltValue  std_volt.o
    0x0800d688   0x0800d688   0x00000014   Code   RO         8785    i.VOLT_GetL2VoltValue  std_volt.o
    0x0800d69c   0x0800d69c   0x00000014   Code   RO         8786    i.VOLT_GetL3VoltValue  std_volt.o
    0x0800d6b0   0x0800d6b0   0x00000044   Code   RO         8787    i.VOLT_InitMemory   std_volt.o
    0x0800d6f4   0x0800d6f4   0x00000098   Code   RO         8788    i.VOLT_ModeNormalHandle  std_volt.o
    0x0800d78c   0x0800d78c   0x00000078   Code   RO         8789    i.VOLT_ModeSelfTestHandle  std_volt.o
    0x0800d804   0x0800d804   0x0000014c   Code   RO        11507    i.YeeCom_AtCmd_Send  yeecomxxx_device.o
    0x0800d950   0x0800d950   0x00000002   Code   RO        11274    i.YeeCom_At_Get_CHMODECallback  yeecomxxx_callback.o
    0x0800d952   0x0800d952   0x00000002   Code   RO        11275    i.YeeCom_At_Get_DBGMODECallback  yeecomxxx_callback.o
    0x0800d954   0x0800d954   0x00000002   Code   RO        11276    i.YeeCom_At_Get_DFICallback  yeecomxxx_callback.o
    0x0800d956   0x0800d956   0x00000002   Code   RO        11277    i.YeeCom_At_Get_GPRSMODECallback  yeecomxxx_callback.o
    0x0800d958   0x0800d958   0x00000002   Code   RO        11278    i.YeeCom_At_Get_SERVERnCallback  yeecomxxx_callback.o
    0x0800d95a   0x0800d95a   0x00000002   Code   RO        11279    i.YeeCom_At_Get_UARTCallback  yeecomxxx_callback.o
    0x0800d95c   0x0800d95c   0x00000002   Code   RO        11280    i.YeeCom_At_OOB_Data_Passthrough_Callback  yeecomxxx_callback.o
    0x0800d95e   0x0800d95e   0x00000002   PAD
    0x0800d960   0x0800d960   0x000000d0   Code   RO        11281    i.YeeCom_At_OOB_Net_Ready_Callback  yeecomxxx_callback.o
    0x0800da30   0x0800da30   0x000000f4   Code   RO        11282    i.YeeCom_At_OOB_Net_Reset_Callback  yeecomxxx_callback.o
    0x0800db24   0x0800db24   0x00000170   Code   RO        11283    i.YeeCom_At_OOB_Power_On_Callback  yeecomxxx_callback.o
    0x0800dc94   0x0800dc94   0x00000050   Code   RO        11284    i.YeeCom_At_Set_CHMode_Callback  yeecomxxx_callback.o
    0x0800dce4   0x0800dce4   0x00000002   Code   RO        11285    i.YeeCom_At_Set_DFI_Callback  yeecomxxx_callback.o
    0x0800dce6   0x0800dce6   0x00000002   Code   RO        11286    i.YeeCom_At_Set_DebugMode_Callback  yeecomxxx_callback.o
    0x0800dce8   0x0800dce8   0x00000050   Code   RO        11287    i.YeeCom_At_Set_GPRSMode_Callback  yeecomxxx_callback.o
    0x0800dd38   0x0800dd38   0x00000080   Code   RO        11288    i.YeeCom_At_Set_RESET_Callback  yeecomxxx_callback.o
    0x0800ddb8   0x0800ddb8   0x00000050   Code   RO        11289    i.YeeCom_At_Set_SERVERn_Callback  yeecomxxx_callback.o
    0x0800de08   0x0800de08   0x00000002   Code   RO        11290    i.YeeCom_At_Set_USART_Callback  yeecomxxx_callback.o
    0x0800de0a   0x0800de0a   0x00000002   PAD
    0x0800de0c   0x0800de0c   0x0000014c   Code   RO        11509    i.YeeCom_CfgParameter  yeecomxxx_device.o
    0x0800df58   0x0800df58   0x00000068   Code   RO        11510    i.YeeCom_ErrorHandle  yeecomxxx_device.o
    0x0800dfc0   0x0800dfc0   0x00000010   Code   RO        11511    i.YeeCom_GetDeviceParameters  yeecomxxx_device.o
    0x0800dfd0   0x0800dfd0   0x00000010   Code   RO        11512    i.YeeCom_GetDeviceState  yeecomxxx_device.o
    0x0800dfe0   0x0800dfe0   0x0000011c   Code   RO        11513    i.YeeCom_Init       yeecomxxx_device.o
    0x0800e0fc   0x0800e0fc   0x000000c8   Code   RO        11514    i.YeeCom_MainFunc   yeecomxxx_device.o
    0x0800e1c4   0x0800e1c4   0x00000078   Code   RO        11515    i.YeeCom_ParameterTimeoutJudgy  yeecomxxx_device.o
    0x0800e23c   0x0800e23c   0x00000010   Code   RO        11516    i.YeeCom_ResetDevice  yeecomxxx_device.o
    0x0800e24c   0x0800e24c   0x00000020   Code   RO        11517    i.YeeCom_SetDefaultCHMode  yeecomxxx_device.o
    0x0800e26c   0x0800e26c   0x00000038   Code   RO        11518    i.YeeCom_SetDefaultCenterWorkingMode  yeecomxxx_device.o
    0x0800e2a4   0x0800e2a4   0x00000020   Code   RO        11519    i.YeeCom_SetDefaultGPRSMode  yeecomxxx_device.o
    0x0800e2c4   0x0800e2c4   0x00000010   Code   RO        11520    i.YeeCom_SetDeviceInitFlag  yeecomxxx_device.o
    0x0800e2d4   0x0800e2d4   0x00000030   Code   RO        11521    i.YeeCom_SetDeviceParameters  yeecomxxx_device.o
    0x0800e304   0x0800e304   0x00000030   Code   RO        11522    i.YeeCom_SetDeviceState  yeecomxxx_device.o
    0x0800e334   0x0800e334   0x0000000e   Code   RO         6842    i._IQnToIQm         ex_fun.o
    0x0800e342   0x0800e342   0x00000028   Code   RO        13384    i.__ARM_fpclassify  m_ws.l(fpclassify.o)
    0x0800e36a   0x0800e36a   0x00000020   Code   RO         2554    i.__NVIC_SetPriority  stm32f1xx_hal_cortex.o
    0x0800e38a   0x0800e38a   0x0000000c   Code   RO        13239    i.__mathlib_dbl_invalid  m_ws.l(dunder.o)
    0x0800e396   0x0800e396   0x00000066   Code   RO        12373    i._fdb_continue_ff_addr  fdb_utils.o
    0x0800e3fc   0x0800e3fc   0x0000000e   Code   RO        11905    i._fdb_db_path      fdb.o
    0x0800e40a   0x0800e40a   0x0000001c   Code   RO        12374    i._fdb_flash_erase  fdb_utils.o
    0x0800e426   0x0800e426   0x0000001c   Code   RO        12375    i._fdb_flash_read   fdb_utils.o
    0x0800e442   0x0800e442   0x0000001c   Code   RO        12376    i._fdb_flash_write  fdb_utils.o
    0x0800e45e   0x0800e45e   0x0000001e   Code   RO        12377    i._fdb_get_status   fdb_utils.o
    0x0800e47c   0x0800e47c   0x0000027c   Code   RO        11907    i._fdb_init_ex      fdb.o
    0x0800e6f8   0x0800e6f8   0x00000108   Code   RO        11908    i._fdb_init_finish  fdb.o
    0x0800e800   0x0800e800   0x00000104   Code   RO        11945    i._fdb_kv_load      fdb_kvdb.o
    0x0800e904   0x0800e904   0x00000094   Code   RO        12378    i._fdb_read_status  fdb_utils.o
    0x0800e998   0x0800e998   0x0000002a   Code   RO        12379    i._fdb_set_status   fdb_utils.o
    0x0800e9c2   0x0800e9c2   0x00000002   PAD
    0x0800e9c4   0x0800e9c4   0x000000dc   Code   RO        12380    i._fdb_write_status  fdb_utils.o
    0x0800eaa0   0x0800eaa0   0x0000000e   Code   RO        13034    i._is_digit         c_w.l(__printf_wp.o)
    0x0800eaae   0x0800eaae   0x00000002   PAD
    0x0800eab0   0x0800eab0   0x000001c4   Code   RO        12601    i.aai_write         sfud.o
    0x0800ec74   0x0800ec74   0x0000005a   Code   RO        11946    i.align_write       fdb_kvdb.o
    0x0800ecce   0x0800ecce   0x00000002   PAD
    0x0800ecd0   0x0800ecd0   0x0000008c   Code   RO        11947    i.alloc_kv          fdb_kvdb.o
    0x0800ed5c   0x0800ed5c   0x0000002e   Code   RO        11948    i.alloc_kv_cb       fdb_kvdb.o
    0x0800ed8a   0x0800ed8a   0x00000026   Code   RO         6843    i.array_ToUint64    ex_fun.o
    0x0800edb0   0x0800edb0   0x00000014   Code   RO        11157    i.at_deinit_uart_recv_mutex  at_parser.o
    0x0800edc4   0x0800edc4   0x0000008c   Code   RO        11158    i.at_getc           at_parser.o
    0x0800ee50   0x0800ee50   0x00000248   Code   RO        11159    i.at_parser_init    at_parser.o
    0x0800f098   0x0800f098   0x0000000c   Code   RO        11161    i.at_recvfrom_lower  at_parser.o
    0x0800f0a4   0x0800f0a4   0x0000017c   Code   RO        11162    i.at_register_callback  at_parser.o
    0x0800f220   0x0800f220   0x000001b8   Code   RO        11163    i.at_scan_for_callback  at_parser.o
    0x0800f3d8   0x0800f3d8   0x00000228   Code   RO        11165    i.at_send_wait_reply  at_parser.o
    0x0800f600   0x0800f600   0x00000004   Code   RO        11166    i.at_sendto_lower   at_parser.o
    0x0800f604   0x0800f604   0x000001a4   Code   RO        11167    i.at_work_cmd_data_processing  at_parser.o
    0x0800f7a8   0x0800f7a8   0x000000b0   Code   RO        11168    i.at_work_data_processing  at_parser.o
    0x0800f858   0x0800f858   0x000000f0   Code   RO        11169    i.at_worker         at_parser.o
    0x0800f948   0x0800f948   0x00000080   Code   RO        11170    i.at_worker_task_del  at_parser.o
    0x0800f9c8   0x0800f9c8   0x0000001c   Code   RO         6844    i.bytes_float       ex_fun.o
    0x0800f9e4   0x0800f9e4   0x0000001c   Code   RO         6845    i.bytes_uint32      ex_fun.o
    0x0800fa00   0x0800fa00   0x00000034   Code   RO         6617    i.ccp_Build_Checksum  ccp.o
    0x0800fa34   0x0800fa34   0x00000058   Code   RO         6618    i.ccp_DAQ_Task_1ms  ccp.o
    0x0800fa8c   0x0800fa8c   0x00000024   Code   RO         6795    i.ccp_DAQ_tx_queue_init  ccp_daq_tx_queue.o
    0x0800fab0   0x0800fab0   0x0000008c   Code   RO         6796    i.ccp_DAQ_tx_queue_pop  ccp_daq_tx_queue.o
    0x0800fb3c   0x0800fb3c   0x00000054   Code   RO         6797    i.ccp_DAQ_tx_queue_push  ccp_daq_tx_queue.o
    0x0800fb90   0x0800fb90   0x00000018   Code   RO         6619    i.ccp_DAQ_write_callback  ccp.o
    0x0800fba8   0x0800fba8   0x00000058   Code   RO         6620    i.ccp_DTO_Transmit  ccp.o
    0x0800fc00   0x0800fc00   0x00000068   Code   RO         6621    i.ccp_DisConnect    ccp.o
    0x0800fc68   0x0800fc68   0x000000cc   Code   RO         6622    i.ccp_Download      ccp.o
    0x0800fd34   0x0800fd34   0x000000b4   Code   RO         6623    i.ccp_Event_DAQ_Transmit  ccp.o
    0x0800fde8   0x0800fde8   0x00000028   Code   RO         6624    i.ccp_Exchange_ID   ccp.o
    0x0800fe10   0x0800fe10   0x0000006c   Code   RO         6625    i.ccp_Get_DAQ_Size  ccp.o
    0x0800fe7c   0x0800fe7c   0x0000002c   Code   RO         6626    i.ccp_Get_ECU_Addr  ccp.o
    0x0800fea8   0x0800fea8   0x0000000e   Code   RO         6627    i.ccp_Make_32Bits   ccp.o
    0x0800feb6   0x0800feb6   0x00000002   PAD
    0x0800feb8   0x0800feb8   0x0000003c   Code   RO         6628    i.ccp_Move          ccp.o
    0x0800fef4   0x0800fef4   0x0000008c   Code   RO         6629    i.ccp_Program       ccp.o
    0x0800ff80   0x0800ff80   0x00000184   Code   RO         6630    i.ccp_Read_CRO_Proc  ccp.o
    0x08010104   0x08010104   0x00000044   Code   RO         6631    i.ccp_Set_MTA       ccp.o
    0x08010148   0x08010148   0x0000012c   Code   RO         6632    i.ccp_Start_Stop    ccp.o
    0x08010274   0x08010274   0x00000084   Code   RO         6633    i.ccp_Start_Stop_All  ccp.o
    0x080102f8   0x080102f8   0x000000b8   Code   RO         6634    i.ccp_Upload        ccp.o
    0x080103b0   0x080103b0   0x0000007c   Code   RO         6635    i.ccp_Write_DAQ     ccp.o
    0x0801042c   0x0801042c   0x00000028   Code   RO         6636    i.ccp_init          ccp.o
    0x08010454   0x08010454   0x0000001e   Code   RO        11949    i.check_and_recovery_gc_cb  fdb_kvdb.o
    0x08010472   0x08010472   0x00000002   PAD
    0x08010474   0x08010474   0x00000090   Code   RO        11950    i.check_and_recovery_kv_cb  fdb_kvdb.o
    0x08010504   0x08010504   0x000000d4   Code   RO        11814    i.check_and_update_part_cache  fal_partition.o
    0x080105d8   0x080105d8   0x0000001c   Code   RO        11951    i.check_oldest_addr_cb  fdb_kvdb.o
    0x080105f4   0x080105f4   0x00000026   Code   RO        11952    i.check_sec_hdr_cb  fdb_kvdb.o
    0x0801061a   0x0801061a   0x00000002   PAD
    0x0801061c   0x0801061c   0x000000e4   Code   RO        12214    i.check_sec_hdr_cb  fdb_tsdb.o
    0x08010700   0x08010700   0x00000250   Code   RO        11953    i.create_kv_blob    fdb_kvdb.o
    0x08010950   0x08010950   0x000000a0   Code   RO        11954    i.del_kv            fdb_kvdb.o
    0x080109f0   0x080109f0   0x0000011c   Code   RO        11955    i.do_gc             fdb_kvdb.o
    0x08010b0c   0x08010b0c   0x000000b8   Code   RO         9469    i.eTaskGetState     tasks.o
    0x08010bc4   0x08010bc4   0x0000008c   Code   RO        11764    i.erase             fal_flash_sfud_port.o
    0x08010c50   0x08010c50   0x00000012   Code   RO         6846    i.exfn_pow          ex_fun.o
    0x08010c62   0x08010c62   0x00000002   PAD
    0x08010c64   0x08010c64   0x00000080   Code   RO        11725    i.fal_flash_device_find  fal_flash.o
    0x08010ce4   0x08010ce4   0x0000010c   Code   RO        11726    i.fal_flash_init    fal_flash.o
    0x08010df0   0x08010df0   0x000000dc   Code   RO        11687    i.fal_init          fal.o
    0x08010ecc   0x08010ecc   0x00000140   Code   RO        11816    i.fal_partition_erase  fal_partition.o
    0x0801100c   0x0801100c   0x00000070   Code   RO        11818    i.fal_partition_find  fal_partition.o
    0x0801107c   0x0801107c   0x0000002c   Code   RO        11819    i.fal_partition_init  fal_partition.o
    0x080110a8   0x080110a8   0x00000154   Code   RO        11820    i.fal_partition_read  fal_partition.o
    0x080111fc   0x080111fc   0x00000158   Code   RO        11821    i.fal_partition_write  fal_partition.o
    0x08011354   0x08011354   0x0000021c   Code   RO        11823    i.fal_show_part_table  fal_partition.o
    0x08011570   0x08011570   0x00000006   Code   RO        12381    i.fdb_blob_make     fdb_utils.o
    0x08011576   0x08011576   0x00000002   PAD
    0x08011578   0x08011578   0x00000030   Code   RO        12383    i.fdb_calc_crc32    fdb_utils.o
    0x080115a8   0x080115a8   0x000000c4   Code   RO        12798    i.fdb_init          fdbm.o
    0x0801166c   0x0801166c   0x0000001a   Code   RO        11956    i.fdb_is_str        fdb_kvdb.o
    0x08011686   0x08011686   0x00000002   PAD
    0x08011688   0x08011688   0x0000009c   Code   RO        11957    i.fdb_kv_del        fdb_kvdb.o
    0x08011724   0x08011724   0x000000e8   Code   RO        11958    i.fdb_kv_get        fdb_kvdb.o
    0x0801180c   0x0801180c   0x000000dc   Code   RO        11959    i.fdb_kv_get_blob   fdb_kvdb.o
    0x080118e8   0x080118e8   0x000000a0   Code   RO        11960    i.fdb_kv_get_obj    fdb_kvdb.o
    0x08011988   0x08011988   0x00000030   Code   RO        11964    i.fdb_kv_set        fdb_kvdb.o
    0x080119b8   0x080119b8   0x000000a0   Code   RO        11965    i.fdb_kv_set_blob   fdb_kvdb.o
    0x08011a58   0x08011a58   0x0000008c   Code   RO        11966    i.fdb_kv_set_default  fdb_kvdb.o
    0x08011ae4   0x08011ae4   0x00000144   Code   RO        11969    i.fdb_kvdb_control  fdb_kvdb.o
    0x08011c28   0x08011c28   0x0000010c   Code   RO        11971    i.fdb_kvdb_init     fdb_kvdb.o
    0x08011d34   0x08011d34   0x000001a4   Code   RO        12215    i.fdb_tsdb_control  fdb_tsdb.o
    0x08011ed8   0x08011ed8   0x000001c8   Code   RO        12217    i.fdb_tsdb_init     fdb_tsdb.o
    0x080120a0   0x080120a0   0x0000001c   Code   RO        12870    i.fdb_wrapper_kv_exist  flashdb_wrapper.o
    0x080120bc   0x080120bc   0x0000003e   Code   RO        12871    i.fdb_wrapper_kv_get  flashdb_wrapper.o
    0x080120fa   0x080120fa   0x0000003e   Code   RO        12872    i.fdb_wrapper_kv_get_blob  flashdb_wrapper.o
    0x08012138   0x08012138   0x00000014   Code   RO        12873    i.fdb_wrapper_kv_set  flashdb_wrapper.o
    0x0801214c   0x0801214c   0x00000032   Code   RO        12874    i.fdb_wrapper_kv_set_data  flashdb_wrapper.o
    0x0801217e   0x0801217e   0x00000004   Code   RO        11972    i.find_kv           fdb_kvdb.o
    0x08012182   0x08012182   0x00000036   Code   RO        11973    i.find_kv_cb        fdb_kvdb.o
    0x080121b8   0x080121b8   0x00000024   Code   RO        11974    i.find_kv_no_cache  fdb_kvdb.o
    0x080121dc   0x080121dc   0x0000007c   Code   RO        11975    i.find_next_kv_addr  fdb_kvdb.o
    0x08012258   0x08012258   0x000000b0   Code   RO        11824    i.flash_device_find_by_part  fal_partition.o
    0x08012308   0x08012308   0x000000dc   Code   RO        13147    i.floor             m_ws.l(floor.o)
    0x080123e4   0x080123e4   0x00000094   Code   RO        13151    i.fmod              m_ws.l(fmod.o)
    0x08012478   0x08012478   0x00000010   Code   RO        12227    i.format_all_cb     fdb_tsdb.o
    0x08012488   0x08012488   0x00000104   Code   RO        11976    i.format_sector     fdb_kvdb.o
    0x0801258c   0x0801258c   0x000000dc   Code   RO        12228    i.format_sector     fdb_tsdb.o
    0x08012668   0x08012668   0x00000012   Code   RO        11977    i.gc_check_cb       fdb_kvdb.o
    0x0801267a   0x0801267a   0x00000006   Code   RO        11978    i.gc_collect        fdb_kvdb.o
    0x08012680   0x08012680   0x00000058   Code   RO        11979    i.gc_collect_by_free_size  fdb_kvdb.o
    0x080126d8   0x080126d8   0x00000056   Code   RO        11980    i.get_next_kv_addr  fdb_kvdb.o
    0x0801272e   0x0801272e   0x00000026   Code   RO        11981    i.get_next_sector_addr  fdb_kvdb.o
    0x08012754   0x08012754   0x0000001e   Code   RO        12231    i.get_next_sector_addr  fdb_tsdb.o
    0x08012772   0x08012772   0x00000002   PAD
    0x08012774   0x08012774   0x00000010   Code   RO        12799    i.get_time          fdbm.o
    0x08012784   0x08012784   0x00000278   Code   RO        12602    i.hardware_init     sfud.o
    0x080129fc   0x080129fc   0x0000001c   Code   RO        11765    i.init              fal_flash_sfud_port.o
    0x08012a18   0x08012a18   0x0000028c   Code   RO          439    i.init_task         main.o
    0x08012ca4   0x08012ca4   0x00000072   Code   RO        11982    i.kv_iterator       fdb_kvdb.o
    0x08012d16   0x08012d16   0x00000002   PAD
    0x08012d18   0x08012d18   0x00000018   Code   RO        12800    i.lock              fdbm.o
    0x08012d30   0x08012d30   0x00000068   Code   RO          440    i.main              main.o
    0x08012d98   0x08012d98   0x0000007c   Code   RO        12603    i.make_adress_byte_array  sfud.o
    0x08012e14   0x08012e14   0x0000002a   Code   RO         6847    i.motorola_GetValueByPos  ex_fun.o
    0x08012e3e   0x08012e3e   0x0000001c   Code   RO         6848    i.motorola_GetValueByPos_signed  ex_fun.o
    0x08012e5a   0x08012e5a   0x0000002e   Code   RO         6849    i.motorola_SetValueByPos  ex_fun.o
    0x08012e88   0x08012e88   0x0000000c   Code   RO         6850    i.motorola_ToUint16  ex_fun.o
    0x08012e94   0x08012e94   0x000000fc   Code   RO        11983    i.move_kv           fdb_kvdb.o
    0x08012f90   0x08012f90   0x000000bc   Code   RO        11984    i.new_kv            fdb_kvdb.o
    0x0801304c   0x0801304c   0x000001e4   Code   RO        12604    i.page256_or_1_byte_write  sfud.o
    0x08013230   0x08013230   0x0000001c   Code   RO        10427    i.print_free        apptask_coreprinttask.o
    0x0801324c   0x0801324c   0x00000048   Code   RO        10428    i.print_malloc      apptask_coreprinttask.o
    0x08013294   0x08013294   0x00000090   Code   RO         9471    i.prvAddCurrentTaskToDelayedList  tasks.o
    0x08013324   0x08013324   0x000000f0   Code   RO         9472    i.prvAddNewTaskToReadyList  tasks.o
    0x08013414   0x08013414   0x00000012   Code   RO         9276    i.prvBytesInBuffer  stream_buffer.o
    0x08013426   0x08013426   0x00000002   PAD
    0x08013428   0x08013428   0x00000058   Code   RO         9951    i.prvCheckForValidListAndQueue  timers.o
    0x08013480   0x08013480   0x0000003c   Code   RO         9473    i.prvCheckTasksWaitingTermination  tasks.o
    0x080134bc   0x080134bc   0x00000026   Code   RO         9033    i.prvCopyDataFromQueue  queue.o
    0x080134e2   0x080134e2   0x0000006c   Code   RO         9034    i.prvCopyDataToQueue  queue.o
    0x0801354e   0x0801354e   0x00000002   PAD
    0x08013550   0x08013550   0x00000068   Code   RO         9474    i.prvCreateIdleTasks  tasks.o
    0x080135b8   0x080135b8   0x0000009c   Code   RO         9475    i.prvCreateStaticTask  tasks.o
    0x08013654   0x08013654   0x00000064   Code   RO         9476    i.prvDeleteTCB      tasks.o
    0x080136b8   0x080136b8   0x00000044   Code   RO        10137    i.prvHeapInit       heap_4.o
    0x080136fc   0x080136fc   0x00000028   Code   RO         9477    i.prvIdleTask       tasks.o
    0x08013724   0x08013724   0x00000016   Code   RO         9035    i.prvInitialiseMutex  queue.o
    0x0801373a   0x0801373a   0x00000020   Code   RO         9036    i.prvInitialiseNewQueue  queue.o
    0x0801375a   0x0801375a   0x00000002   PAD
    0x0801375c   0x0801375c   0x0000007c   Code   RO         9277    i.prvInitialiseNewStreamBuffer  stream_buffer.o
    0x080137d8   0x080137d8   0x000000d0   Code   RO         9478    i.prvInitialiseNewTask  tasks.o
    0x080138a8   0x080138a8   0x000000bc   Code   RO        10138    i.prvInsertBlockIntoFreeList  heap_4.o
    0x08013964   0x08013964   0x00000038   Code   RO         9953    i.prvInsertTimerInActiveList  timers.o
    0x0801399c   0x0801399c   0x0000001a   Code   RO         9037    i.prvIsQueueEmpty   queue.o
    0x080139b6   0x080139b6   0x00000036   Code   RO         9479    i.prvListTasksWithinSingleList  tasks.o
    0x080139ec   0x080139ec   0x00000040   Code   RO         9954    i.prvProcessExpiredTimer  timers.o
    0x08013a2c   0x08013a2c   0x0000012c   Code   RO         9955    i.prvProcessReceivedCommands  timers.o
    0x08013b58   0x08013b58   0x0000006c   Code   RO         9956    i.prvProcessTimerOrBlockTask  timers.o
    0x08013bc4   0x08013bc4   0x000000ac   Code   RO         9278    i.prvReadBytesFromBuffer  stream_buffer.o
    0x08013c70   0x08013c70   0x00000046   Code   RO         9279    i.prvReadMessageFromBuffer  stream_buffer.o
    0x08013cb6   0x08013cb6   0x00000028   Code   RO         9957    i.prvReloadTimer    timers.o
    0x08013cde   0x08013cde   0x00000002   PAD
    0x08013ce0   0x08013ce0   0x0000001c   Code   RO         9480    i.prvResetNextTaskUnblockTime  tasks.o
    0x08013cfc   0x08013cfc   0x00000048   Code   RO         9958    i.prvSampleTimeNow  timers.o
    0x08013d44   0x08013d44   0x00000010   Code   RO         9481    i.prvSnprintfReturnValueToCharsWritten  tasks.o
    0x08013d54   0x08013d54   0x00000012   Code   RO         9482    i.prvTaskCheckFreeStackSpace  tasks.o
    0x08013d66   0x08013d66   0x00000002   PAD
    0x08013d68   0x08013d68   0x0000006c   Code   RO        10209    i.prvTaskExitError  port.o
    0x08013dd4   0x08013dd4   0x00000028   Code   RO         9959    i.prvTimerTask      timers.o
    0x08013dfc   0x08013dfc   0x0000006a   Code   RO         9038    i.prvUnlockQueue    queue.o
    0x08013e66   0x08013e66   0x00000002   PAD
    0x08013e68   0x08013e68   0x000000b0   Code   RO         9280    i.prvWriteBytesToBuffer  stream_buffer.o
    0x08013f18   0x08013f18   0x0000009c   Code   RO         9281    i.prvWriteMessageToBuffer  stream_buffer.o
    0x08013fb4   0x08013fb4   0x00000022   Code   RO         9484    i.prvWriteNameToBuffer  tasks.o
    0x08013fd6   0x08013fd6   0x00000002   PAD
    0x08013fd8   0x08013fd8   0x00000180   Code   RO        10140    i.pvPortMalloc      heap_4.o
    0x08014158   0x08014158   0x00000014   Code   RO         9486    i.pvTaskIncrementMutexHeldCount  tasks.o
    0x0801416c   0x0801416c   0x00000024   Code   RO        10210    i.pxPortInitialiseStack  port.o
    0x08014190   0x08014190   0x00000088   Code   RO        11766    i.read              fal_flash_sfud_port.o
    0x08014218   0x08014218   0x00000110   Code   RO        12742    i.read_basic_header  sfud_sfdp.o
    0x08014328   0x08014328   0x0000048c   Code   RO        12743    i.read_basic_table  sfud_sfdp.o
    0x080147b4   0x080147b4   0x0000008c   Code   RO        12605    i.read_jedec_id     sfud.o
    0x08014840   0x08014840   0x00000218   Code   RO        11986    i.read_kv           fdb_kvdb.o
    0x08014a58   0x08014a58   0x000001c8   Code   RO        11987    i.read_sector_info  fdb_kvdb.o
    0x08014c20   0x08014c20   0x0000020c   Code   RO        12234    i.read_sector_info  fdb_tsdb.o
    0x08014e2c   0x08014e2c   0x000000c8   Code   RO        12744    i.read_sfdp_data    sfud_sfdp.o
    0x08014ef4   0x08014ef4   0x0000014c   Code   RO        12745    i.read_sfdp_header  sfud_sfdp.o
    0x08015040   0x08015040   0x00000044   Code   RO        12235    i.read_tsl          fdb_tsdb.o
    0x08015084   0x08015084   0x000000e8   Code   RO        12606    i.reset             sfud.o
    0x0801516c   0x0801516c   0x00000006   Code   RO        12550    i.retry_delay_1ms   sfud_port.o
    0x08015172   0x08015172   0x00000002   PAD
    0x08015174   0x08015174   0x0000002c   Code   RO         7588    i.rtIsInf           rt_nonfinite.o
    0x080151a0   0x080151a0   0x0000001a   Code   RO         7590    i.rtIsNaN           rt_nonfinite.o
    0x080151ba   0x080151ba   0x00000066   Code   RO        11988    i.sector_iterator   fdb_kvdb.o
    0x08015220   0x08015220   0x00000066   Code   RO        12236    i.sector_iterator   fdb_tsdb.o
    0x08015286   0x08015286   0x00000022   Code   RO        11989    i.sector_statistics_cb  fdb_kvdb.o
    0x080152a8   0x080152a8   0x000000f4   Code   RO        12607    i.set_4_byte_address_mode  sfud.o
    0x0801539c   0x0801539c   0x000000c4   Code   RO        11990    i.set_kv            fdb_kvdb.o
    0x08015460   0x08015460   0x000000dc   Code   RO        12608    i.set_write_enabled  sfud.o
    0x0801553c   0x0801553c   0x00000110   Code   RO        12609    i.sfud_chip_erase   sfud.o
    0x0801564c   0x0801564c   0x000000c0   Code   RO        12610    i.sfud_device_init  sfud.o
    0x0801570c   0x0801570c   0x000001bc   Code   RO        12611    i.sfud_erase        sfud.o
    0x080158c8   0x080158c8   0x00000110   Code   RO        12617    i.sfud_read         sfud.o
    0x080159d8   0x080159d8   0x00000068   Code   RO        12746    i.sfud_read_sfdp    sfud_sfdp.o
    0x08015a40   0x08015a40   0x00000068   Code   RO        12618    i.sfud_read_status  sfud.o
    0x08015aa8   0x08015aa8   0x00000088   Code   RO        12747    i.sfud_sfdp_get_suitable_eraser  sfud_sfdp.o
    0x08015b30   0x08015b30   0x00000090   Code   RO        12551    i.sfud_spi_port_init  sfud_port.o
    0x08015bc0   0x08015bc0   0x0000002a   Code   RO        12619    i.sfud_write        sfud.o
    0x08015bea   0x08015bea   0x00000002   PAD
    0x08015bec   0x08015bec   0x000000b8   Code   RO        12620    i.sfud_write_status  sfud.o
    0x08015ca4   0x08015ca4   0x00000018   Code   RO        11643    i.spi_flash_init    drv_spi_flash.o
    0x08015cbc   0x08015cbc   0x00000010   Code   RO        12552    i.spi_lock          sfud_port.o
    0x08015ccc   0x08015ccc   0x00000014   Code   RO        12553    i.spi_unlock        sfud_port.o
    0x08015ce0   0x08015ce0   0x000000d0   Code   RO        12554    i.spi_write_read    sfud_port.o
    0x08015db0   0x08015db0   0x00000014   Code   RO         6851    i.sum_of_average    ex_fun.o
    0x08015dc4   0x08015dc4   0x0000009c   Code   RO        12238    i.tsl_format_all    fdb_tsdb.o
    0x08015e60   0x08015e60   0x0000000e   Code   RO         6852    i.uint16_ToMotorola  ex_fun.o
    0x08015e6e   0x08015e6e   0x00000010   Code   RO         6853    i.uint32_bytes      ex_fun.o
    0x08015e7e   0x08015e7e   0x00000028   Code   RO         6854    i.uint64_ToArray    ex_fun.o
    0x08015ea6   0x08015ea6   0x00000002   PAD
    0x08015ea8   0x08015ea8   0x000000d8   Code   RO         9487    i.ulTaskGenericNotifyTake  tasks.o
    0x08015f80   0x08015f80   0x00000018   Code   RO        12801    i.unlock            fdbm.o
    0x08015f98   0x08015f98   0x0000005c   Code   RO        11991    i.update_sec_status  fdb_kvdb.o
    0x08015ff4   0x08015ff4   0x00000024   Code   RO         8992    i.uxListRemove      list.o
    0x08016018   0x08016018   0x0000000c   Code   RO         9493    i.uxTaskGetNumberOfTasks  tasks.o
    0x08016024   0x08016024   0x000000b0   Code   RO         9495    i.uxTaskGetSystemState  tasks.o
    0x080160d4   0x080160d4   0x00000014   Code   RO         9500    i.vApplicationGetIdleTaskMemory  tasks.o
    0x080160e8   0x080160e8   0x00000014   Code   RO         9501    i.vApplicationGetTimerTaskMemory  tasks.o
    0x080160fc   0x080160fc   0x00000016   Code   RO         8993    i.vListInitialise   list.o
    0x08016112   0x08016112   0x00000006   Code   RO         8994    i.vListInitialiseItem  list.o
    0x08016118   0x08016118   0x00000030   Code   RO         8995    i.vListInsert       list.o
    0x08016148   0x08016148   0x00000018   Code   RO         8996    i.vListInsertEnd    list.o
    0x08016160   0x08016160   0x00000080   Code   RO        10212    i.vPortEnterCritical  port.o
    0x080161e0   0x080161e0   0x0000006c   Code   RO        10213    i.vPortExitCritical  port.o
    0x0801624c   0x0801624c   0x000000d8   Code   RO        10141    i.vPortFree         heap_4.o
    0x08016324   0x08016324   0x00000024   Code   RO        10214    i.vPortSetupTimerInterrupt  port.o
    0x08016348   0x08016348   0x00000094   Code   RO        10215    i.vPortValidateInterruptPriority  port.o
    0x080163dc   0x080163dc   0x00000080   Code   RO         9046    i.vQueueAddToRegistry  queue.o
    0x0801645c   0x0801645c   0x0000005c   Code   RO         9047    i.vQueueDelete      queue.o
    0x080164b8   0x080164b8   0x0000006c   Code   RO         9049    i.vQueueUnregisterQueue  queue.o
    0x08016524   0x08016524   0x00000044   Code   RO         9050    i.vQueueWaitForMessageRestricted  queue.o
    0x08016568   0x08016568   0x00000078   Code   RO         9502    i.vTaskDelay        tasks.o
    0x080165e0   0x080165e0   0x000000ec   Code   RO         9503    i.vTaskDelete       tasks.o
    0x080166cc   0x080166cc   0x00000158   Code   RO         9505    i.vTaskGenericNotifyGiveFromISR  tasks.o
    0x08016824   0x08016824   0x000000a0   Code   RO         9506    i.vTaskGetInfo      tasks.o
    0x080168c4   0x080168c4   0x000000c8   Code   RO         9507    i.vTaskGetRunTimeStatistics  tasks.o
    0x0801698c   0x0801698c   0x00000010   Code   RO         9508    i.vTaskInternalSetTimeOutState  tasks.o
    0x0801699c   0x0801699c   0x000000d0   Code   RO         9509    i.vTaskListTasks    tasks.o
    0x08016a6c   0x08016a6c   0x0000000c   Code   RO         9510    i.vTaskMissedYield  tasks.o
    0x08016a78   0x08016a78   0x00000060   Code   RO         9511    i.vTaskPlaceOnEventList  tasks.o
    0x08016ad8   0x08016ad8   0x00000084   Code   RO         9512    i.vTaskPlaceOnEventListRestricted  tasks.o
    0x08016b5c   0x08016b5c   0x000000f0   Code   RO         9514    i.vTaskPriorityDisinheritAfterTimeout  tasks.o
    0x08016c4c   0x08016c4c   0x0000005c   Code   RO         9521    i.vTaskSetTimeOutState  tasks.o
    0x08016ca8   0x08016ca8   0x00000088   Code   RO         9522    i.vTaskStartScheduler  tasks.o
    0x08016d30   0x08016d30   0x00000010   Code   RO         9524    i.vTaskSuspendAll   tasks.o
    0x08016d40   0x08016d40   0x000000b8   Code   RO         9525    i.vTaskSwitchContext  tasks.o
    0x08016df8   0x08016df8   0x000000a4   Code   RO        12621    i.wait_busy         sfud.o
    0x08016e9c   0x08016e9c   0x00000090   Code   RO        11767    i.write             fal_flash_sfud_port.o
    0x08016f2c   0x08016f2c   0x0000000c   Code   RO        10145    i.xPortGetFreeHeapSize  heap_4.o
    0x08016f38   0x08016f38   0x0000000c   Code   RO        10146    i.xPortGetMinimumEverFreeHeapSize  heap_4.o
    0x08016f44   0x08016f44   0x000000f0   Code   RO        10216    i.xPortStartScheduler  port.o
    0x08017034   0x08017034   0x0000002c   Code   RO        10217    i.xPortSysTickHandler  port.o
    0x08017060   0x08017060   0x0000005c   Code   RO         9051    i.xQueueCreateCountingSemaphore  queue.o
    0x080170bc   0x080170bc   0x00000016   Code   RO         9053    i.xQueueCreateMutex  queue.o
    0x080170d2   0x080170d2   0x00000002   PAD
    0x080170d4   0x080170d4   0x00000084   Code   RO         9055    i.xQueueGenericCreate  queue.o
    0x08017158   0x08017158   0x00000090   Code   RO         9056    i.xQueueGenericCreateStatic  queue.o
    0x080171e8   0x080171e8   0x000000dc   Code   RO         9058    i.xQueueGenericReset  queue.o
    0x080172c4   0x080172c4   0x00000180   Code   RO         9059    i.xQueueGenericSend  queue.o
    0x08017444   0x08017444   0x000000f8   Code   RO         9060    i.xQueueGenericSendFromISR  queue.o
    0x0801753c   0x0801753c   0x0000015c   Code   RO         9067    i.xQueueReceive     queue.o
    0x08017698   0x08017698   0x0000018c   Code   RO         9069    i.xQueueSemaphoreTake  queue.o
    0x08017824   0x08017824   0x00000054   Code   RO         9288    i.xStreamBufferBytesAvailable  stream_buffer.o
    0x08017878   0x08017878   0x000000b8   Code   RO         9289    i.xStreamBufferGenericCreate  stream_buffer.o
    0x08017930   0x08017930   0x00000114   Code   RO         9295    i.xStreamBufferReceive  stream_buffer.o
    0x08017a44   0x08017a44   0x000000c0   Code   RO         9297    i.xStreamBufferReceiveFromISR  stream_buffer.o
    0x08017b04   0x08017b04   0x00000144   Code   RO         9300    i.xStreamBufferSend  stream_buffer.o
    0x08017c48   0x08017c48   0x000000c4   Code   RO         9302    i.xStreamBufferSendFromISR  stream_buffer.o
    0x08017d0c   0x08017d0c   0x00000068   Code   RO         9304    i.xStreamBufferSpacesAvailable  stream_buffer.o
    0x08017d74   0x08017d74   0x000000a4   Code   RO         9527    i.xTaskCheckForTimeOut  tasks.o
    0x08017e18   0x08017e18   0x00000068   Code   RO         9528    i.xTaskCreate       tasks.o
    0x08017e80   0x08017e80   0x00000024   Code   RO         9529    i.xTaskCreateStatic  tasks.o
    0x08017ea4   0x08017ea4   0x000000bc   Code   RO         9530    i.xTaskDelayUntil   tasks.o
    0x08017f60   0x08017f60   0x0000016c   Code   RO         9531    i.xTaskGenericNotify  tasks.o
    0x080180cc   0x080180cc   0x000001a4   Code   RO         9532    i.xTaskGenericNotifyFromISR  tasks.o
    0x08018270   0x08018270   0x00000070   Code   RO         9533    i.xTaskGenericNotifyStateClear  tasks.o
    0x080182e0   0x080182e0   0x000000fc   Code   RO         9534    i.xTaskGenericNotifyWait  tasks.o
    0x080183dc   0x080183dc   0x0000000c   Code   RO         9535    i.xTaskGetCurrentTaskHandle  tasks.o
    0x080183e8   0x080183e8   0x0000001c   Code   RO         9537    i.xTaskGetSchedulerState  tasks.o
    0x08018404   0x08018404   0x0000000c   Code   RO         9539    i.xTaskGetTickCount  tasks.o
    0x08018410   0x08018410   0x00000158   Code   RO         9541    i.xTaskIncrementTick  tasks.o
    0x08018568   0x08018568   0x000000e0   Code   RO         9542    i.xTaskPriorityDisinherit  tasks.o
    0x08018648   0x08018648   0x000000b4   Code   RO         9543    i.xTaskPriorityInherit  tasks.o
    0x080186fc   0x080186fc   0x0000010c   Code   RO         9544    i.xTaskRemoveFromEventList  tasks.o
    0x08018808   0x08018808   0x0000017c   Code   RO         9545    i.xTaskResumeAll    tasks.o
    0x08018984   0x08018984   0x00000090   Code   RO         9969    i.xTimerCreateTimerTask  timers.o
    0x08018a14   0x08018a14   0x0000002c   Code   RO        13287    locale$$code        c_w.l(lc_ctype_c.o)
    0x08018a40   0x08018a40   0x0000002c   Code   RO        13321    locale$$code        c_w.l(lc_numeric_c.o)
    0x08018a6c   0x08018a6c   0x00000062   Code   RO        13088    x$fpl$d2f           fz_ws.l(d2f.o)
    0x08018ace   0x08018ace   0x00000002   PAD
    0x08018ad0   0x08018ad0   0x00000150   Code   RO        13090    x$fpl$dadd          fz_ws.l(daddsub_clz.o)
    0x08018c20   0x08018c20   0x00000018   Code   RO        13211    x$fpl$dcmpinf       fz_ws.l(dcmpi.o)
    0x08018c38   0x08018c38   0x000002b0   Code   RO        13097    x$fpl$ddiv          fz_ws.l(ddiv.o)
    0x08018ee8   0x08018ee8   0x00000078   Code   RO        13100    x$fpl$deqf          fz_ws.l(deqf.o)
    0x08018f60   0x08018f60   0x0000005a   Code   RO        13102    x$fpl$dfixu         fz_ws.l(dfixu.o)
    0x08018fba   0x08018fba   0x0000002e   Code   RO        13107    x$fpl$dflt          fz_ws.l(dflt_clz.o)
    0x08018fe8   0x08018fe8   0x00000026   Code   RO        13106    x$fpl$dfltu         fz_ws.l(dflt_clz.o)
    0x0801900e   0x0801900e   0x00000002   PAD
    0x08019010   0x08019010   0x0000008a   Code   RO        13113    x$fpl$dfltull       fz_ws.l(dfltll_clz.o)
    0x0801909a   0x0801909a   0x00000002   PAD
    0x0801909c   0x0801909c   0x00000078   Code   RO        13116    x$fpl$dleqf         fz_ws.l(dleqf.o)
    0x08019114   0x08019114   0x00000154   Code   RO        13118    x$fpl$dmul          fz_ws.l(dmul.o)
    0x08019268   0x08019268   0x0000009c   Code   RO        13213    x$fpl$dnaninf       fz_ws.l(dnaninf.o)
    0x08019304   0x08019304   0x00000150   Code   RO        13215    x$fpl$drem          fz_ws.l(drem_clz.o)
    0x08019454   0x08019454   0x0000000c   Code   RO        13217    x$fpl$dretinf       fz_ws.l(dretinf.o)
    0x08019460   0x08019460   0x0000006c   Code   RO        13219    x$fpl$drleqf        fz_ws.l(drleqf.o)
    0x080194cc   0x080194cc   0x00000016   Code   RO        13091    x$fpl$drsb          fz_ws.l(daddsub_clz.o)
    0x080194e2   0x080194e2   0x00000002   PAD
    0x080194e4   0x080194e4   0x000001d4   Code   RO        13092    x$fpl$dsub          fz_ws.l(daddsub_clz.o)
    0x080196b8   0x080196b8   0x00000056   Code   RO        13120    x$fpl$f2d           fz_ws.l(f2d.o)
    0x0801970e   0x0801970e   0x00000002   PAD
    0x08019710   0x08019710   0x000000c4   Code   RO        13122    x$fpl$fadd          fz_ws.l(faddsub_clz.o)
    0x080197d4   0x080197d4   0x00000184   Code   RO        13129    x$fpl$fdiv          fz_ws.l(fdiv.o)
    0x08019958   0x08019958   0x0000003e   Code   RO        13134    x$fpl$ffixu         fz_ws.l(ffixu.o)
    0x08019996   0x08019996   0x00000002   PAD
    0x08019998   0x08019998   0x00000026   Code   RO        13138    x$fpl$ffltu         fz_ws.l(fflt_clz.o)
    0x080199be   0x080199be   0x00000002   PAD
    0x080199c0   0x080199c0   0x00000102   Code   RO        13144    x$fpl$fmul          fz_ws.l(fmul.o)
    0x08019ac2   0x08019ac2   0x0000008c   Code   RO        13223    x$fpl$fnaninf       fz_ws.l(fnaninf.o)
    0x08019b4e   0x08019b4e   0x0000000a   Code   RO        13225    x$fpl$fretinf       fz_ws.l(fretinf.o)
    0x08019b58   0x08019b58   0x000000ea   Code   RO        13124    x$fpl$fsub          fz_ws.l(faddsub_clz.o)
    0x08019c42   0x08019c42   0x00000004   Code   RO        13227    x$fpl$printf1       fz_ws.l(printf1.o)
    0x08019c46   0x08019c46   0x00000004   Code   RO        13229    x$fpl$printf2       fz_ws.l(printf2.o)
    0x08019c4a   0x08019c4a   0x00000000   Code   RO        13235    x$fpl$usenofp       fz_ws.l(usenofp.o)
    0x08019c4a   0x08019c4a   0x00000010   Data   RO          403    .constdata          system_stm32f1xx.o
    0x08019c5a   0x08019c5a   0x00000008   Data   RO          404    .constdata          system_stm32f1xx.o
    0x08019c62   0x08019c62   0x0000001e   Data   RO         3484    .constdata          stm32f1xx_hal_rcc.o
    0x08019c80   0x08019c80   0x0000001e   Data   RO         3580    .constdata          stm32f1xx_hal_rcc_ex.o
    0x08019c9e   0x08019c9e   0x00000039   Data   RO         4538    .constdata          mcal_adc_cfg.o
    0x08019cd7   0x08019cd7   0x00000001   PAD
    0x08019cd8   0x08019cd8   0x00000044   Data   RO         5283    .constdata          mcal_usart_cfg.o
    0x08019d1c   0x08019d1c   0x00000006   Data   RO         6033    .constdata          std_fifo_cfg.o
    0x08019d22   0x08019d22   0x00000100   Data   RO         6160    .constdata          lib_crc.o
    0x08019e22   0x08019e22   0x00000002   PAD
    0x08019e24   0x08019e24   0x0000005c   Data   RO         6195    .constdata          std_logservice.o
    0x08019e80   0x08019e80   0x000000a6   Data   RO         6317    .constdata          mcal_can_cfg.o
    0x08019f26   0x08019f26   0x00000014   Data   RO         6640    .constdata          ccp.o
    0x08019f3a   0x08019f3a   0x00000014   Data   RO         6947    .constdata          ccp_candrv.o
    0x08019f4e   0x08019f4e   0x00000018   Data   RO         7051    .constdata          std_evsem.o
    0x08019f66   0x08019f66   0x00000002   PAD
    0x08019f68   0x08019f68   0x00000010   Data   RO         7698    .constdata          cpdrvif.o
    0x08019f78   0x08019f78   0x00000180   Data   RO         8107    .constdata          std_errorhandler_cfg.o
    0x0801a0f8   0x0801a0f8   0x00000048   Data   RO         8185    .constdata          std_mosdrv_cfg.o
    0x0801a140   0x0801a140   0x00000028   Data   RO        10512    .constdata          modbus_cfg.o
    0x0801a168   0x0801a168   0x0000001d   Data   RO        10626    .constdata          modbusm.o
    0x0801a185   0x0801a185   0x00000056   Data   RO        10742    .constdata          fanm.o
    0x0801a1db   0x0801a1db   0x0000001f   Data   RO        10838    .constdata          fanm_drv.o
    0x0801a1fa   0x0801a1fa   0x00000008   Data   RO        10950    .constdata          sensor_cfg.o
    0x0801a202   0x0801a202   0x0000006a   Data   RO        11172    .constdata          at_parser.o
    0x0801a26c   0x0801a26c   0x000000bc   Data   RO        11291    .constdata          yeecomxxx_callback.o
    0x0801a328   0x0801a328   0x00000060   Data   RO        11414    .constdata          yeecomxxx_at_cfg.o
    0x0801a388   0x0801a388   0x000000c4   Data   RO        11415    .constdata          yeecomxxx_at_cfg.o
    0x0801a44c   0x0801a44c   0x000000a8   Data   RO        11416    .constdata          yeecomxxx_at_cfg.o
    0x0801a4f4   0x0801a4f4   0x00000090   Data   RO        11524    .constdata          yeecomxxx_device.o
    0x0801a584   0x0801a584   0x00000009   Data   RO        11689    .constdata          fal.o
    0x0801a58d   0x0801a58d   0x00000003   PAD
    0x0801a590   0x0801a590   0x00000029   Data   RO        11727    .constdata          fal_flash.o
    0x0801a5b9   0x0801a5b9   0x00000011   Data   RO        11768    .constdata          fal_flash_sfud_port.o
    0x0801a5ca   0x0801a5ca   0x00000002   PAD
    0x0801a5cc   0x0801a5cc   0x00000139   Data   RO        11825    .constdata          fal_partition.o
    0x0801a705   0x0801a705   0x00000019   Data   RO        11909    .constdata          fdb.o
    0x0801a71e   0x0801a71e   0x0000003e   Data   RO        11993    .constdata          fdb_kvdb.o
    0x0801a75c   0x0801a75c   0x0000003e   Data   RO        12241    .constdata          fdb_tsdb.o
    0x0801a79a   0x0801a79a   0x00000023   Data   RO        12384    .constdata          fdb_utils.o
    0x0801a7bd   0x0801a7bd   0x0000000f   Data   RO        12555    .constdata          sfud_port.o
    0x0801a7cc   0x0801a7cc   0x0000035f   Data   RO        12623    .constdata          sfud.o
    0x0801ab2b   0x0801ab2b   0x00000070   Data   RO        12748    .constdata          sfud_sfdp.o
    0x0801ab9b   0x0801ab9b   0x00000001   PAD
    0x0801ab9c   0x0801ab9c   0x00000008   Data   RO        12995    .constdata          c_w.l(_printf_wctomb.o)
    0x0801aba4   0x0801aba4   0x00000028   Data   RO        13022    .constdata          c_w.l(_printf_hex_int_ll_ptr.o)
    0x0801abcc   0x0801abcc   0x00000011   Data   RO        13042    .constdata          c_w.l(__printf_flags_ss_wp.o)
    0x0801abdd   0x0801abdd   0x00000026   Data   RO        13280    .constdata          c_w.l(_printf_fp_hex.o)
    0x0801ac03   0x0801ac03   0x00000001   PAD
    0x0801ac04   0x0801ac04   0x00000094   Data   RO        13296    .constdata          c_w.l(bigflt0.o)
    0x0801ac98   0x0801ac98   0x0000013d   Data   RO         5284    .conststring        mcal_usart_cfg.o
    0x0801add5   0x0801add5   0x00000003   PAD
    0x0801add8   0x0801add8   0x00000094   Data   RO         6196    .conststring        std_logservice.o
    0x0801ae6c   0x0801ae6c   0x000000a7   Data   RO         7942    .conststring        cpvolt.o
    0x0801af13   0x0801af13   0x00000001   PAD
    0x0801af14   0x0801af14   0x00000024   Data   RO        11417    .conststring        yeecomxxx_at_cfg.o
    0x0801af38   0x0801af38   0x0000009c   Data   RO        11418    .conststring        yeecomxxx_at_cfg.o
    0x0801afd4   0x0801afd4   0x00000098   Data   RO        11419    .conststring        yeecomxxx_at_cfg.o
    0x0801b06c   0x0801b06c   0x00000047   Data   RO        11525    .conststring        yeecomxxx_device.o
    0x0801b0b3   0x0801b0b3   0x00000001   PAD
    0x0801b0b4   0x0801b0b4   0x0000001d   Data   RO        11644    .conststring        drv_spi_flash.o
    0x0801b0d1   0x0801b0d1   0x00000003   PAD
    0x0801b0d4   0x0801b0d4   0x0000005a   Data   RO        11728    .conststring        fal_flash.o
    0x0801b12e   0x0801b12e   0x00000002   PAD
    0x0801b130   0x0801b130   0x00000132   Data   RO        11826    .conststring        fal_partition.o
    0x0801b262   0x0801b262   0x00000002   PAD
    0x0801b264   0x0801b264   0x00000093   Data   RO        11910    .conststring        fdb.o
    0x0801b2f7   0x0801b2f7   0x00000001   PAD
    0x0801b2f8   0x0801b2f8   0x0000012f   Data   RO        11994    .conststring        fdb_kvdb.o
    0x0801b427   0x0801b427   0x00000001   PAD
    0x0801b428   0x0801b428   0x00000045   Data   RO        12242    .conststring        fdb_tsdb.o
    0x0801b46d   0x0801b46d   0x00000003   PAD
    0x0801b470   0x0801b470   0x000001b9   Data   RO        12624    .conststring        sfud.o
    0x0801b629   0x0801b629   0x00000003   PAD
    0x0801b62c   0x0801b62c   0x0000039b   Data   RO        12749    .conststring        sfud_sfdp.o
    0x0801b9c7   0x0801b9c7   0x00000001   PAD
    0x0801b9c8   0x0801b9c8   0x0000003f   Data   RO        12803    .conststring        fdbm.o
    0x0801ba07   0x0801ba07   0x00000001   PAD
    0x0801ba08   0x0801ba08   0x00000019   Data   RO        12936    .conststring        flashdb_appm.o
    0x0801ba21   0x0801ba21   0x00000100   Data   RO         6161    .rodata             lib_crc.o
    0x0801bb21   0x0801bb21   0x00000003   PAD
    0x0801bb24   0x0801bb24   0x00000020   Data   RO        13469    Region$$Table       anon$$obj.o
    0x0801bb44   0x0801bb44   0x00000110   Data   RO        13286    locale$$data        c_w.l(lc_ctype_c.o)
    0x0801bc54   0x0801bc54   0x0000001c   Data   RO        13320    locale$$data        c_w.l(lc_numeric_c.o)


    Execution Region ER_RW (Exec base: 0x20000000, Load base: 0x0801bc70, Size: 0x00000610, Max: 0xffffffff, ABSOLUTE, COMPRESSED[0x000001f0])

    Exec Addr    Load Addr    Size         Type   Attr      Idx    E Section Name        Object

    0x20000000   COMPRESSED   0x00000004   Data   RW          405    .data               system_stm32f1xx.o
    0x20000004   COMPRESSED   0x00000018   Data   RW          442    .data               main.o
    0x2000001c   COMPRESSED   0x0000000c   Data   RW         2295    .data               stm32f1xx_hal.o
    0x20000028   COMPRESSED   0x000000bc   Data   RW         4539    .data               mcal_adc_cfg.o
    0x200000e4   COMPRESSED   0x00000034   Data   RW         4862    .data               mcal_gptime_cfg.o
    0x20000118   COMPRESSED   0x00000008   Data   RW         5050    .data               mcal_systick.o
    0x20000120   COMPRESSED   0x00000030   Data   RW         5544    .data               scheduletable.o
    0x20000150   COMPRESSED   0x00000002   Data   RW         5744    .data               std_sysm.o
    0x20000152   COMPRESSED   0x00000002   PAD
    0x20000154   COMPRESSED   0x00000010   Data   RW         6197    .data               std_logservice.o
    0x20000164   COMPRESSED   0x000001b0   Data   RW         6318    .data               mcal_can_cfg.o
    0x20000314   COMPRESSED   0x00000004   Data   RW         6417    .data               can.o
    0x20000318   COMPRESSED   0x00000024   Data   RW         6642    .data               ccp.o
    0x2000033c   COMPRESSED   0x00000001   Data   RW         6799    .data               ccp_daq_tx_queue.o
    0x2000033d   COMPRESSED   0x00000003   PAD
    0x20000340   COMPRESSED   0x00000038   Data   RW         6855    .data               ex_fun.o
    0x20000378   COMPRESSED   0x00000003   Data   RW         7052    .data               std_evsem.o
    0x2000037b   COMPRESSED   0x0000000e   Data   RW         7156    .data               canm_evsem.o
    0x20000389   COMPRESSED   0x00000002   Data   RW         7211    .data               canm_rte.o
    0x2000038b   COMPRESSED   0x00000005   PAD
    0x20000390   COMPRESSED   0x00000028   Data   RW         7593    .data               rt_nonfinite.o
    0x200003b8   COMPRESSED   0x00000014   Data   RW         7699    .data               cpdrvif.o
    0x200003cc   COMPRESSED   0x00000006   Data   RW         7943    .data               cpvolt.o
    0x200003d2   COMPRESSED   0x00000004   Data   RW         8396    .data               switchm.o
    0x200003d6   COMPRESSED   0x00000002   Data   RW         8630    .data               btrctr.o
    0x200003d8   COMPRESSED   0x00000001   Data   RW         8696    .data               btrdrvif.o
    0x200003d9   COMPRESSED   0x00000003   PAD
    0x200003dc   COMPRESSED   0x00000048   Data   RW         9548    .data               tasks.o
    0x20000424   COMPRESSED   0x00000014   Data   RW         9981    .data               timers.o
    0x20000438   COMPRESSED   0x0000001c   Data   RW        10148    .data               heap_4.o
    0x20000454   COMPRESSED   0x0000000c   Data   RW        10218    .data               port.o
    0x20000460   COMPRESSED   0x00000008   Data   RW        10430    .data               apptask_coreprinttask.o
    0x20000468   COMPRESSED   0x00000001   Data   RW        10743    .data               fanm.o
    0x20000469   COMPRESSED   0x00000001   PAD
    0x2000046a   COMPRESSED   0x00000006   Data   RW        10839    .data               fanm_drv.o
    0x20000470   COMPRESSED   0x00000018   Data   RW        11173    .data               at_parser.o
    0x20000488   COMPRESSED   0x00000074   Data   RW        11645    .data               drv_spi_flash.o
    0x200004fc   COMPRESSED   0x00000001   Data   RW        11690    .data               fal.o
    0x200004fd   COMPRESSED   0x00000001   Data   RW        11729    .data               fal_flash.o
    0x200004fe   COMPRESSED   0x00000002   PAD
    0x20000500   COMPRESSED   0x0000003c   Data   RW        11769    .data               fal_flash_sfud_port.o
    0x2000053c   COMPRESSED   0x00000014   Data   RW        11827    .data               fal_partition.o
    0x20000550   COMPRESSED   0x00000001   Data   RW        11911    .data               fdb.o
    0x20000551   COMPRESSED   0x00000003   PAD
    0x20000554   COMPRESSED   0x00000014   Data   RW        12556    .data               sfud_port.o
    0x20000568   COMPRESSED   0x00000004   Data   RW        12804    .data               fdbm.o
    0x2000056c   COMPRESSED   0x00000028   Data   RW        12805    .data               fdbm.o
    0x20000594   COMPRESSED   0x00000038   Data   RW        12806    .data               fdbm.o
    0x200005cc   COMPRESSED   0x00000001   Data   RW        12937    .data               flashdb_appm.o
    0x200005cd   COMPRESSED   0x00000010   Data   RW        12938    .data               flashdb_appm.o
    0x200005dd   COMPRESSED   0x00000003   PAD
    0x200005e0   COMPRESSED   0x00000030   Data   RW        12939    .data               flashdb_appm.o


    Execution Region ER_ZI (Exec base: 0x20000610, Load base: 0x0801be60, Size: 0x0000e858, Max: 0xffffffff, ABSOLUTE)

    Exec Addr    Load Addr    Size         Type   Attr      Idx    E Section Name        Object

    0x20000610        -       0x00001c64   Zero   RW          441    .bss                main.o
    0x20002274        -       0x00000048   Zero   RW          786    .bss                stm32f1xx_hal_timebase_tim.o
    0x200022bc        -       0x00000010   Zero   RW          836    .bss                std_authm.o
    0x200022cc        -       0x00000014   Zero   RW         1172    .bss                std_noauthen.o
    0x200022e0        -       0x0000001c   Zero   RW         4537    .bss                mcal_adc_cfg.o
    0x200022fc        -       0x000000a4   Zero   RW         4649    .bss                adc.o
    0x200023a0        -       0x00000090   Zero   RW         4934    .bss                tim.o
    0x20002430        -       0x00000040   Zero   RW         5282    .bss                mcal_usart_cfg.o
    0x20002470        -       0x00000230   Zero   RW         5380    .bss                usart.o
    0x200026a0        -       0x00000030   Zero   RW         5543    .bss                scheduletable.o
    0x200026d0        -       0x0000004c   Zero   RW         5676    .bss                std_os_timer.o
    0x2000271c        -       0x0000001c   Zero   RW         5743    .bss                std_sysm.o
    0x20002738        -       0x00000140   Zero   RW         5882    .bss                std_cycbuf.o
    0x20002878        -       0x000000fc   Zero   RW         5986    .bss                std_fifo.o
    0x20002974        -       0x00000468   Zero   RW         6316    .bss                mcal_can_cfg.o
    0x20002ddc        -       0x00000050   Zero   RW         6416    .bss                can.o
    0x20002e2c        -       0x000000b0   Zero   RW         6572    .bss                spi.o
    0x20002edc   0x0801be60   0x00000004   PAD
    0x20002ee0        -       0x000011e0   Zero   RW         6637    .bss                ccp.o
    0x200040c0        -       0x00000554   Zero   RW         6798    .bss                ccp_daq_tx_queue.o
    0x20004614        -       0x0000001c   Zero   RW         7050    .bss                std_evsem.o
    0x20004630        -       0x0000000c   Zero   RW         7155    .bss                canm_evsem.o
    0x2000463c        -       0x00000034   Zero   RW         7210    .bss                canm_rte.o
    0x20004670        -       0x000002d8   Zero   RW         7499    .bss                canm_msgm.o
    0x20004948        -       0x00000048   Zero   RW         7761    .bss                cpduty.o
    0x20004990        -       0x00000074   Zero   RW         7941    .bss                cpvolt.o
    0x20004a04        -       0x000000ac   Zero   RW         8031    .bss                std_errorhandler.o
    0x20004ab0        -       0x00000020   Zero   RW         8229    .bss                std_rlyctrl.o
    0x20004ad0        -       0x00000088   Zero   RW         8507    .bss                std_curr.o
    0x20004b58        -       0x0000005c   Zero   RW         8629    .bss                btrctr.o
    0x20004bb4        -       0x000000c0   Zero   RW         8790    .bss                std_volt.o
    0x20004c74        -       0x00000050   Zero   RW         9071    .bss                queue.o
    0x20004cc4        -       0x000007ac   Zero   RW         9547    .bss                tasks.o
    0x20005470        -       0x000000c8   Zero   RW         9980    .bss                timers.o
    0x20005538        -       0x00007800   Zero   RW        10147    .bss                heap_4.o
    0x2000cd38        -       0x0000035c   Zero   RW        10352    .bss                apptask_taskinfo.o
    0x2000d094        -       0x0000000c   Zero   RW        10429    .bss                apptask_coreprinttask.o
    0x2000d0a0        -       0x00000084   Zero   RW        10508    .bss                modbus_cfg.o
    0x2000d124        -       0x00000100   Zero   RW        10509    .bss                modbus_cfg.o
    0x2000d224        -       0x00000084   Zero   RW        10510    .bss                modbus_cfg.o
    0x2000d2a8        -       0x00000100   Zero   RW        10511    .bss                modbus_cfg.o
    0x2000d3a8        -       0x00000030   Zero   RW        10625    .bss                modbusm.o
    0x2000d3d8        -       0x00000050   Zero   RW        10691    .bss                streambuffer.o
    0x2000d428        -       0x00000010   Zero   RW        10741    .bss                fanm.o
    0x2000d438        -       0x000000a0   Zero   RW        10892    .bss                sensor.o
    0x2000d4d8        -       0x000002cc   Zero   RW        11171    .bss                at_parser.o
    0x2000d7a4        -       0x000000f0   Zero   RW        11523    .bss                yeecomxxx_device.o
    0x2000d894        -       0x00000081   Zero   RW        11992    .bss                fdb_kvdb.o
    0x2000d915        -       0x00000105   Zero   RW        12622    .bss                sfud.o
    0x2000da1a   0x0801be60   0x00000002   PAD
    0x2000da1c        -       0x000000e8   Zero   RW        12802    .bss                fdbm.o
    0x2000db04        -       0x00000060   Zero   RW        13251    .bss                c_w.l(libspace.o)
    0x2000db64   0x0801be60   0x00000004   PAD
    0x2000db68        -       0x00000800   Zero   RW         5432    HEAP                startup_stm32f107xc.o
    0x2000e368        -       0x00000b00   Zero   RW         5431    STACK               startup_stm32f107xc.o


==============================================================================

Image component sizes


      Code (inc. data)   RO Data    RW Data    ZI Data      Debug   Object Name

       432         44          0          0        164       2912   adc.o
        46          0          0          0          0       2969   apptask_4gtask.o
       592         50          0          8         12       8970   apptask_coreprinttask.o
        58          0          0          0          0       1770   apptask_maintask.o
       506        278          0          0        860       2491   apptask_taskinfo.o
      3096       1022        106         24        716      22247   at_parser.o
       666        140          0          2         92       6256   btrctr.o
        58         10          0          1          0       1320   btrdrvif.o
        22          0          0          0          0       1540   btrm.o
       456         50          0          4         80       2930   can.o
       430          8          0         14         12       5196   canm_evsem.o
      2524         24          0          0        728      21871   canm_msgm.o
       800         60          0          2         52      16350   canm_rte.o
       788         90          0          0          0      13417   canm_rte_cfg.o
      2382        208         20         36       4576      55117   ccp.o
       224        122         20          0          0       2863   ccp_candrv.o
       260         22          0          1       1364       5013   ccp_daq_tx_queue.o
       210         12          0          0          0       3048   comm.o
       232         24         16         20          0       3192   cpdrvif.o
       576         46          0          0         72       8555   cpduty.o
        62          0          0          0          0       1612   cpm.o
      2310        614        167          6        116      10189   cpvolt.o
       108          4          0          0          0       1022   dma.o
        24          6         29        116          0       9306   drv_spi_flash.o
        40          0          0          0          0       5009   dummy.o
         0          0          0          0          0      44432   event_groups.o
       392          0          0         56          0      12475   ex_fun.o
       220        152          9          1          0        947   fal.o
       396        202        131          1          0       5429   fal_flash.o
       448        228         17         60          0       9886   fal_flash_sfud_port.o
      2088       1136        619         20          0      12878   fal_partition.o
       736        180         86          1         16       6128   fanm.o
       232         78         31          6          0       3769   fanm_drv.o
       914        420        172          1          0       3903   fdb.o
      6230       1372        365          0        129      40280   fdb_kvdb.o
      2220        654        131          0          0      13055   fdb_tsdb.o
       680        196         35          0          0      16906   fdb_utils.o
       260         70         63        100        232      11223   fdbm.o
       628        212         25         65          0       5333   flashdb_appm.o
       222          0          0          0          0       6545   flashdb_wrapper.o
       272         20          0          0          0       3127   gpio.o
       154          0          0          0          0       9544   hal_os_freertos.o
       880        264          0         28      30720       6864   heap_4.o
        44          8        512          0          0       1600   lib_crc.o
       136          0          0          0          0       3558   list.o
       756        446          0         24       7268     660076   main.o
       762        162         57        188         28      10920   mcal_adc_cfg.o
        32          0          0          0          0       1005   mcal_app.o
         4          0          0          0          0        596   mcal_biglittle_endian.o
      1094        350        166        432       1128      10935   mcal_can_cfg.o
         4          0          0          0          0       1004   mcal_dma_cfg.o
        36          0          0          0          0       2759   mcal_gpio_cfg.o
       584        112          0         52          0       6299   mcal_gptime_cfg.o
         2          0          0          0          0        489   mcal_iwdg_cfg.o
       374        202          0          0          0       4886   mcal_mcucore.o
        14          0          0          0          0        532   mcal_spi_cfg.o
       168         10          0          8          0       2188   mcal_systick.o
         2          0          0          0          0       2636   mcal_test.o
       808        136        385          0         64      11435   mcal_usart_cfg.o
         0          0         40          0        776       2528   modbus_cfg.o
        54          0          0          0          0       6976   modbus_hook.o
       742         90         29          0         48       7202   modbusm.o
        26          0          0          0          0       1732   os.o
       998        410          0         12          0      11309   port.o
      2714        564          0          0         80      22311   queue.o
        70          4          0         40          0       4467   rt_nonfinite.o
       240         24          0         48         48       6419   scheduletable.o
       278         28          0          0        160       7396   sensor.o
       120         32          8          0          0       2212   sensor_cfg.o
      4202       1804       1304          0        261      20984   sfud.o
       394        138         15         20          0       7677   sfud_port.o
      2208       1214       1035          0          0      10933   sfud_sfdp.o
       348         38          0          0        176       2718   spi.o
        64         26        336          0       4864        832   startup_stm32f107xc.o
       924        250          0          0         16     606963   std_authm.o
      1380        270          0          0        136      10795   std_curr.o
       600         30          0          0        320       7707   std_cycbuf.o
       160         32          0          0        172       6682   std_errorhandler.o
         0          0        384          0          0       3705   std_errorhandler_cfg.o
      2232        844         24          3         28      11446   std_evsem.o
       196         20          0          0        252       3331   std_fifo.o
         0          0          6          0          0       1849   std_fifo_cfg.o
        56          0          0          0          0       2154   std_filter.o
       170          0          0          0          0       5599   std_lib.o
       412        104        240         16          0       8790   std_logservice.o
       388        140          0          0          0       4897   std_mosdrv.o
        76         10         72          0          0       2156   std_mosdrv_cfg.o
       544        164          0          0         20       4999   std_noauthen.o
       260         14          0          0         76       3669   std_os_timer.o
       900        354          0          0         32       6820   std_rlyctrl.o
        20          0          0          0          0       2750   std_rlym.o
       606        214          0          2         28      12072   std_sysm.o
       576        136          0          0        192       6217   std_volt.o
        64         14          0         12          0       6186   stm32f1xx_hal.o
      1558         66          0          0          0      11853   stm32f1xx_hal_adc.o
       902         30          0          0          0       4678   stm32f1xx_hal_adc_ex.o
      1708          6          0          0          0      16186   stm32f1xx_hal_can.o
       194         24          0          0          0      29109   stm32f1xx_hal_cortex.o
      1236         52          0          0          0       5638   stm32f1xx_hal_dma.o
       496         34          0          0          0       4484   stm32f1xx_hal_gpio.o
        68         10          0          0          0       1058   stm32f1xx_hal_msp.o
      1560         92         30          0          0       6681   stm32f1xx_hal_rcc.o
       660         34         30          0          0       3353   stm32f1xx_hal_rcc_ex.o
      1938          8          0          0          0      11478   stm32f1xx_hal_spi.o
      1852         74          0          0          0      17605   stm32f1xx_hal_tim.o
       204         18          0          0          0       3677   stm32f1xx_hal_tim_ex.o
       152         20          0          0         72       1743   stm32f1xx_hal_timebase_tim.o
      2208         38          0          0          0      19481   stm32f1xx_hal_uart.o
       276        118          0          0          0     712337   stm32f1xx_it.o
      2076        632          0          0          0      49394   stream_buffer.o
       398        158          0          0         80       4607   streambuffer.o
       424         38          0          4          0       6121   switchm.o
       460        168          0          0          0       2944   switchm_cfg.o
         2          0         24          4          0       1383   system_stm32f1xx.o
      7130       1580          0         72       1964      92342   tasks.o
       488         48          0          0        144       3517   tim.o
       912        174          0         20        200      11548   timers.o
       860         76          0          0        560       4677   usart.o
        82          0          0          0          0       5695   wrappers_usart.o
         0          0        804          0          0       2373   yeecomxxx_at_cfg.o
      1208        478        188          0          0      16612   yeecomxxx_callback.o
      1652        458        215          0        240      23614   yeecomxxx_device.o

    ----------------------------------------------------------------------
     91544      20846       8014       1552      59380    3057478   Object Totals
         0          0         32          0          0          0   (incl. Generated)
       124          0         36         22          6          0   (incl. Padding)

    ----------------------------------------------------------------------

      Code (inc. data)   RO Data    RW Data    ZI Data      Debug   Library Member Name

        56          6          0          0          0         88   __2snprintf.o
        90          0          0          0          0          0   __dczerorl2.o
         8          0          0          0          0         68   __main.o
       392          4         17          0          0         92   __printf_flags_ss_wp.o
        14          0          0          0          0         68   __printf_wp.o
         0          0          0          0          0          0   __rtentry.o
        12          0          0          0          0          0   __rtentry2.o
         6          0          0          0          0          0   __rtentry4.o
        52          8          0          0          0          0   __scatter.o
        28          0          0          0          0          0   __scatter_zi.o
        28          0          0          0          0         68   _chval.o
         6          0          0          0          0          0   _printf_a.o
         6          0          0          0          0          0   _printf_c.o
        44          0          0          0          0        108   _printf_char.o
        48          6          0          0          0         96   _printf_char_common.o
        40          0          0          0          0         68   _printf_charcount.o
         6          0          0          0          0          0   _printf_d.o
       120         16          0          0          0         92   _printf_dec.o
         6          0          0          0          0          0   _printf_e.o
         6          0          0          0          0          0   _printf_f.o
      1054          0          0          0          0        216   _printf_fp_dec.o
       764          8         38          0          0        100   _printf_fp_hex.o
       128         16          0          0          0         84   _printf_fp_infnan.o
         6          0          0          0          0          0   _printf_g.o
       148          4         40          0          0        160   _printf_hex_int_ll_ptr.o
         6          0          0          0          0          0   _printf_i.o
       178          0          0          0          0         88   _printf_intcommon.o
        10          0          0          0          0          0   _printf_l.o
         6          0          0          0          0          0   _printf_lc.o
        10          0          0          0          0          0   _printf_ll.o
         6          0          0          0          0          0   _printf_lld.o
         6          0          0          0          0          0   _printf_lli.o
         6          0          0          0          0          0   _printf_llo.o
         6          0          0          0          0          0   _printf_llu.o
         6          0          0          0          0          0   _printf_llx.o
       124         16          0          0          0         92   _printf_longlong_dec.o
         6          0          0          0          0          0   _printf_ls.o
         6          0          0          0          0          0   _printf_n.o
         6          0          0          0          0          0   _printf_o.o
       112         10          0          0          0        124   _printf_oct_int_ll.o
         6          0          0          0          0          0   _printf_p.o
        78          0          0          0          0        108   _printf_pad.o
         0          0          0          0          0          0   _printf_percent.o
         4          0          0          0          0          0   _printf_percent_end.o
         6          0          0          0          0          0   _printf_s.o
        82          0          0          0          0         80   _printf_str.o
        36          0          0          0          0         84   _printf_truncate.o
         6          0          0          0          0          0   _printf_u.o
        44          0          0          0          0        108   _printf_wchar.o
       188          6          8          0          0         92   _printf_wctomb.o
         6          0          0          0          0          0   _printf_x.o
        22          0          0          0          0        100   _rserrno.o
        16          0          0          0          0         68   _snputc.o
        10          0          0          0          0         68   _sputc.o
       158          0          0          0          0         92   _strtoul.o
        64          0          0          0          0         92   _wcrtomb.o
        16          0          0          0          0         68   aeabi_memset.o
       228          4        148          0          0         96   bigflt0.o
      1936        128          0          0          0        672   btod.o
        18          0          0          0          0         80   exit.o
         6          0          0          0          0        152   heapauxi.o
         0          0          0          0          0          0   indicate_semi.o
        44         10        272          0          0         76   lc_ctype_c.o
        44         10         28          0          0         76   lc_numeric_c.o
         2          0          0          0          0          0   libinit.o
        30          0          0          0          0          0   libinit2.o
         2          0          0          0          0          0   libshutdown.o
         2          0          0          0          0          0   libshutdown2.o
         8          4          0          0         96         68   libspace.o
        38          0          0          0          0         68   llshl.o
       138          0          0          0          0         80   lludiv10.o
       238          0          0          0          0        100   lludivv7m.o
        38          0          0          0          0         68   llushr.o
        88          0          0          0          0         76   memcmp.o
        22          0          0          0          0         76   memset.o
        16          4          0          0          0         76   rt_ctype_table.o
         8          4          0          0          0         68   rt_errno_addr_intlibspace.o
         8          4          0          0          0         68   rt_locale_intlibspace.o
        68          0          0          0          0         68   rt_memclr.o
        78          0          0          0          0         80   rt_memclr_w.o
       138          0          0          0          0         68   rt_memcpy_v6.o
       100          0          0          0          0         80   rt_memcpy_w.o
       132          0          0          0          0         68   rt_memmove_v6.o
       122          0          0          0          0         80   rt_memmove_w.o
         2          0          0          0          0          0   rtexit.o
        10          0          0          0          0          0   rtexit2.o
       128          0          0          0          0         68   strcmpv7m.o
        72          0          0          0          0         80   strcpy.o
        62          0          0          0          0         76   strlen.o
       150          0          0          0          0         80   strncmp.o
        86          0          0          0          0         76   strncpy.o
        36          0          0          0          0         80   strstr.o
       112          0          0          0          0         88   strtol.o
        12          4          0          0          0         68   sys_exit.o
        74          0          0          0          0         80   sys_stackheap_outer.o
         2          0          0          0          0         68   use_no_semi.o
        52          4          0          0          0         80   vsnprintf.o
        98          4          0          0          0         92   d2f.o
       826         16          0          0          0        348   daddsub_clz.o
        24          0          0          0          0         68   dcmpi.o
       688        140          0          0          0        208   ddiv.o
       120          4          0          0          0         92   deqf.o
        90          4          0          0          0         92   dfixu.o
        84          0          0          0          0        136   dflt_clz.o
       138          0          0          0          0         84   dfltll_clz.o
       120          4          0          0          0         92   dleqf.o
       340         12          0          0          0        104   dmul.o
       156          4          0          0          0         92   dnaninf.o
       336         12          0          0          0         88   drem_clz.o
        12          0          0          0          0         68   dretinf.o
       108          0          0          0          0         80   drleqf.o
        86          4          0          0          0         84   f2d.o
       430          8          0          0          0        168   faddsub_clz.o
       388         76          0          0          0         96   fdiv.o
        62          4          0          0          0         84   ffixu.o
        38          0          0          0          0         68   fflt_clz.o
       258          4          0          0          0         84   fmul.o
       140          4          0          0          0         84   fnaninf.o
        10          0          0          0          0         68   fretinf.o
         4          0          0          0          0         68   printf1.o
         4          0          0          0          0         68   printf2.o
         0          0          0          0          0          0   usenofp.o
        12          0          0          0          0         68   dunder.o
       220         16          0          0          0         84   floor.o
       148          4          0          0          0         88   fmod.o
        40          0          0          0          0         68   fpclassify.o

    ----------------------------------------------------------------------
     13666        596        552          0        100       8584   Library Totals
        32          0          1          0          4          0   (incl. Padding)

    ----------------------------------------------------------------------

      Code (inc. data)   RO Data    RW Data    ZI Data      Debug   Library Name

      8654        276        551          0         96       5760   c_w.l
      4560        300          0          0          0       2516   fz_ws.l
       420         20          0          0          0        308   m_ws.l

    ----------------------------------------------------------------------
     13666        596        552          0        100       8584   Library Totals

    ----------------------------------------------------------------------

==============================================================================


      Code (inc. data)   RO Data    RW Data    ZI Data      Debug   

    105210      21442       8566       1552      59480    3017386   Grand Totals
    105210      21442       8566        496      59480    3017386   ELF Image Totals (compressed)
    105210      21442       8566        496          0          0   ROM Totals

==============================================================================

    Total RO  Size (Code + RO Data)               113776 ( 111.11kB)
    Total RW  Size (RW Data + ZI Data)             61032 (  59.60kB)
    Total ROM Size (Code + RO Data + RW Data)     114272 ( 111.59kB)

==============================================================================

